\BOOKMARK [1][-]{section.1}{\376\377\000L\000e\000i\000s\000t\000u\000n\000g\000s\000h\000a\000l\000b\000l\000e\000i\000t\000e\000r\000\040\000i\000n\000\040\000d\000e\000r\000\040\000L\000e\000i\000s\000t\000u\000n\000g\000s\000e\000l\000e\000k\000t\000r\000o\000n\000i\000k}{}% 1
\BOOKMARK [2][-]{section*.1}{\376\377\000R\000o\000l\000l\000e\000\040\000d\000e\000r\000\040\000L\000e\000i\000s\000t\000u\000n\000g\000s\000h\000a\000l\000b\000l\000e\000i\000t\000e\000r\000\040\000i\000m\000\040\000E\000n\000e\000r\000g\000i\000e\000s\000y\000s\000t\000e\000m}{section.1}% 2
\BOOKMARK [2][-]{section*.2}{\376\377\000P\000h\000y\000s\000i\000k\000a\000l\000i\000s\000c\000h\000e\000\040\000G\000r\000u\000n\000d\000l\000a\000g\000e\000n\000\040\000d\000e\000r\000\040\000H\000a\000l\000b\000l\000e\000i\000t\000e\000r\000b\000a\000u\000e\000l\000e\000m\000e\000n\000t\000e}{section.1}% 3
\BOOKMARK [2][-]{section*.3}{\376\377\000D\000i\000o\000d\000e\000\040\000a\000l\000s\000\040\000L\000e\000i\000s\000t\000u\000n\000g\000s\000s\000c\000h\000a\000l\000t\000e\000r}{section.1}% 4
\BOOKMARK [2][-]{section*.7}{\376\377\000T\000h\000y\000r\000i\000s\000t\000o\000r\000\040\000\050\000S\000C\000R\000\051}{section.1}% 5
\BOOKMARK [2][-]{section*.10}{\376\377\000L\000e\000i\000s\000t\000u\000n\000g\000s\000-\000M\000O\000S\000F\000E\000T}{section.1}% 6
\BOOKMARK [2][-]{section*.13}{\376\377\000I\000G\000B\000T}{section.1}% 7
\BOOKMARK [2][-]{section*.16}{\376\377\000V\000e\000r\000g\000l\000e\000i\000c\000h\000\040\000d\000e\000r\000\040\000B\000a\000u\000e\000l\000e\000m\000e\000n\000t\000e}{section.1}% 8
\BOOKMARK [2][-]{section*.17}{\376\377\000S\000a\000f\000e\000\040\000O\000p\000e\000r\000a\000t\000i\000n\000g\000\040\000A\000r\000e\000a\000\040\000\050\000S\000O\000A\000\051}{section.1}% 9
\BOOKMARK [2][-]{section*.18}{\376\377\000Z\000u\000s\000a\000m\000m\000e\000n\000f\000a\000s\000s\000u\000n\000g\000\040\000d\000e\000r\000\040\000V\000e\000r\000l\000u\000s\000t\000m\000e\000c\000h\000a\000n\000i\000s\000m\000e\000n}{section.1}% 10
\BOOKMARK [2][-]{section*.19}{\376\377\000V\000e\000r\000e\000i\000n\000f\000a\000c\000h\000t\000e\000\040\000S\000c\000h\000a\000l\000t\000v\000e\000r\000l\000u\000s\000t\000r\000e\000c\000h\000n\000u\000n\000g}{section.1}% 11
\BOOKMARK [2][-]{section*.20}{\376\377\000T\000h\000e\000r\000m\000i\000s\000c\000h\000e\000\040\000W\000i\000d\000e\000r\000s\000t\000a\000n\000d\000s\000k\000e\000t\000t\000e}{section.1}% 12
\BOOKMARK [1][-]{section.2}{\376\377\000Z\000e\000i\000t\000b\000e\000r\000e\000i\000c\000h\000s\000a\000n\000a\000l\000y\000s\000e\000\040\000v\000o\000n\000\040\000R\000-\000L\000-\000L\000a\000s\000t\000e\000n\000\040\000b\000e\000i\000\040\000S\000c\000h\000a\000l\000t\000b\000e\000t\000r\000i\000e\000b}{}% 13
\BOOKMARK [2][-]{section*.21}{\376\377\000G\000r\000u\000n\000d\000s\000c\000h\000a\000l\000t\000u\000n\000g\000\040\000u\000n\000d\000\040\000T\000o\000p\000o\000l\000o\000g\000i\000e\000n}{section.2}% 14
\BOOKMARK [2][-]{section*.24}{\376\377\000D\000i\000f\000f\000e\000r\000e\000n\000t\000i\000a\000l\000g\000l\000e\000i\000c\000h\000u\000n\000g\000e\000n\000\040\000p\000r\000o\000\040\000I\000n\000t\000e\000r\000v\000a\000l\000l}{section.2}% 15
\BOOKMARK [2][-]{section*.27}{\376\377\000L\000\366\000s\000u\000n\000g\000\040\000d\000e\000r\000\040\000E\000i\000n\000s\000c\000h\000a\000l\000t\000p\000h\000a\000s\000e}{section.2}% 16
\BOOKMARK [2][-]{section*.28}{\376\377\000L\000\366\000s\000u\000n\000g\000\040\000d\000e\000r\000\040\000A\000u\000s\000s\000c\000h\000a\000l\000t\000p\000h\000a\000s\000e}{section.2}% 17
\BOOKMARK [2][-]{section*.29}{\376\377\000K\000o\000n\000t\000i\000n\000u\000i\000t\000\344\000t\000s\000b\000e\000d\000i\000n\000g\000u\000n\000g\000e\000n\000\040\000a\000m\000\040\000S\000c\000h\000a\000l\000t\000z\000e\000i\000t\000p\000u\000n\000k\000t}{section.2}% 18
\BOOKMARK [2][-]{section*.30}{\376\377\000S\000t\000a\000t\000i\000o\000n\000\344\000r\000e\000r\000\040\000p\000e\000r\000i\000o\000d\000i\000s\000c\000h\000e\000r\000\040\000B\000e\000t\000r\000i\000e\000b}{section.2}% 19
\BOOKMARK [2][-]{section*.31}{\376\377\000T\000y\000p\000i\000s\000c\000h\000e\000\040\000E\000r\000g\000e\000b\000n\000i\000s\000g\000r\000\366\000s\000s\000e\000n}{section.2}% 20
\BOOKMARK [2][-]{section*.36}{\376\377\000Z\000e\000i\000t\000v\000e\000r\000l\000\344\000u\000f\000e\000\040\000\050\000q\000u\000a\000l\000i\000t\000a\000t\000i\000v\000\051}{section.2}% 21
\BOOKMARK [2][-]{section*.37}{\376\377\000A\000l\000l\000g\000e\000m\000e\000i\000n\000e\000r\000\040\000R\040\023\000L\040\023\000C\000-\000Z\000w\000e\000i\000g\000\040\000i\000m\000\040\000Z\000e\000i\000t\000b\000e\000r\000e\000i\000c\000h}{section.2}% 22
\BOOKMARK [2][-]{section*.38}{\376\377\000E\000i\000n\000f\000l\000u\000s\000s\000\040\000d\000e\000r\000\040\000P\000a\000r\000a\000m\000e\000t\000e\000r}{section.2}% 23
\BOOKMARK [2][-]{section*.42}{\376\377\000T\000y\000p\000i\000s\000c\000h\000e\000\040\000F\000e\000h\000l\000e\000r\000q\000u\000e\000l\000l\000e\000n}{section.2}% 24
\BOOKMARK [2][-]{section*.43}{\376\377\000S\000t\000a\000n\000d\000a\000r\000d\000-\000V\000o\000r\000g\000e\000h\000e\000n\000\040\000f\000\374\000r\000\040\000P\000r\000\374\000f\000u\000n\000g\000s\000a\000u\000f\000g\000a\000b\000e\000n}{section.2}% 25
\BOOKMARK [1][-]{section.3}{\376\377\000M\000i\000t\000t\000e\000l\000w\000e\000r\000t\000,\000\040\000E\000f\000f\000e\000k\000t\000i\000v\000w\000e\000r\000t\000\040\000u\000n\000d\000\040\000L\000e\000i\000s\000t\000u\000n\000g}{}% 26
\BOOKMARK [2][-]{section*.44}{\376\377\000G\000r\000u\000n\000d\000l\000a\000g\000e\000n\000:\000\040\000P\000e\000r\000i\000o\000d\000i\000s\000c\000h\000e\000\040\000S\000i\000g\000n\000a\000l\000e}{section.3}% 27
\BOOKMARK [2][-]{section*.45}{\376\377\000Z\000e\000i\000t\000m\000i\000t\000t\000e\000l\000w\000e\000r\000t\000\040\000\050\000G\000l\000e\000i\000c\000h\000w\000e\000r\000t\000,\000\040\000D\000C\000-\000A\000n\000t\000e\000i\000l\000\051}{section.3}% 28
\BOOKMARK [2][-]{section*.48}{\376\377\000E\000f\000f\000e\000k\000t\000i\000v\000w\000e\000r\000t\000\040\000\050\000R\000M\000S\000\051}{section.3}% 29
\BOOKMARK [2][-]{section*.51}{\376\377\000L\000e\000i\000s\000t\000u\000n\000g\000:\000\040\000M\000o\000m\000e\000n\000t\000a\000n\000l\000e\000i\000s\000t\000u\000n\000g\000\040\000u\000n\000d\000\040\000W\000i\000r\000k\000l\000e\000i\000s\000t\000u\000n\000g}{section.3}% 30
\BOOKMARK [2][-]{section*.55}{\376\377\000R\000e\000c\000h\000e\000n\000w\000o\000r\000k\000f\000l\000o\000w\000\040\000f\000\374\000r\000\040\000s\000t\000\374\000c\000k\000w\000e\000i\000s\000e\000\040\000d\000e\000f\000i\000n\000i\000e\000r\000t\000e\000\040\000S\000i\000g\000n\000a\000l\000e}{section.3}% 31
\BOOKMARK [2][-]{section*.56}{\376\377\000Z\000e\000i\000t\000b\000e\000r\000e\000i\000c\000h\000s\000m\000o\000d\000e\000l\000l\000i\000e\000r\000u\000n\000g\000\040\000b\000e\000i\000\040\000S\000c\000h\000a\000l\000t\000b\000e\000t\000r\000i\000e\000b\000\040\000\050\000R\040\023\000L\000,\000\040\000R\040\023\000C\000\051}{section.3}% 32
\BOOKMARK [2][-]{section*.65}{\376\377\000B\000e\000z\000u\000g\000\040\000z\000u\000\040\000F\000o\000u\000r\000i\000e\000r\000-\000R\000e\000i\000h\000e\000n}{section.3}% 33
\BOOKMARK [2][-]{section*.66}{\376\377\000S\000k\000i\000z\000z\000e\000\040\000:\000\040\000L\000e\000i\000s\000t\000u\000n\000g\000\040\000b\000e\000i\000\040\000o\000h\000m\000s\000c\000h\000e\000r\000\040\000L\000a\000s\000t}{section.3}% 34
\BOOKMARK [2][-]{section*.67}{\376\377\000T\000y\000p\000i\000s\000c\000h\000e\000\040\000F\000e\000h\000l\000e\000r\000q\000u\000e\000l\000l\000e\000n}{section.3}% 35
\BOOKMARK [2][-]{section*.68}{\376\377\000M\000i\000n\000i\000m\000a\000l\000-\000C\000h\000e\000c\000k\000l\000i\000s\000t\000e\000\040\000f\000\374\000r\000\040\000A\000u\000f\000g\000a\000b\000e\000n}{section.3}% 36
\BOOKMARK [1][-]{section.4}{\376\377\000B\000u\000c\000k\000-\000,\000\040\000B\000o\000o\000s\000t\000-\000\040\000u\000n\000d\000\040\000B\000u\000c\000k\000-\000B\000o\000o\000s\000t\000-\000C\000o\000n\000v\000e\000r\000t\000e\000r}{}% 37
\BOOKMARK [2][-]{section*.69}{\376\377\000A\000l\000l\000g\000e\000m\000e\000i\000n\000e\000s\000\040\000S\000c\000h\000a\000l\000t\000i\000n\000t\000e\000r\000v\000a\000l\000l\000-\000S\000c\000h\000e\000m\000a}{section.4}% 38
\BOOKMARK [2][-]{section*.70}{\376\377\000A\000l\000l\000g\000e\000m\000e\000i\000n\000e\000s\000\040\000G\000r\000u\000n\000d\000p\000r\000i\000n\000z\000i\000p}{section.4}% 39
\BOOKMARK [2][-]{section*.71}{\376\377\000A\000l\000l\000g\000e\000m\000e\000i\000n\000e\000s\000\040\000S\000c\000h\000a\000l\000t\000i\000n\000t\000e\000r\000v\000a\000l\000l\000-\000S\000c\000h\000e\000m\000a}{section.4}% 40
\BOOKMARK [2][-]{section*.72}{\376\377\000B\000u\000c\000k\000-\000C\000o\000n\000v\000e\000r\000t\000e\000r\000\040\000\050\000A\000b\000w\000\344\000r\000t\000s\000s\000t\000e\000l\000l\000e\000r\000\051}{section.4}% 41
\BOOKMARK [2][-]{section*.73}{\376\377\000B\000o\000o\000s\000t\000-\000C\000o\000n\000v\000e\000r\000t\000e\000r\000\040\000\050\000A\000u\000f\000w\000\344\000r\000t\000s\000s\000t\000e\000l\000l\000e\000r\000\051}{section.4}% 42
\BOOKMARK [2][-]{section*.74}{\376\377\000B\000u\000c\000k\000-\000B\000o\000o\000s\000t\000-\000C\000o\000n\000v\000e\000r\000t\000e\000r}{section.4}% 43
\BOOKMARK [2][-]{section*.75}{\376\377\000V\000e\000r\000g\000l\000e\000i\000c\000h\000\040\000d\000e\000r\000\040\000D\000C\000-\000D\000C\000-\000W\000a\000n\000d\000l\000e\000r}{section.4}% 44
\BOOKMARK [2][-]{section*.76}{\376\377\000A\000l\000l\000g\000e\000m\000e\000i\000n\000e\000s\000\040\000L\000\366\000s\000u\000n\000g\000s\000s\000c\000h\000e\000m\000a\000\040\000f\000\374\000r\000\040\000P\000r\000\374\000f\000u\000n\000g\000s\000a\000u\000f\000g\000a\000b\000e\000n}{section.4}% 45
\BOOKMARK [2][-]{section*.77}{\376\377\000A\000b\000g\000r\000e\000n\000z\000u\000n\000g\000\040\000z\000u\000\040\000k\000l\000a\000s\000s\000i\000s\000c\000h\000e\000n\000\040\000G\000l\000e\000i\000c\000h\000s\000t\000r\000o\000m\000s\000t\000e\000l\000l\000e\000r\000n}{section.4}% 46
\BOOKMARK [1][-]{section.5}{\376\377\000E\000i\000n\000f\000\374\000h\000r\000u\000n\000g\000\040\000i\000n\000\040\000G\000l\000e\000i\000c\000h\000r\000i\000c\000h\000t\000e\000r\000\040\000u\000n\000d\000\040\000G\000r\000u\000n\000d\000s\000y\000s\000t\000e\000m\000a\000t\000i\000k}{}% 47
\BOOKMARK [2][-]{section*.78}{\376\377\000S\000y\000s\000t\000e\000m\000a\000t\000i\000k\000\040\000d\000e\000r\000\040\000G\000l\000e\000i\000c\000h\000r\000i\000c\000h\000t\000e\000r\000b\000e\000z\000e\000i\000c\000h\000n\000u\000n\000g\000e\000n}{section.5}% 48
\BOOKMARK [2][-]{section*.79}{\376\377\000G\000r\000u\000n\000d\000k\000l\000a\000s\000s\000i\000f\000i\000k\000a\000t\000i\000o\000n\000\040\000d\000e\000r\000\040\000G\000l\000e\000i\000c\000h\000r\000i\000c\000h\000t\000e\000r}{section.5}% 49
\BOOKMARK [2][-]{section*.80}{\376\377\000E\000i\000n\000f\000l\000u\000s\000s\000\040\000v\000o\000n\000\040\000I\000n\000d\000u\000k\000t\000i\000v\000i\000t\000\344\000t\000\040\000u\000n\000d\000\040\000K\000a\000p\000a\000z\000i\000t\000\344\000t\000\040\000a\000u\000f\000\040\000d\000e\000n\000\040\000B\000e\000t\000r\000i\000e\000b}{section.5}% 50
\BOOKMARK [2][-]{section*.84}{\376\377\000Z\000i\000e\000l\000\040\000d\000e\000r\000\040\000f\000o\000l\000g\000e\000n\000d\000e\000n\000\040\000K\000a\000p\000i\000t\000e\000l}{section.5}% 51
\BOOKMARK [2][-]{section*.85}{\376\377\000M\0001\000U\000:\000\040\000U\000n\000g\000e\000s\000t\000e\000u\000e\000r\000t\000e\000r\000\040\000E\000i\000n\000p\000u\000l\000s\000-\000G\000l\000e\000i\000c\000h\000r\000i\000c\000h\000t\000e\000r}{section.5}% 52
\BOOKMARK [2][-]{section*.86}{\376\377\000M\0001\000C\000:\000\040\000G\000e\000s\000t\000e\000u\000e\000r\000t\000e\000r\000\040\000E\000i\000n\000p\000u\000l\000s\000-\000G\000l\000e\000i\000c\000h\000r\000i\000c\000h\000t\000e\000r}{section.5}% 53
\BOOKMARK [2][-]{section*.87}{\376\377\000B\0002\000U\000:\000\040\000U\000n\000g\000e\000s\000t\000e\000u\000e\000r\000t\000e\000r\000\040\000Z\000w\000e\000i\000p\000u\000l\000s\000-\000G\000l\000e\000i\000c\000h\000r\000i\000c\000h\000t\000e\000r}{section.5}% 54
\BOOKMARK [2][-]{section*.88}{\376\377\000B\0002\000C\000:\000\040\000G\000e\000s\000t\000e\000u\000e\000r\000t\000e\000r\000\040\000Z\000w\000e\000i\000p\000u\000l\000s\000-\000G\000l\000e\000i\000c\000h\000r\000i\000c\000h\000t\000e\000r}{section.5}% 55
\BOOKMARK [2][-]{section*.89}{\376\377\000B\0006\000U\000:\000\040\000U\000n\000g\000e\000s\000t\000e\000u\000e\000r\000t\000e\000r\000\040\000D\000r\000e\000i\000p\000h\000a\000s\000e\000n\000-\000B\000r\000\374\000c\000k\000e\000n\000g\000l\000e\000i\000c\000h\000r\000i\000c\000h\000t\000e\000r}{section.5}% 56
\BOOKMARK [2][-]{section*.90}{\376\377\000B\0006\000C\000:\000\040\000G\000e\000s\000t\000e\000u\000e\000r\000t\000e\000r\000\040\000D\000r\000e\000i\000p\000h\000a\000s\000e\000n\000-\000B\000r\000\374\000c\000k\000e\000n\000g\000l\000e\000i\000c\000h\000r\000i\000c\000h\000t\000e\000r}{section.5}% 57
\BOOKMARK [1][-]{section.6}{\376\377\000W\000e\000c\000h\000s\000e\000l\000s\000t\000r\000o\000m\000s\000c\000h\000a\000l\000t\000e\000r\000,\000\040\000W\000e\000c\000h\000s\000e\000l\000s\000t\000r\000o\000m\000s\000t\000e\000l\000l\000e\000r\000\040\000u\000n\000d\000\040\000G\000l\000e\000i\000c\000h\000s\000t\000r\000o\000m\000s\000t\000e\000l\000l\000e\000r}{}% 58
\BOOKMARK [2][-]{section*.91}{\376\377\000W\000e\000c\000h\000s\000e\000l\000s\000t\000r\000o\000m\000s\000c\000h\000a\000l\000t\000e\000r}{section.6}% 59
\BOOKMARK [2][-]{section*.92}{\376\377\000W\000e\000c\000h\000s\000e\000l\000s\000t\000r\000o\000m\000s\000t\000e\000l\000l\000e\000r\000\040\000\050\000P\000h\000a\000s\000e\000n\000a\000n\000s\000c\000h\000n\000i\000t\000t\000s\000t\000e\000l\000l\000e\000r\000\051}{section.6}% 60
\BOOKMARK [2][-]{section*.93}{\376\377\000G\000l\000e\000i\000c\000h\000s\000t\000r\000o\000m\000s\000t\000e\000l\000l\000e\000r\000\040\000\050\000C\000h\000o\000p\000p\000e\000r\000\051}{section.6}% 61
\BOOKMARK [2][-]{section*.103}{\376\377\000V\000e\000r\000g\000l\000e\000i\000c\000h\000\040\000A\000C\000-\000S\000t\000e\000l\000l\000e\000r\000\040\040\023\000\040\000D\000C\000-\000S\000t\000e\000l\000l\000e\000r}{section.6}% 62
\BOOKMARK [1][-]{section.7}{\376\377\000G\000l\000e\000i\000c\000h\000s\000t\000r\000o\000m\000m\000a\000s\000c\000h\000i\000n\000e\000\040\000i\000m\000\040\000U\000m\000r\000i\000c\000h\000t\000e\000r\000b\000e\000t\000r\000i\000e\000b}{}% 63
\BOOKMARK [2][-]{section*.105}{\376\377\000G\000r\000u\000n\000d\000a\000u\000f\000b\000a\000u\000\040\000u\000n\000d\000\040\000E\000r\000s\000a\000t\000z\000s\000c\000h\000a\000l\000t\000b\000i\000l\000d}{section.7}% 64
\BOOKMARK [2][-]{section*.107}{\376\377\000M\000a\000s\000c\000h\000i\000n\000e\000n\000k\000o\000n\000s\000t\000a\000n\000t\000e\000n\000\040\000u\000n\000d\000\040\000G\000r\000u\000n\000d\000z\000u\000s\000a\000m\000m\000e\000n\000h\000\344\000n\000g\000e}{section.7}% 65
\BOOKMARK [2][-]{section*.108}{\376\377\000G\000r\000u\000n\000d\000g\000l\000e\000i\000c\000h\000u\000n\000g\000e\000n\000\040\000d\000e\000r\000\040\000G\000l\000e\000i\000c\000h\000s\000t\000r\000o\000m\000m\000a\000s\000c\000h\000i\000n\000e}{section.7}% 66
\BOOKMARK [2][-]{section*.112}{\376\377\000S\000t\000a\000t\000i\000o\000n\000\344\000r\000e\000r\000\040\000B\000e\000t\000r\000i\000e\000b}{section.7}% 67
\BOOKMARK [2][-]{section*.114}{\376\377\000S\000p\000e\000z\000i\000a\000l\000f\000a\000l\000l\000:\000\040\000L\000e\000e\000r\000l\000a\000u\000f\000b\000e\000t\000r\000i\000e\000b}{section.7}% 68
\BOOKMARK [2][-]{section*.115}{\376\377\000S\000p\000e\000z\000i\000a\000l\000f\000a\000l\000l\000:\000\040\000B\000l\000o\000c\000k\000i\000e\000r\000f\000a\000l\000l\000\040\000\050\000g\000e\000s\000p\000e\000r\000r\000t\000e\000r\000\040\000R\000o\000t\000o\000r\000\051}{section.7}% 69
\BOOKMARK [2][-]{section*.116}{\376\377\000M\040\023\000n\000-\000K\000e\000n\000n\000l\000i\000n\000i\000e\000\040\000\050\000D\000r\000e\000h\000m\000o\000m\000e\000n\000t\040\023\000D\000r\000e\000h\000z\000a\000h\000l\000-\000K\000e\000n\000n\000l\000i\000n\000i\000e\000\051}{section.7}% 70
\BOOKMARK [2][-]{section*.119}{\376\377\000D\000y\000n\000a\000m\000i\000s\000c\000h\000e\000s\000\040\000M\000o\000d\000e\000l\000l\000\040\000d\000e\000r\000\040\000G\000l\000e\000i\000c\000h\000s\000t\000r\000o\000m\000m\000a\000s\000c\000h\000i\000n\000e}{section.7}% 71
\BOOKMARK [2][-]{section*.120}{\376\377\000E\000i\000n\000f\000l\000u\000s\000s\000\040\000d\000e\000r\000\040\000A\000n\000k\000e\000r\000s\000p\000a\000n\000n\000u\000n\000g\000\040\000u\000a}{section.7}% 72
\BOOKMARK [2][-]{section*.121}{\376\377\000E\000i\000n\000f\000l\000u\000s\000s\000\040\000d\000e\000s\000\040\000E\000r\000r\000e\000g\000e\000r\000f\000l\000u\000s\000s\000e\000s}{section.7}% 73
\BOOKMARK [2][-]{section*.122}{\376\377\000A\000r\000b\000e\000i\000t\000s\000p\000u\000n\000k\000t\000\040\000u\000n\000d\000\040\000S\000t\000a\000b\000i\000l\000i\000t\000\344\000t}{section.7}% 74
\BOOKMARK [2][-]{section*.124}{\376\377\000B\000e\000t\000r\000i\000e\000b\000\040\000i\000n\000\040\000d\000e\000n\000\040\000v\000i\000e\000r\000\040\000Q\000u\000a\000d\000r\000a\000n\000t\000e\000n}{section.7}% 75
\BOOKMARK [2][-]{section*.125}{\376\377\000Z\000u\000s\000a\000m\000m\000e\000n\000h\000a\000n\000g\000\040\000m\000i\000t\000\040\000U\000m\000r\000i\000c\000h\000t\000e\000r\000\040\000u\000n\000d\000\040\000S\000t\000e\000l\000l\000e\000r}{section.7}% 76
\BOOKMARK [2][-]{section*.128}{\376\377\000S\000c\000h\000n\000e\000l\000l\000e\000n\000t\000s\000c\000h\000e\000i\000d\000u\000n\000g\000s\000h\000i\000l\000f\000e\000n\000\040\000f\000\374\000r\000\040\000d\000i\000e\000\040\000G\000l\000e\000i\000c\000h\000s\000t\000r\000o\000m\000m\000a\000s\000c\000h\000i\000n\000e}{section.7}% 77
\BOOKMARK [2][-]{section*.129}{\376\377\000T\000y\000p\000i\000s\000c\000h\000e\000\040\000M\000e\000r\000k\000s\000\344\000t\000z\000e\000\040\000\050\000P\000r\000\374\000f\000u\000n\000g\000s\000k\000e\000r\000n\000\051}{section.7}% 78
\BOOKMARK [2][-]{section*.130}{\376\377\000T\000y\000p\000i\000s\000c\000h\000e\000\040\000F\000e\000h\000l\000e\000r\000q\000u\000e\000l\000l\000e\000n}{section.7}% 79
\BOOKMARK [2][-]{section*.131}{\376\377\000M\000i\000n\000i\000m\000a\000l\000-\000C\000h\000e\000c\000k\000l\000i\000s\000t\000e\000\040\000f\000\374\000r\000\040\000A\000u\000f\000g\000a\000b\000e\000n}{section.7}% 80
\BOOKMARK [2][-]{section*.132}{\376\377\000A\000l\000l\000g\000e\000m\000e\000i\000n\000e\000\040\000M\000o\000t\000o\000r\000g\000r\000u\000n\000d\000g\000l\000e\000i\000c\000h\000u\000n\000g\000e\000n\000\040\000\050\000\334\000b\000e\000r\000s\000i\000c\000h\000t\000\051}{section.7}% 81
\BOOKMARK [1][-]{section.8}{\376\377\000H\000a\000r\000m\000o\000n\000i\000s\000c\000h\000e\000\040\000u\000n\000d\000\040\000S\000p\000e\000k\000t\000r\000a\000l\000a\000n\000a\000l\000y\000s\000e\000\040\000b\000e\000i\000\040\000U\000m\000r\000i\000c\000h\000t\000e\000r\000n}{}% 82
\BOOKMARK [2][-]{section*.134}{\376\377\000U\000r\000s\000p\000r\000u\000n\000g\000\040\000d\000e\000r\000\040\000H\000a\000r\000m\000o\000n\000i\000s\000c\000h\000e\000n}{section.8}% 83
\BOOKMARK [2][-]{section*.135}{\376\377\000A\000l\000l\000g\000e\000m\000e\000i\000n\000e\000\040\000H\000a\000r\000m\000o\000n\000i\000s\000c\000h\000e\000\040\000u\000n\000d\000\040\000S\000p\000e\000k\000t\000r\000a\000l\000a\000n\000a\000l\000y\000s\000e}{section.8}% 84
\BOOKMARK [2][-]{section*.136}{\376\377\000F\000o\000u\000r\000i\000e\000r\000-\000Z\000e\000r\000l\000e\000g\000u\000n\000g}{section.8}% 85
\BOOKMARK [2][-]{section*.137}{\376\377\000T\000y\000p\000i\000s\000c\000h\000e\000\040\000S\000p\000e\000k\000t\000r\000e\000n\000\040\000b\000e\000i\000\040\000U\000m\000r\000i\000c\000h\000t\000e\000r\000n}{section.8}% 86
\BOOKMARK [2][-]{section*.141}{\376\377\000E\000f\000f\000e\000k\000t\000i\000v\000w\000e\000r\000t\000\040\000u\000n\000d\000\040\000H\000a\000r\000m\000o\000n\000i\000s\000c\000h\000e}{section.8}% 87
\BOOKMARK [2][-]{section*.142}{\376\377\000V\000e\000r\000z\000e\000r\000r\000u\000n\000g\000s\000f\000a\000k\000t\000o\000r\000\040\000u\000n\000d\000\040\000T\000H\000D}{section.8}% 88
\BOOKMARK [2][-]{section*.145}{\376\377\000W\000i\000r\000k\000l\000e\000i\000s\000t\000u\000n\000g\000\040\000u\000n\000d\000\040\000H\000a\000r\000m\000o\000n\000i\000s\000c\000h\000e}{section.8}% 89
\BOOKMARK [2][-]{section*.146}{\376\377\000F\000i\000l\000t\000e\000r\000w\000i\000r\000k\000u\000n\000g\000\040\000d\000e\000r\000\040\000L\000a\000s\000t}{section.8}% 90
\BOOKMARK [2][-]{section*.147}{\376\377\000S\000p\000e\000k\000t\000r\000a\000l\000e\000\040\000B\000e\000w\000e\000r\000t\000u\000n\000g\000\040\000v\000o\000n\000\040\000U\000m\000r\000i\000c\000h\000t\000e\000r\000n}{section.8}% 91
\BOOKMARK [2][-]{section*.148}{\376\377\000T\000y\000p\000i\000s\000c\000h\000e\000\040\000M\000e\000r\000k\000s\000\344\000t\000z\000e\000\040\000\050\000P\000r\000\374\000f\000u\000n\000g\000s\000k\000e\000r\000n\000\051}{section.8}% 92
\BOOKMARK [2][-]{section*.149}{\376\377\000T\000y\000p\000i\000s\000c\000h\000e\000\040\000F\000e\000h\000l\000e\000r\000q\000u\000e\000l\000l\000e\000n}{section.8}% 93
\BOOKMARK [2][-]{section*.150}{\376\377\000M\000i\000n\000i\000m\000a\000l\000-\000C\000h\000e\000c\000k\000l\000i\000s\000t\000e\000\040\000f\000\374\000r\000\040\000A\000u\000f\000g\000a\000b\000e\000n}{section.8}% 94
\BOOKMARK [1][-]{section.9}{\376\377\000P\000W\000M\000-\000G\000r\000u\000n\000d\000l\000a\000g\000e\000n\000\040\000u\000n\000d\000\040\000M\000o\000d\000u\000l\000a\000t\000i\000o\000n}{}% 95
\BOOKMARK [2][-]{section*.152}{\376\377\000G\000r\000u\000n\000d\000i\000d\000e\000e\000\040\000d\000e\000r\000\040\000P\000u\000l\000s\000w\000e\000i\000t\000e\000n\000m\000o\000d\000u\000l\000a\000t\000i\000o\000n}{section.9}% 96
\BOOKMARK [2][-]{section*.153}{\376\377\000M\000o\000d\000u\000l\000a\000t\000i\000o\000n\000s\000g\000r\000a\000d}{section.9}% 97
\BOOKMARK [2][-]{section*.154}{\376\377\000S\000c\000h\000a\000l\000t\000f\000r\000e\000q\000u\000e\000n\000z}{section.9}% 98
\BOOKMARK [2][-]{section*.155}{\376\377\000G\000r\000u\000n\000d\000s\000c\000h\000w\000i\000n\000g\000u\000n\000g\000s\000a\000m\000p\000l\000i\000t\000u\000d\000e\000\040\000b\000e\000i\000\040\000S\000i\000n\000u\000s\000-\000P\000W\000M}{section.9}% 99
\BOOKMARK [2][-]{section*.156}{\376\377\000S\000p\000e\000k\000t\000r\000u\000m\000\040\000d\000e\000r\000\040\000P\000W\000M}{section.9}% 100
\BOOKMARK [1][-]{section.10}{\376\377\000W\000e\000c\000h\000s\000e\000l\000r\000i\000c\000h\000t\000e\000r}{}% 101
\BOOKMARK [2][-]{section*.158}{\376\377\000E\000i\000n\000p\000h\000a\000s\000i\000g\000e\000r\000\040\000W\000e\000c\000h\000s\000e\000l\000r\000i\000c\000h\000t\000e\000r}{section.10}% 102
\BOOKMARK [2][-]{section*.166}{\376\377\000D\000r\000e\000i\000p\000h\000a\000s\000i\000g\000e\000r\000\040\000W\000e\000c\000h\000s\000e\000l\000r\000i\000c\000h\000t\000e\000r}{section.10}% 103
\BOOKMARK [2][-]{section*.171}{\376\377\000V\000e\000r\000g\000l\000e\000i\000c\000h\000\040\000E\000i\000n\000p\000h\000a\000s\000i\000g\000\040\040\023\000\040\000D\000r\000e\000i\000p\000h\000a\000s\000i\000g}{section.10}% 104
\BOOKMARK [2][-]{section*.172}{\376\377\000M\000e\000r\000k\000s\000\344\000t\000z\000e}{section.10}% 105
\BOOKMARK [1][-]{section.11}{\376\377\000D\000i\000r\000e\000k\000t\000u\000m\000r\000i\000c\000h\000t\000e\000r\000\040\000\050\000A\000C\040\023\000A\000C\000-\000U\000m\000r\000i\000c\000h\000t\000e\000r\000\040\000o\000h\000n\000e\000\040\000Z\000w\000i\000s\000c\000h\000e\000n\000k\000r\000e\000i\000s\000\051}{}% 106
\BOOKMARK [2][-]{section*.173}{\376\377\000G\000r\000u\000n\000d\000p\000r\000i\000n\000z\000i\000p\000\040\000d\000e\000r\000\040\000d\000i\000r\000e\000k\000t\000e\000n\000\040\000A\000C\040\023\000A\000C\000-\000W\000a\000n\000d\000l\000u\000n\000g}{section.11}% 107
\BOOKMARK [2][-]{section*.174}{\376\377\000S\000c\000h\000a\000l\000t\000u\000n\000g\000s\000s\000t\000r\000u\000k\000t\000u\000r\000\040\000\050\000M\000a\000t\000r\000i\000x\000u\000m\000r\000i\000c\000h\000t\000e\000r\000\051}{section.11}% 108
\BOOKMARK [2][-]{section*.175}{\376\377\000B\000i\000l\000d\000u\000n\000g\000\040\000d\000e\000r\000\040\000A\000u\000s\000g\000a\000n\000g\000s\000f\000r\000e\000q\000u\000e\000n\000z}{section.11}% 109
\BOOKMARK [2][-]{section*.176}{\376\377\000F\000r\000e\000q\000u\000e\000n\000z\000g\000r\000e\000n\000z\000e\000\040\000d\000e\000s\000\040\000D\000i\000r\000e\000k\000t\000u\000m\000r\000i\000c\000h\000t\000e\000r\000s}{section.11}% 110
\BOOKMARK [2][-]{section*.177}{\376\377\000L\000e\000i\000s\000t\000u\000n\000g\000s\000f\000l\000u\000s\000s\000\040\000u\000n\000d\000\040\000V\000i\000e\000r\000q\000u\000a\000d\000r\000a\000n\000t\000e\000n\000b\000e\000t\000r\000i\000e\000b}{section.11}% 111
\BOOKMARK [2][-]{section*.178}{\376\377\000K\000o\000m\000m\000u\000t\000i\000e\000r\000u\000n\000g\000\040\000a\000l\000s\000\040\000z\000e\000n\000t\000r\000a\000l\000e\000s\000\040\000P\000r\000o\000b\000l\000e\000m}{section.11}% 112
\BOOKMARK [2][-]{section*.179}{\376\377\000A\000u\000s\000g\000a\000n\000g\000s\000s\000t\000r\000\366\000m\000e\000\040\000b\000e\000i\000\040\000R\040\023\000L\000-\000L\000a\000s\000t}{section.11}% 113
\BOOKMARK [2][-]{section*.180}{\376\377\000E\000i\000g\000e\000n\000s\000c\000h\000a\000f\000t\000e\000n\000\040\000u\000n\000d\000\040\000E\000i\000n\000o\000r\000d\000n\000u\000n\000g}{section.11}% 114
\BOOKMARK [2][-]{section*.181}{\376\377\000V\000e\000r\000g\000l\000e\000i\000c\000h\000\040\000D\000i\000r\000e\000k\000t\000u\000m\000r\000i\000c\000h\000t\000e\000r\000\040\040\023\000\040\000Z\000w\000i\000s\000c\000h\000e\000n\000k\000r\000e\000i\000s\000-\000W\000e\000c\000h\000s\000e\000l\000r\000i\000c\000h\000t\000e\000r}{section.11}% 115
\BOOKMARK [2][-]{section*.182}{\376\377\000M\000e\000r\000k\000s\000\344\000t\000z\000e\000\040\000\050\000P\000r\000\374\000f\000u\000n\000g\000s\000k\000e\000r\000n\000\051}{section.11}% 116
\BOOKMARK [1][-]{section.12}{\376\377\000M\000a\000t\000h\000e\000m\000a\000t\000i\000s\000c\000h\000e\000\040\000A\000n\000a\000l\000y\000s\000e\000\040\040\023\000\040\000F\000o\000r\000m\000e\000l\000s\000a\000m\000m\000l\000u\000n\000g}{}% 117
\BOOKMARK [2][-]{section*.183}{\376\377\000G\000r\000u\000n\000d\000l\000e\000g\000e\000n\000d\000e\000\040\000A\000b\000l\000e\000i\000t\000u\000n\000g\000s\000r\000e\000g\000e\000l\000n}{section.12}% 118
\BOOKMARK [2][-]{section*.189}{\376\377\000A\000b\000l\000e\000i\000t\000u\000n\000g\000e\000n\000\040\000t\000r\000i\000g\000o\000n\000o\000m\000e\000t\000r\000i\000s\000c\000h\000e\000r\000\040\000F\000u\000n\000k\000t\000i\000o\000n\000e\000n}{section.12}% 119
\BOOKMARK [2][-]{section*.190}{\376\377\000G\000r\000u\000n\000d\000l\000e\000g\000e\000n\000d\000e\000\040\000I\000n\000t\000e\000g\000r\000a\000l\000r\000e\000g\000e\000l\000n}{section.12}% 120
\BOOKMARK [2][-]{section*.193}{\376\377\000I\000n\000t\000e\000g\000r\000a\000l\000e\000\040\000t\000r\000i\000g\000o\000n\000o\000m\000e\000t\000r\000i\000s\000c\000h\000e\000r\000\040\000F\000u\000n\000k\000t\000i\000o\000n\000e\000n}{section.12}% 121
\BOOKMARK [2][-]{section*.194}{\376\377\000P\000a\000r\000t\000i\000e\000l\000l\000e\000\040\000I\000n\000t\000e\000g\000r\000a\000t\000i\000o\000n}{section.12}% 122
\BOOKMARK [2][-]{section*.195}{\376\377\000S\000u\000b\000s\000t\000i\000t\000u\000t\000i\000o\000n}{section.12}% 123
\BOOKMARK [2][-]{section*.196}{\376\377\000T\000r\000i\000g\000o\000n\000o\000m\000e\000t\000r\000i\000s\000c\000h\000e\000\040\000I\000d\000e\000n\000t\000i\000t\000\344\000t\000e\000n}{section.12}% 124
\BOOKMARK [2][-]{section*.201}{\376\377\000P\000r\000o\000d\000u\000k\000t\040\023\000S\000u\000m\000m\000e\000n\040\023\000F\000o\000r\000m\000e\000l\000n}{section.12}% 125
\BOOKMARK [2][-]{section*.202}{\376\377\000E\000x\000p\000o\000n\000e\000n\000t\000i\000a\000l\000-\000\040\000u\000n\000d\000\040\000E\000u\000l\000e\000r\000-\000F\000o\000r\000m\000e\000l\000n}{section.12}% 126
\BOOKMARK [2][-]{section*.205}{\376\377\000K\000o\000m\000p\000l\000e\000x\000r\000e\000c\000h\000n\000u\000n\000g}{section.12}% 127
\BOOKMARK [2][-]{section*.210}{\376\377\000K\000o\000m\000p\000l\000e\000x\000e\000\040\000W\000e\000c\000h\000s\000e\000l\000s\000t\000r\000o\000m\000r\000e\000c\000h\000n\000u\000n\000g}{section.12}% 128
\BOOKMARK [2][-]{section*.214}{\376\377\000F\000o\000u\000r\000i\000e\000r\000r\000e\000i\000h\000e\000n\000\040\000p\000e\000r\000i\000o\000d\000i\000s\000c\000h\000e\000r\000\040\000F\000u\000n\000k\000t\000i\000o\000n\000e\000n}{section.12}% 129
\BOOKMARK [2][-]{section*.219}{\376\377\000G\000r\000e\000n\000z\000w\000e\000r\000t\000e\000\040\000u\000n\000d\000\040\000R\000e\000i\000h\000e\000n}{section.12}% 130
\BOOKMARK [2][-]{section*.220}{\376\377\000B\000e\000s\000t\000i\000m\000m\000t\000e\000\040\000I\000n\000t\000e\000g\000r\000a\000l\000e\000\040\000\374\000b\000e\000r\000\040\000P\000e\000r\000i\000o\000d\000e\000n}{section.12}% 131
\BOOKMARK [2][-]{section*.221}{\376\377\000L\000a\000p\000l\000a\000c\000e\000-\000T\000r\000a\000n\000s\000f\000o\000r\000m\000a\000t\000i\000o\000n}{section.12}% 132
\BOOKMARK [2][-]{section*.232}{\376\377\000\334\000b\000e\000r\000t\000r\000a\000g\000u\000n\000g\000s\000f\000u\000n\000k\000t\000i\000o\000n\000e\000n\000\040\000u\000n\000d\000\040\000S\000y\000s\000t\000e\000m\000d\000a\000r\000s\000t\000e\000l\000l\000u\000n\000g}{section.12}% 133
\BOOKMARK [2][-]{section*.235}{\376\377\000D\000i\000f\000f\000e\000r\000e\000n\000t\000i\000a\000l\000g\000l\000e\000i\000c\000h\000u\000n\000g\000e\000n\000\040\0001\000.\000\040\000O\000r\000d\000n\000u\000n\000g\000\040\000\050\000R\040\023\000L\000\040\000/\000\040\000R\040\023\000C\000\051}{section.12}% 134
\BOOKMARK [2][-]{section*.239}{\376\377\000D\000i\000f\000f\000e\000r\000e\000n\000t\000i\000a\000l\000g\000l\000e\000i\000c\000h\000u\000n\000g\000e\000n\000\040\0002\000.\000\040\000O\000r\000d\000n\000u\000n\000g\000\040\000\050\000R\000L\000C\000-\000S\000y\000s\000t\000e\000m\000e\000\051}{section.12}% 135
\BOOKMARK [2][-]{section*.247}{\376\377\000K\000o\000n\000z\000e\000p\000t\000i\000o\000n\000e\000l\000l\000e\000s\000\040\000V\000o\000r\000g\000e\000h\000e\000n\000:\000\040\000l\000i\000n\000e\000a\000r\000e\000\040\000D\000i\000f\000f\000e\000r\000e\000n\000t\000i\000a\000l\000g\000l\000e\000i\000c\000h\000u\000n\000g\000e\000n}{section.12}% 136
\BOOKMARK [2][-]{section*.254}{\376\377\000T\000y\000p\000i\000s\000c\000h\000e\000\040\000M\000e\000r\000k\000s\000\344\000t\000z\000e\000\040\000\050\000A\000n\000a\000l\000y\000s\000e\000-\000K\000e\000r\000n\000\051}{section.12}% 137
\BOOKMARK [2][-]{section*.255}{\376\377\000T\000y\000p\000i\000s\000c\000h\000e\000\040\000F\000e\000h\000l\000e\000r\000q\000u\000e\000l\000l\000e\000n}{section.12}% 138
\BOOKMARK [1][-]{section.13}{\376\377\000E\000l\000e\000k\000t\000r\000o\000t\000e\000c\000h\000n\000i\000s\000c\000h\000e\000\040\000G\000r\000u\000n\000d\000l\000a\000g\000e\000n\000\040\040\023\000\040\000F\000o\000r\000m\000e\000l\000s\000a\000m\000m\000l\000u\000n\000g}{}% 139
\BOOKMARK [2][-]{section*.256}{\376\377\000G\000r\000u\000n\000d\000g\000r\000\366\000s\000s\000e\000n\000\040\000u\000n\000d\000\040\000D\000e\000f\000i\000n\000i\000t\000i\000o\000n\000e\000n}{section.13}% 140
\BOOKMARK [2][-]{section*.259}{\376\377\000K\000i\000r\000c\000h\000h\000o\000f\000f\000\040\000u\000n\000d\000\040\000N\000e\000t\000z\000w\000e\000r\000k\000a\000n\000a\000l\000y\000s\000e}{section.13}% 141
\BOOKMARK [2][-]{section*.263}{\376\377\000B\000a\000u\000e\000l\000e\000m\000e\000n\000t\000g\000l\000e\000i\000c\000h\000u\000n\000g\000e\000n\000\040\000\050\000Z\000e\000i\000t\000b\000e\000r\000e\000i\000c\000h\000\051}{section.13}% 142
\BOOKMARK [2][-]{section*.267}{\376\377\000W\000e\000c\000h\000s\000e\000l\000s\000t\000r\000o\000m\000r\000e\000c\000h\000n\000u\000n\000g\000\040\000\050\000S\000i\000n\000u\000s\000,\000\040\000P\000h\000a\000s\000o\000r\000\051}{section.13}% 143
\BOOKMARK [2][-]{section*.272}{\376\377\000N\000i\000c\000h\000t\000s\000i\000n\000u\000s\000f\000\366\000r\000m\000i\000g\000e\000\040\000G\000r\000\366\000s\000s\000e\000n\000\040\000\050\000R\000M\000S\000,\000\040\000M\000i\000t\000t\000e\000l\000w\000e\000r\000t\000\051}{section.13}% 144
\BOOKMARK [2][-]{section*.273}{\376\377\000M\000a\000g\000n\000e\000t\000i\000s\000m\000u\000s\000\040\000u\000n\000d\000\040\000F\000e\000l\000d\000e\000r}{section.13}% 145
\BOOKMARK [2][-]{section*.282}{\376\377\000T\000r\000a\000n\000s\000f\000o\000r\000m\000a\000t\000o\000r\000\040\000\050\000I\000d\000e\000a\000l\000\040\000u\000n\000d\000\040\000N\000\344\000h\000e\000r\000u\000n\000g\000\051}{section.13}% 146
\BOOKMARK [2][-]{section*.285}{\376\377\000D\000r\000e\000h\000s\000t\000r\000o\000m\000\040\000\050\0003\000\040\000\051\000\040\040\023\000\040\000K\000e\000r\000n\000f\000o\000r\000m\000e\000l\000n}{section.13}% 147
\BOOKMARK [2][-]{section*.289}{\376\377\000E\000l\000e\000k\000t\000r\000i\000s\000c\000h\000e\000\040\000M\000a\000s\000c\000h\000i\000n\000e\000n\000\040\040\023\000\040\000B\000a\000s\000i\000s\000f\000o\000r\000m\000e\000l\000n}{section.13}% 148
\BOOKMARK [2][-]{section*.294}{\376\377\000L\000e\000i\000t\000u\000n\000g\000,\000\040\000F\000e\000l\000d\000\040\000u\000n\000d\000\040\000L\000o\000r\000e\000n\000t\000z\000k\000r\000a\000f\000t}{section.13}% 149
\BOOKMARK [2][-]{section*.297}{\376\377\000T\000y\000p\000i\000s\000c\000h\000e\000\040\000M\000e\000r\000k\000s\000\344\000t\000z\000e\000\040\000\050\000E\000T\000-\000K\000e\000r\000n\000\051}{section.13}% 150
\BOOKMARK [2][-]{section*.298}{\376\377\000T\000y\000p\000i\000s\000c\000h\000e\000\040\000F\000e\000h\000l\000e\000r\000q\000u\000e\000l\000l\000e\000n}{section.13}% 151
\BOOKMARK [1][-]{section.14}{\376\377\000\334\000b\000u\000n\000s\000s\000t\000\374\000t\000z\000e\000n}{}% 152
\BOOKMARK [2][-]{section*.299}{\376\377\000\334\000b\000u\000n\000g\000\040\0001\000:\000\040\000Z\000e\000i\000t\000b\000e\000r\000e\000i\000c\000h\000a\000n\000a\000l\000y\000s\000e\000\040\000R\040\023\000L\000\040\000L\000a\000s\000t\000e\000n}{section.14}% 153
\BOOKMARK [2][-]{section*.305}{\376\377\000\334\000b\000u\000n\000g\000\040\0002\000:\000\040\000E\000i\000n\000p\000u\000l\000s\000-\000G\000l\000e\000i\000c\000h\000r\000i\000c\000h\000t\000e\000r\000\040\000M\0001\000U\000\040}{section.14}% 154
\BOOKMARK [2][-]{section*.309}{\376\377\000\334\000b\000u\000n\000g\000\040\0003\000:\000\040\000Z\000w\000e\000i\000p\000u\000l\000s\000-\000G\000l\000e\000i\000c\000h\000r\000i\000c\000h\000t\000e\000r}{section.14}% 155
\BOOKMARK [2][-]{section*.313}{\376\377\000\334\000b\000u\000n\000g\000\040\0004\000:\000\040\000W\000e\000c\000h\000s\000e\000l\000s\000t\000r\000o\000m\000s\000t\000e\000l\000l\000e\000r\000\040\000W\0001\000\040\000\050\000R\000-\000L\000a\000s\000t\000\051}{section.14}% 156
\BOOKMARK [2][-]{section*.319}{\376\377\000\334\000b\000u\000n\000g\000\040\0005\000:\000\040\000G\000l\000e\000i\000c\000h\000s\000t\000r\000o\000m\000s\000t\000e\000l\000l\000e\000r\000\040\000\050\000S\000c\000h\000a\000l\000t\000e\000r\000\051\000\040}{section.14}% 157
\BOOKMARK [2][-]{section*.322}{\376\377\000\334\000b\000u\000n\000g\000\040\0006\000:\000\040\000P\000W\000M\000-\000W\000e\000c\000h\000s\000e\000l\000r\000i\000c\000h\000t\000e\000r\000\040}{section.14}% 158
\BOOKMARK [2][-]{section*.326}{\376\377\000\334\000b\000u\000n\000g\000\040\0007\000:\000\040\000G\000e\000s\000t\000e\000u\000e\000r\000t\000e\000r\000\040\000G\000l\000e\000i\000c\000h\000r\000i\000c\000h\000t\000e\000r\000\040\000+\000\040\000G\000l\000e\000i\000c\000h\000s\000t\000r\000o\000m\000m\000a\000s\000c\000h\000i\000n\000e}{section.14}% 159
\BOOKMARK [1][-]{section.15}{\376\377\000S\000c\000h\000n\000e\000l\000l\000e\000n\000t\000s\000c\000h\000e\000i\000d\000u\000n\000g\000s\000h\000i\000l\000f\000e\000n\000\040\000\050\000P\000r\000\374\000f\000u\000n\000g\000s\000-\000K\000o\000m\000p\000a\000s\000s\000\051}{}% 160
\BOOKMARK [2][-]{section*.330}{\376\377\000A\000l\000l\000g\000e\000m\000e\000i\000n\000e\000\040\000G\000r\000u\000n\000d\000l\000a\000g\000e\000n\000\040\000\050\000R\000,\000\040\000L\000,\000\040\000C\000\051}{section.15}% 161
\BOOKMARK [2][-]{section*.333}{\376\377\000M\000i\000t\000t\000e\000l\000w\000e\000r\000t\000,\000\040\000E\000f\000f\000e\000k\000t\000i\000v\000w\000e\000r\000t\000,\000\040\000L\000e\000i\000s\000t\000u\000n\000g}{section.15}% 162
\BOOKMARK [2][-]{section*.337}{\376\377\000L\000e\000i\000s\000t\000u\000n\000g\000s\000h\000a\000l\000b\000l\000e\000i\000t\000e\000r\000\040\000\050\000D\000i\000o\000d\000e\000,\000\040\000T\000h\000y\000r\000i\000s\000t\000o\000r\000,\000\040\000M\000O\000S\000F\000E\000T\000,\000\040\000I\000G\000B\000T\000\051}{section.15}% 163
\BOOKMARK [2][-]{section*.342}{\376\377\000G\000l\000e\000i\000c\000h\000r\000i\000c\000h\000t\000e\000r\000\040\000\050\000M\0001\000,\000\040\000B\0002\000,\000\040\000B\0006\000\051}{section.15}% 164
\BOOKMARK [2][-]{section*.348}{\376\377\000W\000e\000c\000h\000s\000e\000l\000s\000t\000r\000o\000m\000s\000t\000e\000l\000l\000e\000r\000\040\000\050\000P\000h\000a\000s\000e\000n\000a\000n\000s\000c\000h\000n\000i\000t\000t\000\051}{section.15}% 165
\BOOKMARK [2][-]{section*.349}{\376\377\000G\000l\000e\000i\000c\000h\000s\000t\000r\000o\000m\000s\000t\000e\000l\000l\000e\000r\000\040\000\050\000C\000h\000o\000p\000p\000e\000r\000\051}{section.15}% 166
\BOOKMARK [2][-]{section*.352}{\376\377\000D\000C\000-\000D\000C\000-\000W\000a\000n\000d\000l\000e\000r\000\040\000\050\000B\000u\000c\000k\000,\000\040\000B\000o\000o\000s\000t\000,\000\040\000B\000u\000c\000k\000-\000B\000o\000o\000s\000t\000\051}{section.15}% 167
\BOOKMARK [2][-]{section*.356}{\376\377\000E\000i\000n\000p\000h\000a\000s\000i\000g\000e\000r\000\040\000W\000e\000c\000h\000s\000e\000l\000r\000i\000c\000h\000t\000e\000r}{section.15}% 168
\BOOKMARK [2][-]{section*.357}{\376\377\000D\000r\000e\000i\000p\000h\000a\000s\000i\000g\000e\000r\000\040\000W\000e\000c\000h\000s\000e\000l\000r\000i\000c\000h\000t\000e\000r}{section.15}% 169
\BOOKMARK [2][-]{section*.358}{\376\377\000P\000W\000M\000\040\000\050\000S\000i\000n\000u\000s\000-\000P\000W\000M\000\051\000\040\040\023\000\040\000S\000p\000e\000k\000t\000r\000u\000m\000\040\000u\000n\000d\000\040\000A\000u\000s\000w\000i\000r\000k\000u\000n\000g\000e\000n}{section.15}% 170
\BOOKMARK [2][-]{section*.359}{\376\377\000D\000i\000r\000e\000k\000t\000u\000m\000r\000i\000c\000h\000t\000e\000r}{section.15}% 171
\BOOKMARK [2][-]{section*.360}{\376\377\000G\000l\000e\000i\000c\000h\000s\000t\000r\000o\000m\000m\000a\000s\000c\000h\000i\000n\000e\000\040\000\050\000M\000o\000t\000o\000r\000b\000e\000t\000r\000i\000e\000b\000,\000\040\000A\000n\000l\000a\000u\000f\000,\000\040\000F\000e\000l\000d\000s\000c\000h\000w\000\344\000c\000h\000u\000n\000g\000\051}{section.15}% 172
\BOOKMARK [2][-]{section*.366}{\376\377\000H\000a\000r\000m\000o\000n\000i\000s\000c\000h\000e\000\040\000u\000n\000d\000\040\000S\000p\000e\000k\000t\000r\000a\000l\000a\000n\000a\000l\000y\000s\000e}{section.15}% 173
\BOOKMARK [2][-]{section*.367}{\376\377\000F\000o\000u\000r\000i\000e\000r\000\040\000\050\000s\000c\000h\000n\000e\000l\000l\000e\000\040\000A\000u\000s\000w\000a\000h\000l\000r\000e\000g\000e\000l\000n\000\051}{section.15}% 174
