\BOOKMARK [1][-]{section.1}{\376\377\000S\000o\000C\000-\000G\000r\000u\000n\000d\000l\000a\000g\000e\000n\000\040\000u\000n\000d\000\040\000D\000e\000s\000i\000g\000n\000\040\000F\000l\000o\000w}{}% 1
\BOOKMARK [1][-]{section.2}{\376\377\000S\000o\000C\000\040\000C\000o\000n\000s\000t\000r\000a\000i\000n\000t\000s}{}% 2
\BOOKMARK [2][-]{subsection.2.1}{\376\377\000R\000o\000l\000l\000e\000\040\000v\000o\000n\000\040\000C\000o\000n\000s\000t\000r\000a\000i\000n\000t\000s\000\040\000i\000m\000\040\000S\000o\000C\000-\000D\000e\000s\000i\000g\000n}{section.2}% 3
\BOOKMARK [2][-]{subsection.2.2}{\376\377\000A\000r\000t\000e\000n\000\040\000v\000o\000n\000\040\000C\000o\000n\000s\000t\000r\000a\000i\000n\000t\000s}{section.2}% 4
\BOOKMARK [2][-]{subsection.2.3}{\376\377\000X\000D\000C\000-\000F\000o\000r\000m\000a\000t\000\040\000u\000n\000d\000\040\000C\000o\000n\000s\000t\000r\000a\000i\000n\000t\000-\000O\000r\000g\000a\000n\000i\000s\000a\000t\000i\000o\000n}{section.2}% 5
\BOOKMARK [2][-]{subsection.2.4}{\376\377\000P\000h\000y\000s\000i\000k\000a\000l\000i\000s\000c\000h\000e\000\040\000C\000o\000n\000s\000t\000r\000a\000i\000n\000t\000s}{section.2}% 6
\BOOKMARK [2][-]{subsection.2.5}{\376\377\000T\000i\000m\000i\000n\000g\000-\000G\000r\000u\000n\000d\000l\000a\000g\000e\000n\000\040\000u\000n\000d\000\040\000S\000t\000a\000t\000i\000c\000\040\000T\000i\000m\000i\000n\000g\000\040\000A\000n\000a\000l\000y\000s\000i\000s\000\040\000\050\000S\000T\000A\000\051}{section.2}% 7
\BOOKMARK [2][-]{subsection.2.6}{\376\377\000C\000l\000o\000c\000k\000-\000D\000e\000f\000i\000n\000i\000t\000i\000o\000n}{section.2}% 8
\BOOKMARK [2][-]{subsection.2.7}{\376\377\000I\000n\000p\000u\000t\000-\000D\000e\000l\000a\000y\000-\000C\000o\000n\000s\000t\000r\000a\000i\000n\000t\000s}{section.2}% 9
\BOOKMARK [2][-]{subsection.2.8}{\376\377\000O\000u\000t\000p\000u\000t\000-\000D\000e\000l\000a\000y\000-\000C\000o\000n\000s\000t\000r\000a\000i\000n\000t\000s}{section.2}% 10
\BOOKMARK [2][-]{subsection.2.9}{\376\377\000W\000i\000r\000k\000u\000n\000g\000\040\000v\000o\000n\000\040\000C\000o\000n\000s\000t\000r\000a\000i\000n\000t\000s}{section.2}% 11
\BOOKMARK [1][-]{section.3}{\376\377\000y\000e\000l\000l\000o\000w\000!\0002\0005\000S\000y\000s\000t\000e\000m\000\040\000L\000e\000v\000e\000l\000\040\000V\000H\000D\000L\000\040\000u\000n\000d\000\040\000I\000P\000-\000y\000e\000l\000l\000o\000w\000!\0002\0005\000W\000i\000e\000d\000e\000r\000v\000e\000r\000w\000e\000n\000d\000u\000n\000g}{}% 12
\BOOKMARK [2][-]{subsection.3.1}{\376\377\000Z\000i\000e\000l\000s\000e\000t\000z\000u\000n\000g\000\040\000v\000o\000n\000\040\000S\000y\000s\000t\000e\000m\000\040\000L\000e\000v\000e\000l\000\040\000V\000H\000D\000L}{section.3}% 13
\BOOKMARK [2][-]{subsection.3.2}{\376\377\000G\000r\000u\000n\000d\000p\000r\000i\000n\000z\000i\000p\000i\000e\000n\000\040\000d\000e\000r\000\040\000W\000i\000e\000d\000e\000r\000v\000e\000r\000w\000e\000n\000d\000u\000n\000g}{section.3}% 14
\BOOKMARK [2][-]{subsection.3.3}{\376\377\000A\000l\000i\000a\000s\000,\000\040\000K\000o\000n\000s\000t\000a\000n\000t\000e\000n\000\040\000u\000n\000d\000\040\000G\000e\000n\000e\000r\000i\000c\000s}{section.3}% 15
\BOOKMARK [2][-]{subsection.3.4}{\376\377\000G\000e\000n\000e\000r\000a\000t\000e\000-\000K\000o\000n\000s\000t\000r\000u\000k\000t\000e}{section.3}% 16
\BOOKMARK [2][-]{subsection.3.5}{\376\377\000F\000u\000n\000k\000t\000i\000o\000n\000e\000n\000\040\000i\000n\000\040\000V\000H\000D\000L}{section.3}% 17
\BOOKMARK [2][-]{subsection.3.6}{\376\377\000P\000r\000o\000z\000e\000d\000u\000r\000e\000n\000\040\000i\000n\000\040\000V\000H\000D\000L}{section.3}% 18
\BOOKMARK [2][-]{subsection.3.7}{\376\377\000A\000r\000r\000a\000y\000s\000\040\000u\000n\000d\000\040\000R\000e\000c\000o\000r\000d\000s}{section.3}% 19
\BOOKMARK [2][-]{subsection.3.8}{\376\377\000P\000a\000c\000k\000a\000g\000e\000s}{section.3}% 20
\BOOKMARK [2][-]{subsection.3.9}{\376\377\000S\000y\000s\000t\000e\000m\000-\000L\000e\000v\000e\000l\000-\000D\000e\000s\000i\000g\000n\000w\000i\000r\000k\000u\000n\000g}{section.3}% 21
\BOOKMARK [1][-]{section.4}{\376\377\000y\000e\000l\000l\000o\000w\000!\0002\0005\000F\000i\000x\000e\000d\000\040\000P\000o\000i\000n\000t\000\040\000A\000r\000i\000t\000h\000m\000e\000t\000i\000c}{}% 22
\BOOKMARK [2][-]{subsection.4.1}{\376\377\000M\000o\000t\000i\000v\000a\000t\000i\000o\000n\000\040\000u\000n\000d\000\040\000P\000r\000o\000b\000l\000e\000m\000s\000t\000e\000l\000l\000u\000n\000g}{section.4}% 23
\BOOKMARK [2][-]{subsection.4.2}{\376\377\000F\000i\000x\000e\000d\000-\000P\000o\000i\000n\000t\000\040\000F\000o\000r\000m\000a\000t\000e\000\040\000u\000n\000d\000\040\000B\000i\000t\000w\000a\000c\000h\000s\000t\000u\000m\000\040\000\050\000P\000r\000\374\000f\000u\000n\000g\000s\000f\000o\000r\000m\000e\000l\000n\000\051}{section.4}% 24
\BOOKMARK [2][-]{subsection.4.3}{\376\377\000G\000a\000n\000z\000z\000a\000h\000l\000-\000\040\000u\000n\000d\000\040\000Z\000w\000e\000i\000e\000r\000k\000o\000m\000p\000l\000e\000m\000e\000n\000t\000-\000D\000a\000r\000s\000t\000e\000l\000l\000u\000n\000g}{section.4}% 25
\BOOKMARK [2][-]{subsection.4.4}{\376\377\000F\000i\000x\000e\000d\000-\000P\000o\000i\000n\000t\000-\000Z\000a\000h\000l\000e\000n\000d\000a\000r\000s\000t\000e\000l\000l\000u\000n\000g\000\040\000\050\000Q\000n\000.\000m\000\051}{section.4}% 26
\BOOKMARK [2][-]{subsection.4.5}{\376\377\000S\000k\000a\000l\000i\000e\000r\000u\000n\000g\000\040\000u\000n\000d\000\040\000T\000y\000p\000k\000o\000n\000v\000e\000r\000t\000i\000e\000r\000u\000n\000g}{section.4}% 27
\BOOKMARK [2][-]{subsection.4.6}{\376\377\000f\000i\000x\000e\000d\000\137\000p\000k\000g\000\040\000v\000s\000.\000\040\000k\000l\000a\000s\000s\000i\000s\000c\000h\000e\000\040\000U\000m\000s\000e\000t\000z\000u\000n\000g}{section.4}% 28
\BOOKMARK [2][-]{subsection.4.7}{\376\377\000A\000d\000d\000i\000t\000i\000o\000n\000\040\000u\000n\000d\000\040\000S\000u\000b\000t\000r\000a\000k\000t\000i\000o\000n}{section.4}% 29
\BOOKMARK [2][-]{subsection.4.8}{\376\377\000M\000u\000l\000t\000i\000p\000l\000i\000k\000a\000t\000i\000o\000n}{section.4}% 30
\BOOKMARK [2][-]{subsection.4.9}{\376\377\000\334\000b\000e\000r\000l\000a\000u\000f\000,\000\040\000R\000u\000n\000d\000u\000n\000g\000\040\000u\000n\000d\000\040\000S\000\344\000t\000t\000i\000g\000u\000n\000g}{section.4}% 31
\BOOKMARK [2][-]{subsection.4.10}{\376\377\000F\000I\000R\000-\000F\000i\000l\000t\000e\000r\000\040\000\050\000P\000r\000\374\000f\000u\000n\000g\000s\000r\000e\000l\000e\000v\000a\000n\000z\000\051}{section.4}% 32
\BOOKMARK [2][-]{subsection.4.11}{\376\377\000S\000y\000s\000t\000e\000m\000a\000t\000i\000s\000c\000h\000e\000\040\000W\000o\000r\000t\000l\000\344\000n\000g\000e\000n\000p\000l\000a\000n\000u\000n\000g}{section.4}% 33
\BOOKMARK [1][-]{section.5}{\376\377\000C\000u\000s\000t\000o\000m\000\040\000I\000P\000\040\000B\000l\000o\000c\000k\000s\000:\000\040\000M\000e\000m\000o\000r\000y}{}% 34
\BOOKMARK [2][-]{subsection.5.1}{\376\377\000E\000i\000n\000o\000r\000d\000n\000u\000n\000g\000\040\000u\000n\000d\000\040\000Z\000i\000e\000l}{section.5}% 35
\BOOKMARK [2][-]{subsection.5.2}{\376\377\000S\000p\000e\000i\000c\000h\000e\000r\000t\000y\000p\000e\000n}{section.5}% 36
\BOOKMARK [2][-]{subsection.5.3}{\376\377\000S\000p\000e\000i\000c\000h\000e\000r\000o\000r\000g\000a\000n\000i\000s\000a\000t\000i\000o\000n}{section.5}% 37
\BOOKMARK [2][-]{subsection.5.4}{\376\377\000S\000p\000e\000i\000c\000h\000e\000r\000p\000o\000r\000t\000s\000\040\000u\000n\000d\000\040\000Z\000u\000g\000r\000i\000f\000f\000s\000a\000r\000t\000e\000n}{section.5}% 38
\BOOKMARK [2][-]{subsection.5.5}{\376\377\000Z\000u\000g\000r\000i\000f\000f\000s\000m\000o\000d\000i\000\040\000b\000e\000i\000\040\000S\000c\000h\000r\000e\000i\000b\000k\000o\000l\000l\000i\000s\000i\000o\000n\000e\000n}{section.5}% 39
\BOOKMARK [2][-]{subsection.5.6}{\376\377\000D\000i\000s\000t\000r\000i\000b\000u\000t\000e\000d\000\040\000R\000A\000M}{section.5}% 40
\BOOKMARK [2][-]{subsection.5.7}{\376\377\000B\000l\000o\000c\000k\000\040\000R\000A\000M}{section.5}% 41
\BOOKMARK [2][-]{subsection.5.8}{\376\377\000V\000H\000D\000L\000-\000M\000o\000d\000e\000l\000l\000i\000e\000r\000u\000n\000g\000\040\000v\000o\000n\000\040\000R\000A\000M}{section.5}% 42
\BOOKMARK [2][-]{subsection.5.9}{\376\377\000S\000y\000n\000t\000h\000e\000s\000i\000s\000-\000A\000t\000t\000r\000i\000b\000u\000t\000e}{section.5}% 43
\BOOKMARK [2][-]{subsection.5.10}{\376\377\000R\000O\000M\000-\000I\000m\000p\000l\000e\000m\000e\000n\000t\000i\000e\000r\000u\000n\000g}{section.5}% 44
\BOOKMARK [2][-]{subsection.5.11}{\376\377\000S\000p\000e\000i\000c\000h\000e\000r\000i\000n\000i\000t\000i\000a\000l\000i\000s\000i\000e\000r\000u\000n\000g}{section.5}% 45
\BOOKMARK [2][-]{subsection.5.12}{\376\377\000M\000e\000m\000o\000r\000y\000\040\000G\000e\000n\000e\000r\000a\000t\000o\000r\000\040\000I\000P}{section.5}% 46
\BOOKMARK [2][-]{subsection.5.13}{\376\377\000I\000P\000-\000W\000i\000e\000d\000e\000r\000v\000e\000r\000w\000e\000n\000d\000u\000n\000g\000\040\000u\000n\000d\000\040\000I\000n\000t\000e\000g\000r\000a\000t\000i\000o\000n}{section.5}% 47
\BOOKMARK [1][-]{section.6}{\376\377\000S\000e\000r\000i\000a\000l\000\040\000C\000o\000m\000m\000u\000n\000i\000c\000a\000t\000i\000o\000n\000\040\000I\000n\000t\000e\000r\000f\000a\000c\000e\000s}{}% 48
\BOOKMARK [2][-]{subsection.6.1}{\376\377\000S\000e\000r\000i\000e\000l\000l\000e\000\040\000S\000c\000h\000n\000i\000t\000t\000s\000t\000e\000l\000l\000e\000n\000\040\040\023\000\040\000k\000o\000m\000p\000a\000k\000t\000e\000\040\000E\000i\000n\000o\000r\000d\000n\000u\000n\000g}{section.6}% 49
\BOOKMARK [2][-]{subsection.6.2}{\376\377\000S\000P\000I\000\040\040\023\000\040\000S\000e\000r\000i\000a\000l\000\040\000P\000e\000r\000i\000p\000h\000e\000r\000a\000l\000\040\000I\000n\000t\000e\000r\000f\000a\000c\000e}{section.6}% 50
\BOOKMARK [2][-]{subsection.6.3}{\376\377\000S\000P\000I\000-\000H\000a\000r\000d\000w\000a\000r\000e\000s\000t\000r\000u\000k\000t\000u\000r}{section.6}% 51
\BOOKMARK [2][-]{subsection.6.4}{\376\377\000S\000P\000I\000-\000B\000e\000s\000c\000h\000r\000e\000i\000b\000u\000n\000g\000\040\000i\000n\000\040\000V\000H\000D\000L}{section.6}% 52
\BOOKMARK [2][-]{subsection.6.5}{\376\377\000I\0002\000C\000\040\040\023\000\040\000I\000n\000t\000e\000r\000-\000I\000n\000t\000e\000g\000r\000a\000t\000e\000d\000\040\000C\000i\000r\000c\000u\000i\000t}{section.6}% 53
\BOOKMARK [2][-]{subsection.6.6}{\376\377\000I\0002\000C\000\040\000\050\000P\000r\000\374\000f\000u\000n\000g\000s\000r\000e\000l\000e\000v\000a\000n\000z\000\051}{section.6}% 54
\BOOKMARK [2][-]{subsection.6.7}{\376\377\000U\000A\000R\000T\000\040\000\050\000E\000i\000n\000o\000r\000d\000n\000u\000n\000g\000\051}{section.6}% 55
\BOOKMARK [1][-]{section.7}{\376\377\000P\000a\000r\000a\000l\000l\000e\000l\000\040\000O\000n\000-\000C\000h\000i\000p\000\040\000C\000o\000m\000m\000u\000n\000i\000c\000a\000t\000i\000o\000n}{}% 56
\BOOKMARK [2][-]{subsection.7.1}{\376\377\000E\000i\000n\000o\000r\000d\000n\000u\000n\000g\000\040\000p\000a\000r\000a\000l\000l\000e\000l\000e\000r\000\040\000K\000o\000m\000m\000u\000n\000i\000k\000a\000t\000i\000o\000n}{section.7}% 57
\BOOKMARK [2][-]{subsection.7.2}{\376\377\000S\000e\000r\000i\000a\000l\000\040\000v\000s\000.\000\040\000P\000a\000r\000a\000l\000l\000e\000l}{section.7}% 58
\BOOKMARK [2][-]{subsection.7.3}{\376\377\000P\000h\000y\000s\000i\000k\000a\000l\000i\000s\000c\000h\000e\000\040\000G\000r\000e\000n\000z\000e\000n\000\040\000p\000a\000r\000a\000l\000l\000e\000l\000e\000r\000\040\000O\000f\000f\000-\000C\000h\000i\000p\000-\000K\000o\000m\000m\000u\000n\000i\000k\000a\000t\000i\000o\000n}{section.7}% 59
\BOOKMARK [2][-]{subsection.7.4}{\376\377\000V\000o\000r\000t\000e\000i\000l\000e\000\040\000p\000a\000r\000a\000l\000l\000e\000l\000e\000r\000\040\000O\000n\000-\000C\000h\000i\000p\000-\000K\000o\000m\000m\000u\000n\000i\000k\000a\000t\000i\000o\000n}{section.7}% 60
\BOOKMARK [2][-]{subsection.7.5}{\376\377\000G\000r\000u\000n\000d\000s\000t\000r\000u\000k\000t\000u\000r\000\040\000p\000a\000r\000a\000l\000l\000e\000l\000e\000r\000\040\000S\000c\000h\000n\000i\000t\000t\000s\000t\000e\000l\000l\000e\000n}{section.7}% 61
\BOOKMARK [2][-]{subsection.7.6}{\376\377\000A\000X\000I\000\040\000a\000l\000s\000\040\000S\000t\000a\000n\000d\000a\000r\000d\000-\000O\000n\000-\000C\000h\000i\000p\000-\000I\000n\000t\000e\000r\000c\000o\000n\000n\000e\000c\000t}{section.7}% 62
\BOOKMARK [2][-]{subsection.7.7}{\376\377\000A\000X\000I\000-\000A\000r\000c\000h\000i\000t\000e\000k\000t\000u\000r}{section.7}% 63
\BOOKMARK [2][-]{subsection.7.8}{\376\377\000A\000X\000I\000\040\000H\000a\000n\000d\000s\000h\000a\000k\000e\000\040\000\050\000V\000A\000L\000I\000D\000/\000R\000E\000A\000D\000Y\000\051}{section.7}% 64
\BOOKMARK [2][-]{subsection.7.9}{\376\377\000A\000X\000I\000-\000V\000a\000r\000i\000a\000n\000t\000e\000n}{section.7}% 65
\BOOKMARK [2][-]{subsection.7.10}{\376\377\000A\000X\000I\000-\000I\000n\000t\000e\000r\000c\000o\000n\000n\000e\000c\000t\000-\000T\000o\000p\000o\000l\000o\000g\000i\000e\000n}{section.7}% 66
\BOOKMARK [2][-]{subsection.7.11}{\376\377\000A\000X\000I\000\040\000a\000u\000f\000\040\000Z\000y\000n\000q}{section.7}% 67
\BOOKMARK [2][-]{subsection.7.12}{\376\377\000A\000X\000I\0003\000\040\000v\000s\000.\000\040\000A\000X\000I\0004}{section.7}% 68
\BOOKMARK [2][-]{subsection.7.13}{\376\377\000A\000X\000I\000-\000I\000P\000-\000E\000r\000s\000t\000e\000l\000l\000u\000n\000g}{section.7}% 69
\BOOKMARK [2][-]{subsection.7.14}{\376\377\000R\000e\000g\000i\000s\000t\000e\000r\000-\000b\000a\000s\000i\000e\000r\000t\000e\000\040\000K\000o\000m\000m\000u\000n\000i\000k\000a\000t\000i\000o\000n}{section.7}% 70
\BOOKMARK [2][-]{subsection.7.15}{\376\377\000F\000P\000G\000A\040\023\000P\000r\000o\000c\000e\000s\000s\000o\000r\000-\000K\000o\000m\000m\000u\000n\000i\000k\000a\000t\000i\000o\000n}{section.7}% 71
\BOOKMARK [1][-]{section.8}{\376\377\000D\000e\000b\000u\000g\000g\000i\000n\000g\000\040\000a\000n\000d\000\040\000V\000e\000r\000i\000f\000i\000c\000a\000t\000i\000o\000n\000\040\000o\000f\000\040\000S\000o\000C}{}% 72
\BOOKMARK [2][-]{subsection.8.1}{\376\377\000E\000i\000n\000o\000r\000d\000n\000u\000n\000g\000\040\000d\000e\000r\000\040\000V\000e\000r\000i\000f\000i\000k\000a\000t\000i\000o\000n}{section.8}% 73
\BOOKMARK [2][-]{subsection.8.2}{\376\377\000F\000u\000n\000k\000t\000i\000o\000n\000a\000l\000e\000\040\000V\000e\000r\000i\000f\000i\000k\000a\000t\000i\000o\000n}{section.8}% 74
\BOOKMARK [2][-]{subsection.8.3}{\376\377\000E\000x\000h\000a\000u\000s\000t\000i\000v\000e\000\040\000V\000e\000r\000i\000f\000i\000c\000a\000t\000i\000o\000n}{section.8}% 75
\BOOKMARK [2][-]{subsection.8.4}{\376\377\000P\000r\000a\000g\000m\000a\000t\000i\000s\000c\000h\000e\000\040\000V\000e\000r\000i\000f\000i\000k\000a\000t\000i\000o\000n\000s\000s\000t\000r\000a\000t\000e\000g\000i\000e}{section.8}% 76
\BOOKMARK [2][-]{subsection.8.5}{\376\377\000A\000s\000s\000e\000r\000t\000i\000o\000n\000-\000B\000a\000s\000e\000d\000\040\000V\000e\000r\000i\000f\000i\000c\000a\000t\000i\000o\000n}{section.8}% 77
\BOOKMARK [2][-]{subsection.8.6}{\376\377\000T\000e\000s\000t\000f\000\344\000l\000l\000e\000\040\000u\000n\000d\000\040\000S\000t\000i\000m\000u\000l\000i}{section.8}% 78
\BOOKMARK [2][-]{subsection.8.7}{\376\377\000G\000o\000l\000d\000e\000n\000\040\000M\000o\000d\000e\000l}{section.8}% 79
\BOOKMARK [2][-]{subsection.8.8}{\376\377\000T\000e\000s\000t\000-\000B\000e\000n\000c\000h\000-\000O\000r\000g\000a\000n\000i\000s\000a\000t\000i\000o\000n}{section.8}% 80
\BOOKMARK [2][-]{subsection.8.9}{\376\377\000A\000u\000t\000o\000m\000a\000t\000i\000s\000c\000h\000e\000\040\000A\000u\000s\000w\000e\000r\000t\000u\000n\000g}{section.8}% 81
\BOOKMARK [2][-]{subsection.8.10}{\376\377\000F\000i\000l\000e\000-\000b\000a\000s\000i\000e\000r\000t\000e\000\040\000T\000e\000s\000t\000-\000B\000e\000n\000c\000h\000e\000s}{section.8}% 82
\BOOKMARK [2][-]{subsection.8.11}{\376\377\000S\000i\000m\000u\000l\000a\000t\000i\000o\000n\000\040\000u\000n\000d\000\040\000M\000o\000d\000e\000l\000l\000e}{section.8}% 83
\BOOKMARK [2][-]{subsection.8.12}{\376\377\000D\000e\000b\000u\000g\000g\000i\000n\000g\000\040\000i\000n\000\040\000S\000i\000m\000u\000l\000a\000t\000i\000o\000n}{section.8}% 84
\BOOKMARK [2][-]{subsection.8.13}{\376\377\000V\000o\000r\000a\000u\000s\000s\000e\000t\000z\000u\000n\000g\000e\000n\000\040\000z\000u\000m\000\040\000F\000i\000n\000d\000e\000n\000\040\000e\000i\000n\000e\000s\000\040\000F\000e\000h\000l\000e\000r\000s}{section.8}% 85
\BOOKMARK [2][-]{subsection.8.14}{\376\377\000S\000t\000u\000c\000k\000-\000a\000t\000-\000F\000e\000h\000l\000e\000r\000m\000o\000d\000e\000l\000l}{section.8}% 86
\BOOKMARK [2][-]{subsection.8.15}{\376\377\000D\000e\000b\000u\000g\000g\000i\000n\000g\000\040\000i\000n\000\040\000E\000m\000u\000l\000a\000t\000i\000o\000n}{section.8}% 87
\BOOKMARK [2][-]{subsection.8.16}{\376\377\000H\000a\000r\000d\000w\000a\000r\000e\000/\000S\000o\000f\000t\000w\000a\000r\000e\000\040\000C\000o\000-\000D\000e\000b\000u\000g\000g\000i\000n\000g}{section.8}% 88
\BOOKMARK [1][-]{section.9}{\376\377\000E\000x\000a\000m\000\040\000C\000o\000d\000e\000\040\000T\000e\000m\000p\000l\000a\000t\000e\000s}{}% 89
\BOOKMARK [2][-]{subsection.9.1}{\376\377\000X\000D\000C\000:\000\040\000P\000h\000y\000s\000i\000c\000a\000l\000\040\000+\000\040\000T\000i\000m\000i\000n\000g\000\040\000\050\000S\000k\000e\000l\000e\000t\000o\000n\000\051}{section.9}% 90
\BOOKMARK [2][-]{subsection.9.2}{\376\377\000V\000H\000D\000L\000:\000\040\000S\000i\000m\000p\000l\000e\000\040\000D\000u\000a\000l\000\040\000P\000o\000r\000t\000\040\000R\000A\000M\000\040\000\050\000B\000l\000o\000c\000k\000\040\000R\000A\000M\000\040\000i\000n\000f\000e\000r\000e\000n\000c\000e\000\051}{section.9}% 91
\BOOKMARK [2][-]{subsection.9.3}{\376\377\000V\000H\000D\000L\000:\000\040\000I\0002\000C\000\040\000O\000p\000e\000n\000-\000D\000r\000a\000i\000n\000\040\000\050\000o\000n\000e\000\040\000w\000i\000r\000e\000\051}{section.9}% 92
\BOOKMARK [2][-]{subsection.9.4}{\376\377\000V\000H\000D\000L\000:\000\040\000A\000X\000I\0004\000-\000L\000i\000t\000e\000\040\000R\000e\000g\000i\000s\000t\000e\000r\000b\000a\000n\000k\000\040\000\050\000m\000i\000n\000i\000m\000a\000l\000\051}{section.9}% 93
\BOOKMARK [2][-]{subsection.9.5}{\376\377\000E\000x\000a\000m\000\040\000C\000o\000d\000e\000\040\000P\000a\000t\000t\000e\000r\000n\000s\000\040\000\050\000F\000i\000x\000e\000d\000\040\000P\000o\000i\000n\000t\000\040\000\046\000\040\000P\000a\000c\000k\000a\000g\000e\000\051}{section.9}% 94
