\BOOKMARK [1][-]{section.1}{\376\377\000E\000l\000e\000k\000t\000r\000i\000s\000c\000h\000e\000\040\000E\000n\000e\000r\000g\000i\000e\000s\000y\000s\000t\000e\000m\000e\000,\000\040\000E\000n\000e\000r\000g\000i\000e\000f\000o\000r\000m\000e\000n\000\040\000u\000n\000d\000\040\000L\000e\000i\000s\000t\000u\000n\000g\000s\000b\000e\000r\000e\000c\000h\000n\000u\000n\000g}{}% 1
\BOOKMARK [2][-]{section*.1}{\376\377\000G\000r\000u\000n\000d\000l\000a\000g\000e\000n\000:\000\040\000E\000n\000e\000r\000g\000i\000e\000\040\000u\000n\000d\000\040\000L\000e\000i\000s\000t\000u\000n\000g}{section.1}% 2
\BOOKMARK [2][-]{section*.4}{\376\377\000M\000e\000c\000h\000a\000n\000i\000s\000c\000h\000e\000\040\000E\000n\000e\000r\000g\000i\000e\000f\000o\000r\000m\000e\000n}{section.1}% 3
\BOOKMARK [2][-]{section*.9}{\376\377\000T\000h\000e\000r\000m\000i\000s\000c\000h\000e\000\040\000E\000n\000e\000r\000g\000i\000e}{section.1}% 4
\BOOKMARK [2][-]{section*.11}{\376\377\000E\000l\000e\000k\000t\000r\000i\000s\000c\000h\000e\000\040\000E\000n\000e\000r\000g\000i\000e}{section.1}% 5
\BOOKMARK [2][-]{section*.15}{\376\377\000M\000e\000c\000h\000a\000n\000i\000s\000c\000h\000e\000\040\000L\000e\000i\000s\000t\000u\000n\000g}{section.1}% 6
\BOOKMARK [2][-]{section*.18}{\376\377\000H\000y\000d\000r\000a\000u\000l\000i\000s\000c\000h\000e\000\040\000L\000e\000i\000s\000t\000u\000n\000g}{section.1}% 7
\BOOKMARK [2][-]{section*.19}{\376\377\000W\000i\000r\000k\000u\000n\000g\000s\000g\000r\000a\000d}{section.1}% 8
\BOOKMARK [2][-]{section*.20}{\376\377\000D\000r\000e\000h\000s\000t\000r\000o\000m\000l\000e\000i\000s\000t\000u\000n\000g}{section.1}% 9
\BOOKMARK [2][-]{section*.21}{\376\377\000S\000p\000e\000i\000c\000h\000e\000r\000u\000n\000g\000\040\000e\000l\000e\000k\000t\000r\000i\000s\000c\000h\000e\000r\000\040\000E\000n\000e\000r\000g\000i\000e}{section.1}% 10
\BOOKMARK [2][-]{section*.22}{\376\377\000S\000a\000i\000s\000o\000n\000a\000l\000e\000\040\000E\000l\000e\000k\000t\000r\000i\000z\000i\000t\000\344\000t\000s\000b\000i\000l\000a\000n\000z\000\040\000u\000n\000d\000\040\000W\000i\000n\000t\000e\000r\000l\000\374\000c\000k\000e}{section.1}% 11
\BOOKMARK [2][-]{section*.28}{\376\377\000B\000e\000l\000a\000s\000t\000u\000n\000g\000s\000v\000e\000r\000l\000a\000u\000f\000\040\000u\000n\000d\000\040\000E\000r\000z\000e\000u\000g\000u\000n\000g\000s\000s\000t\000r\000u\000k\000t\000u\000r}{section.1}% 12
\BOOKMARK [2][-]{section*.35}{\376\377\000S\000t\000r\000u\000k\000t\000u\000r\000\040\000e\000l\000e\000k\000t\000r\000i\000s\000c\000h\000e\000r\000\040\000E\000n\000e\000r\000g\000i\000e\000s\000y\000s\000t\000e\000m\000e}{section.1}% 13
\BOOKMARK [2][-]{section*.36}{\376\377\000E\000l\000e\000k\000t\000r\000i\000s\000c\000h\000e\000r\000\040\000S\000t\000r\000o\000m\000\040\000a\000l\000s\000\040\000E\000n\000e\000r\000g\000i\000e\000t\000r\000\344\000g\000e\000r}{section.1}% 14
\BOOKMARK [2][-]{section*.39}{\376\377\000E\000n\000e\000r\000g\000i\000e\000w\000i\000r\000t\000s\000c\000h\000a\000f\000t\000l\000i\000c\000h\000e\000\040\000M\000a\000r\000k\000t\000s\000t\000r\000u\000k\000t\000u\000r}{section.1}% 15
\BOOKMARK [2][-]{section*.40}{\376\377\000S\000t\000r\000o\000m\000m\000a\000r\000k\000t\000\040\000u\000n\000d\000\040\000M\000e\000r\000i\000t\000-\000O\000r\000d\000e\000r}{section.1}% 16
\BOOKMARK [2][-]{section*.44}{\376\377\000I\000n\000v\000e\000s\000t\000i\000t\000i\000o\000n\000s\000r\000e\000c\000h\000n\000u\000n\000g}{section.1}% 17
\BOOKMARK [2][-]{section*.45}{\376\377\000K\000o\000s\000t\000e\000n\000s\000t\000r\000u\000k\000t\000u\000r\000\040\000v\000o\000n\000\040\000K\000r\000a\000f\000t\000w\000e\000r\000k\000e\000n}{section.1}% 18
\BOOKMARK [2][-]{section*.46}{\376\377\000Z\000u\000s\000a\000m\000m\000e\000n\000f\000a\000s\000s\000u\000n\000g}{section.1}% 19
\BOOKMARK [1][-]{section.2}{\376\377\000W\000a\000s\000s\000e\000r\000k\000r\000a\000f\000t\000\040\040\023\000\040\000H\000y\000d\000r\000a\000u\000l\000i\000s\000c\000h\000e\000\040\000u\000n\000d\000\040\000e\000n\000e\000r\000g\000e\000t\000i\000s\000c\000h\000e\000\040\000G\000r\000u\000n\000d\000l\000a\000g\000e\000n}{}% 20
\BOOKMARK [2][-]{section*.47}{\376\377\000K\000r\000a\000f\000t\000w\000e\000r\000k\000s\000t\000y\000p\000e\000n\000\040\000u\000n\000d\000\040\000K\000e\000n\000n\000z\000a\000h\000l\000e\000n}{section.2}% 21
\BOOKMARK [2][-]{section*.48}{\376\377\000W\000a\000s\000s\000e\000r\000d\000a\000r\000g\000e\000b\000o\000t\000\040\000u\000n\000d\000\040\000A\000b\000f\000l\000u\000s\000s\000c\000h\000a\000r\000a\000k\000t\000e\000r\000i\000s\000t\000i\000k}{section.2}% 22
\BOOKMARK [2][-]{section*.49}{\376\377\000B\000e\000r\000n\000o\000u\000l\000l\000i\000-\000G\000l\000e\000i\000c\000h\000u\000n\000g}{section.2}% 23
\BOOKMARK [2][-]{section*.50}{\376\377\000H\000y\000d\000r\000a\000u\000l\000i\000s\000c\000h\000e\000\040\000V\000e\000r\000l\000u\000s\000t\000e}{section.2}% 24
\BOOKMARK [2][-]{section*.51}{\376\377\000N\000e\000t\000t\000o\000f\000a\000l\000l\000h\000\366\000h\000e}{section.2}% 25
\BOOKMARK [2][-]{section*.52}{\376\377\000L\000e\000i\000s\000t\000u\000n\000g\000s\000b\000e\000r\000e\000c\000h\000n\000u\000n\000g}{section.2}% 26
\BOOKMARK [2][-]{section*.53}{\376\377\000E\000n\000e\000r\000g\000i\000e\000p\000r\000o\000d\000u\000k\000t\000i\000o\000n}{section.2}% 27
