\BOOKMARK [1][-]{section.1}{\376\377\000W\000o\000z\000u\000\040\000T\000e\000c\000h\000n\000i\000k\000g\000e\000s\000c\000h\000i\000c\000h\000t\000e\000?}{}% 1
\BOOKMARK [2][-]{section*.1}{\376\377\000L\000e\000b\000e\000n\000\040\000i\000n\000\040\000e\000i\000n\000e\000r\000\040\000t\000e\000c\000h\000n\000i\000s\000c\000h\000e\000n\000\040\000K\000u\000l\000t\000u\000r}{section.1}% 2
\BOOKMARK [2][-]{section*.2}{\376\377\000W\000a\000s\000\040\000i\000s\000t\000\040\000G\000e\000g\000e\000n\000s\000t\000a\000n\000d\000\040\000d\000e\000r\000\040\000T\000e\000c\000h\000n\000i\000k\000g\000e\000s\000c\000h\000i\000c\000h\000t\000e\000?}{section.1}% 3
\BOOKMARK [2][-]{section*.3}{\376\377\000W\000e\000c\000h\000s\000e\000l\000w\000i\000r\000k\000u\000n\000g\000e\000n\000\040\000z\000w\000i\000s\000c\000h\000e\000n\000\040\000T\000e\000c\000h\000n\000i\000k\000\040\000u\000n\000d\000\040\000G\000e\000s\000e\000l\000l\000s\000c\000h\000a\000f\000t}{section.1}% 4
\BOOKMARK [2][-]{section*.4}{\376\377\000F\000a\000l\000l\000b\000e\000i\000s\000p\000i\000e\000l\000:\000\040\000B\000a\000u\000\040\000d\000e\000r\000\040\000F\000\374\000r\000s\000t\000e\000n\000l\000a\000n\000d\000b\000r\000\374\000c\000k\000e\000\040\000\050\0001\0009\0003\0007\040\023\0001\0009\0004\0001\000\051}{section.1}% 5
\BOOKMARK [2][-]{section*.5}{\376\377\000T\000e\000c\000h\000n\000i\000k\000g\000e\000s\000c\000h\000i\000c\000h\000t\000e\000\040\000a\000l\000s\000\040\000G\000e\000s\000e\000l\000l\000s\000c\000h\000a\000f\000t\000s\000g\000e\000s\000c\000h\000i\000c\000h\000t\000e}{section.1}% 6
\BOOKMARK [2][-]{section*.6}{\376\377\000M\000e\000t\000h\000o\000d\000i\000s\000c\000h\000e\000s\000\040\000V\000o\000r\000g\000e\000h\000e\000n\000\040\000d\000e\000r\000\040\000G\000e\000s\000c\000h\000i\000c\000h\000t\000s\000w\000i\000s\000s\000e\000n\000s\000c\000h\000a\000f\000t}{section.1}% 7
\BOOKMARK [2][-]{section*.7}{\376\377\000Z\000i\000e\000l\000\040\000d\000e\000s\000\040\000K\000u\000r\000s\000e\000s}{section.1}% 8
\BOOKMARK [2][-]{section*.8}{\376\377\000Z\000u\000s\000a\000m\000m\000e\000n\000f\000a\000s\000s\000u\000n\000g}{section.1}% 9
\BOOKMARK [1][-]{section.2}{\376\377\000W\000i\000e\000\040\000d\000i\000e\000\040\000W\000e\000l\000t\000\040\000i\000n\000\040\000d\000e\000n\000\040\000C\000o\000m\000p\000u\000t\000e\000r\000\040\000k\000a\000m\000\040\040\023\000\040\000N\000a\000r\000r\000a\000t\000i\000v\000e\000\040\000d\000e\000r\000\040\000T\000e\000c\000h\000n\000i\000k\000g\000e\000s\000c\000h\000i\000c\000h\000t\000e}{}% 10
\BOOKMARK [2][-]{section*.9}{\376\377\000E\000i\000n\000f\000\374\000h\000r\000u\000n\000g\000:\000\040\000C\000o\000m\000p\000u\000t\000e\000r\000g\000e\000s\000c\000h\000i\000c\000h\000t\000e\000\040\000a\000l\000s\000\040\000E\000r\000z\000\344\000h\000l\000u\000n\000g}{section.2}% 11
\BOOKMARK [2][-]{section*.10}{\376\377\000E\000t\000a\000p\000p\000e\000n\000\040\000d\000e\000r\000\040\000C\000o\000m\000p\000u\000t\000e\000r\000g\000e\000s\000c\000h\000i\000c\000h\000t\000e}{section.2}% 12
\BOOKMARK [2][-]{section*.11}{\376\377\0001\000.\000\040\000V\000o\000r\000l\000\344\000u\000f\000e\000r\000\040\000b\000i\000s\000\040\0001\0009\0000\0000}{section.2}% 13
\BOOKMARK [2][-]{section*.12}{\376\377\0002\000.\000\040\0001\0009\0003\0000\000e\000r\000\040\000u\000n\000d\000\040\0001\0009\0004\0000\000e\000r\000:\000\040\000M\000i\000l\000i\000t\000\344\000r\000\040\000u\000n\000d\000\040\000W\000i\000s\000s\000e\000n\000s\000c\000h\000a\000f\000t}{section.2}% 14
\BOOKMARK [2][-]{section*.13}{\376\377\0003\000.\000\040\0001\0009\0005\0000\000e\000r\000/\0001\0009\0006\0000\000e\000r\000:\000\040\000K\000o\000m\000m\000e\000r\000z\000i\000e\000l\000l\000e\000\040\000V\000e\000r\000w\000a\000l\000t\000u\000n\000g\000s\000m\000a\000s\000c\000h\000i\000n\000e\000n}{section.2}% 15
\BOOKMARK [2][-]{section*.14}{\376\377\0004\000.\000\040\0001\0009\0007\0000\000e\000r\000/\0001\0009\0008\0000\000e\000r\000:\000\040\000C\000o\000m\000p\000u\000t\000e\000r\000\040\000f\000\374\000r\000\040\000a\000l\000l\000e}{section.2}% 16
\BOOKMARK [2][-]{section*.15}{\376\377\0005\000.\000\040\000A\000b\000\040\0001\0009\0009\0000\000:\000\040\000C\000o\000m\000p\000u\000t\000e\000r\000\040\000a\000l\000s\000\040\000I\000n\000f\000r\000a\000s\000t\000r\000u\000k\000t\000u\000r\000\040\000u\000n\000d\000\040\000U\000m\000w\000e\000l\000t}{section.2}% 17
\BOOKMARK [2][-]{section*.16}{\376\377\000Z\000e\000n\000t\000r\000a\000l\000e\000\040\000E\000r\000k\000e\000n\000n\000t\000n\000i\000s\000s\000e}{section.2}% 18
\BOOKMARK [1][-]{section.3}{\376\377\000T\000e\000c\000h\000n\000i\000k\000\040\000a\000l\000s\000\040\000D\000e\000u\000t\000u\000n\000g\000s\000a\000n\000g\000e\000b\000o\000t\000\040\040\023\000\040\000R\000a\000k\000e\000t\000e\000n\000t\000e\000c\000h\000n\000i\000k\000\040\000u\000n\000d\000\040\000R\000a\000u\000m\000f\000a\000h\000r\000t}{}% 19
\BOOKMARK [2][-]{section*.17}{\376\377\000E\000i\000n\000f\000\374\000h\000r\000u\000n\000g\000:\000\040\000T\000e\000c\000h\000n\000i\000k\000\040\000a\000l\000s\000\040\000h\000i\000s\000t\000o\000r\000i\000s\000c\000h\000e\000s\000\040\000D\000e\000u\000t\000u\000n\000g\000s\000a\000n\000g\000e\000b\000o\000t}{section.3}% 20
\BOOKMARK [2][-]{section*.18}{\376\377\000H\000i\000s\000t\000o\000r\000i\000s\000c\000h\000e\000\040\000P\000e\000r\000s\000p\000e\000k\000t\000i\000v\000e\000\040\000u\000n\000d\000\040\000A\000n\000a\000c\000h\000r\000o\000n\000i\000s\000m\000u\000s}{section.3}% 21
\BOOKMARK [2][-]{section*.19}{\376\377\000G\000r\000u\000n\000d\000l\000a\000g\000e\000n\000\040\000d\000e\000r\000\040\000R\000a\000k\000e\000t\000e\000n\000t\000e\000c\000h\000n\000i\000k}{section.3}% 22
\BOOKMARK [2][-]{section*.20}{\376\377\000T\000e\000c\000h\000n\000i\000k\000\040\000u\000n\000d\000\040\000K\000r\000i\000e\000g\000:\000\040\000D\000i\000e\000\040\000A\0004\000\040\000b\000z\000w\000.\000\040\000V\0002\000-\000R\000a\000k\000e\000t\000e}{section.3}% 23
\BOOKMARK [2][-]{section*.21}{\376\377\000K\000r\000i\000e\000g\000\040\000a\000l\000s\000\040\000M\000o\000t\000o\000r\000\040\000t\000e\000c\000h\000n\000i\000s\000c\000h\000e\000r\000\040\000E\000n\000t\000w\000i\000c\000k\000l\000u\000n\000g\000?}{section.3}% 24
\BOOKMARK [2][-]{section*.22}{\376\377\000T\000e\000c\000h\000n\000i\000k\000e\000r\000\040\000n\000a\000c\000h\000\040\000d\000e\000m\000\040\000Z\000w\000e\000i\000t\000e\000n\000\040\000W\000e\000l\000t\000k\000r\000i\000e\000g}{section.3}% 25
\BOOKMARK [2][-]{section*.23}{\376\377\000R\000a\000u\000m\000f\000a\000h\000r\000t\000\040\000i\000m\000\040\000K\000a\000l\000t\000e\000n\000\040\000K\000r\000i\000e\000g}{section.3}% 26
\BOOKMARK [2][-]{section*.24}{\376\377\000D\000i\000e\000\040\000N\000e\000u\000o\000r\000i\000e\000n\000t\000i\000e\000r\000u\000n\000g\000\040\000d\000e\000r\000\040\000N\000A\000S\000A}{section.3}% 27
\BOOKMARK [2][-]{section*.25}{\376\377\000R\000a\000u\000m\000f\000a\000h\000r\000t\000\040\000s\000e\000i\000t\000\040\000d\000e\000n\000\040\0001\0009\0007\0000\000e\000r\000\040\000J\000a\000h\000r\000e\000n}{section.3}% 28
\BOOKMARK [2][-]{section*.26}{\376\377\000N\000e\000u\000e\000\040\000R\000a\000u\000m\000f\000a\000h\000r\000t\000\040\000i\000m\000\040\0002\0001\000.\000\040\000J\000a\000h\000r\000h\000u\000n\000d\000e\000r\000t}{section.3}% 29
\BOOKMARK [2][-]{section*.27}{\376\377\000S\000a\000t\000e\000l\000l\000i\000t\000e\000n\000\040\000a\000l\000s\000\040\000u\000n\000s\000i\000c\000h\000t\000b\000a\000r\000e\000\040\000I\000n\000f\000r\000a\000s\000t\000r\000u\000k\000t\000u\000r}{section.3}% 30
\BOOKMARK [2][-]{section*.28}{\376\377\000Z\000e\000n\000t\000r\000a\000l\000e\000\040\000E\000r\000k\000e\000n\000n\000t\000n\000i\000s\000s\000e}{section.3}% 31
\BOOKMARK [1][-]{section.4}{\376\377\000I\000n\000d\000u\000s\000t\000r\000i\000a\000l\000i\000s\000i\000e\000r\000u\000n\000g\000\040\000u\000n\000d\000\040\000A\000u\000f\000b\000r\000u\000c\000h\000\040\000i\000n\000\040\000d\000i\000e\000\040\000M\000o\000d\000e\000r\000n\000e}{}% 32
\BOOKMARK [2][-]{section*.29}{\376\377\000E\000i\000n\000f\000\374\000h\000r\000u\000n\000g\000:\000\040\000I\000n\000d\000u\000s\000t\000r\000i\000a\000l\000i\000s\000i\000e\000r\000u\000n\000g\000\040\000a\000l\000s\000\040\000g\000e\000s\000e\000l\000l\000s\000c\000h\000a\000f\000t\000l\000i\000c\000h\000e\000r\000\040\000T\000r\000a\000n\000s\000f\000o\000r\000m\000a\000t\000i\000o\000n\000s\000p\000r\000o\000z\000e\000s\000s}{section.4}% 33
\BOOKMARK [2][-]{section*.30}{\376\377\000D\000a\000s\000\040\000h\000i\000s\000t\000o\000r\000i\000o\000g\000r\000a\000p\000h\000i\000s\000c\000h\000e\000\040\000P\000r\000o\000b\000l\000e\000m\000\040\000d\000e\000r\000\040\000I\000n\000d\000u\000s\000t\000r\000i\000a\000l\000i\000s\000i\000e\000r\000u\000n\000g}{section.4}% 34
\BOOKMARK [2][-]{section*.31}{\376\377\000P\000r\000o\000t\000o\000i\000n\000d\000u\000s\000t\000r\000i\000e\000\040\000i\000m\000\040\000o\000s\000t\000s\000c\000h\000w\000e\000i\000z\000e\000r\000i\000s\000c\000h\000e\000n\000\040\000T\000e\000x\000t\000i\000l\000g\000e\000w\000e\000r\000b\000e}{section.4}% 35
\BOOKMARK [2][-]{section*.32}{\376\377\000P\000r\000o\000d\000u\000k\000t\000i\000o\000n\000\040\000i\000m\000\040\000V\000e\000r\000l\000a\000g\000s\000s\000y\000s\000t\000e\000m}{section.4}% 36
\BOOKMARK [2][-]{section*.33}{\376\377\000D\000e\000r\000\040\000E\000n\000g\000p\000a\000s\000s\000\040\000d\000e\000r\000\040\000G\000a\000r\000n\000s\000p\000i\000n\000n\000e\000r\000e\000i}{section.4}% 37
\BOOKMARK [2][-]{section*.34}{\376\377\000W\000a\000r\000u\000m\000\040\000b\000e\000g\000a\000n\000n\000\040\000d\000i\000e\000\040\000I\000n\000d\000u\000s\000t\000r\000i\000a\000l\000i\000s\000i\000e\000r\000u\000n\000g\000\040\000i\000n\000\040\000G\000r\000o\000s\000s\000b\000r\000i\000t\000a\000n\000n\000i\000e\000n\000?}{section.4}% 38
\BOOKMARK [2][-]{section*.35}{\376\377\000N\000a\000c\000h\000h\000o\000l\000e\000n\000d\000e\000\040\000I\000n\000d\000u\000s\000t\000r\000i\000a\000l\000i\000s\000i\000e\000r\000u\000n\000g\000\040\000i\000n\000\040\000d\000e\000r\000\040\000S\000c\000h\000w\000e\000i\000z}{section.4}% 39
\BOOKMARK [2][-]{section*.36}{\376\377\000D\000a\000s\000\040\000F\000a\000b\000r\000i\000k\000s\000y\000s\000t\000e\000m\000\040\000u\000n\000d\000\040\000d\000i\000e\000\040\000s\000o\000z\000i\000a\000l\000e\000\040\000F\000r\000a\000g\000e}{section.4}% 40
\BOOKMARK [2][-]{section*.37}{\376\377\000D\000a\000s\000\040\000F\000a\000b\000r\000i\000k\000g\000e\000s\000e\000t\000z\000\040\000v\000o\000n\000\040\0001\0008\0007\0007}{section.4}% 41
\BOOKMARK [2][-]{section*.38}{\376\377\000D\000i\000e\000\040\000o\000s\000t\000s\000c\000h\000w\000e\000i\000z\000e\000r\000i\000s\000c\000h\000e\000\040\000S\000t\000i\000c\000k\000e\000r\000e\000i\000i\000n\000d\000u\000s\000t\000r\000i\000e}{section.4}% 42
\BOOKMARK [2][-]{section*.39}{\376\377\000M\000e\000c\000h\000a\000n\000i\000s\000i\000e\000r\000u\000n\000g\000\040\000d\000e\000r\000\040\000S\000t\000i\000c\000k\000e\000r\000e\000i}{section.4}% 43
\BOOKMARK [2][-]{section*.40}{\376\377\000H\000e\000i\000m\000a\000r\000b\000e\000i\000t\000\040\000u\000n\000d\000\040\000d\000a\000s\000\040\000D\000i\000l\000e\000m\000m\000a\000\040\000d\000e\000r\000\040\000M\000o\000d\000e\000r\000n\000e}{section.4}% 44
\BOOKMARK [2][-]{section*.41}{\376\377\000A\000r\000b\000e\000i\000t\000s\000t\000e\000i\000l\000u\000n\000g\000\040\000u\000n\000d\000\040\000G\000e\000s\000c\000h\000l\000e\000c\000h\000t\000e\000r\000r\000o\000l\000l\000e\000n}{section.4}% 45
\BOOKMARK [2][-]{section*.42}{\376\377\000D\000a\000s\000\040\000E\000n\000d\000e\000\040\000d\000e\000r\000\040\000S\000t\000i\000c\000k\000e\000r\000e\000i\000b\000l\000\374\000t\000e}{section.4}% 46
\BOOKMARK [2][-]{section*.43}{\376\377\000Z\000e\000n\000t\000r\000a\000l\000e\000\040\000E\000r\000k\000e\000n\000n\000t\000n\000i\000s\000s\000e}{section.4}% 47
\BOOKMARK [1][-]{section.5}{\376\377\000D\000i\000e\000\040\000E\000i\000s\000e\000n\000b\000a\000h\000n\000\040\000u\000n\000d\000\040\000d\000e\000r\000\040\000T\000a\000k\000t\000f\000a\000h\000r\000p\000l\000a\000n}{}% 48
\BOOKMARK [2][-]{section*.44}{\376\377\000E\000i\000n\000f\000\374\000h\000r\000u\000n\000g\000:\000\040\000V\000e\000r\000k\000e\000h\000r\000\040\000a\000l\000s\000\040\000G\000r\000u\000n\000d\000l\000a\000g\000e\000\040\000d\000e\000r\000\040\000M\000o\000d\000e\000r\000n\000e}{section.5}% 49
\BOOKMARK [2][-]{section*.45}{\376\377\000D\000i\000e\000\040\000E\000i\000s\000e\000n\000b\000a\000h\000n\000\040\000a\000l\000s\000\040\000S\000y\000m\000b\000o\000l\000\040\000d\000e\000s\000\040\000F\000o\000r\000t\000s\000c\000h\000r\000i\000t\000t\000s}{section.5}% 50
\BOOKMARK [2][-]{section*.46}{\376\377\000D\000i\000e\000\040\000E\000n\000t\000w\000i\000c\000k\000l\000u\000n\000g\000\040\000d\000e\000r\000\040\000E\000i\000s\000e\000n\000b\000a\000h\000n\000\040\000i\000n\000\040\000d\000e\000r\000\040\000S\000c\000h\000w\000e\000i\000z}{section.5}% 51
\BOOKMARK [2][-]{section*.47}{\376\377\000V\000e\000r\000k\000e\000h\000r\000,\000\040\000K\000o\000m\000m\000u\000n\000i\000k\000a\000t\000i\000o\000n\000\040\000u\000n\000d\000\040\000g\000e\000s\000e\000l\000l\000s\000c\000h\000a\000f\000t\000l\000i\000c\000h\000e\000r\000\040\000W\000a\000n\000d\000e\000l}{section.5}% 52
\BOOKMARK [2][-]{section*.48}{\376\377\000Q\000u\000e\000l\000l\000e\000n\000k\000r\000i\000t\000i\000k\000:\000\040\000D\000a\000s\000\040\000S\000i\000g\000n\000a\000l\000i\000s\000a\000t\000i\000o\000n\000s\000s\000y\000s\000t\000e\000m\000\040\000d\000e\000r\000\040\000S\000B\000B}{section.5}% 53
\BOOKMARK [2][-]{section*.49}{\376\377\000D\000e\000r\000\040\000T\000a\000k\000t\000f\000a\000h\000r\000p\000l\000a\000n\000\040\000a\000l\000s\000\040\000o\000r\000g\000a\000n\000i\000s\000a\000t\000o\000r\000i\000s\000c\000h\000e\000\040\000I\000n\000n\000o\000v\000a\000t\000i\000o\000n}{section.5}% 54
\BOOKMARK [2][-]{section*.50}{\376\377\000D\000e\000r\000\040\040\036\000S\000p\000i\000n\000n\000e\000r\000\040\000C\000l\000u\000b\040\034\000\040\000u\000n\000d\000\040\000n\000e\000u\000e\000\040\000D\000e\000n\000k\000w\000e\000i\000s\000e\000n}{section.5}% 55
\BOOKMARK [2][-]{section*.51}{\376\377\000V\000o\000m\000\040\000V\000e\000r\000k\000e\000h\000r\000s\000m\000i\000t\000t\000e\000l\000\040\000z\000u\000m\000\040\000M\000o\000b\000i\000l\000i\000t\000\344\000t\000s\000a\000n\000g\000e\000b\000o\000t}{section.5}% 56
\BOOKMARK [2][-]{section*.52}{\376\377\000Z\000e\000n\000t\000r\000a\000l\000e\000\040\000E\000r\000k\000e\000n\000n\000t\000n\000i\000s\000s\000e}{section.5}% 57
\BOOKMARK [1][-]{section.6}{\376\377\000\050\000A\000u\000t\000o\000-\000\051\000M\000o\000b\000i\000l\000e\000\040\000S\000o\000c\000i\000e\000t\000y}{}% 58
\BOOKMARK [2][-]{section*.53}{\376\377\000E\000i\000n\000f\000\374\000h\000r\000u\000n\000g\000:\000\040\000V\000o\000m\000\040\000I\000n\000d\000u\000s\000t\000r\000i\000e\000-\000\040\000z\000u\000m\000\040\000K\000o\000n\000s\000u\000m\000z\000e\000i\000t\000a\000l\000t\000e\000r}{section.6}% 59
\BOOKMARK [2][-]{section*.54}{\376\377\000M\000a\000s\000s\000e\000n\000m\000o\000t\000o\000r\000i\000s\000i\000e\000r\000u\000n\000g\000\040\000u\000n\000d\000\040\000i\000n\000d\000i\000v\000i\000d\000u\000e\000l\000l\000e\000\040\000F\000r\000e\000i\000h\000e\000i\000t}{section.6}% 60
\BOOKMARK [2][-]{section*.55}{\376\377\000A\000u\000t\000o\000m\000o\000b\000i\000l\000i\000s\000i\000e\000r\000u\000n\000g\000\040\000u\000n\000d\000\040\000n\000e\000u\000e\000\040\000L\000e\000b\000e\000n\000s\000f\000o\000r\000m\000e\000n}{section.6}% 61
\BOOKMARK [2][-]{section*.56}{\376\377\000D\000i\000e\000\040\000f\000r\000\374\000h\000e\000n\000\040\000K\000o\000n\000f\000l\000i\000k\000t\000e\000\040\000d\000e\000s\000\040\000A\000u\000t\000o\000m\000o\000b\000i\000l\000s}{section.6}% 62
\BOOKMARK [2][-]{section*.57}{\376\377\000D\000a\000s\000\040\000A\000u\000t\000o\000\040\000a\000l\000s\000\040\000S\000y\000m\000b\000o\000l\000\040\000v\000o\000n\000\040\000G\000e\000s\000c\000h\000w\000i\000n\000d\000i\000g\000k\000e\000i\000t\000\040\000u\000n\000d\000\040\000I\000n\000d\000i\000v\000i\000d\000u\000a\000l\000i\000s\000m\000u\000s}{section.6}% 63
\BOOKMARK [2][-]{section*.58}{\376\377\000V\000o\000m\000\040\000I\000n\000d\000u\000s\000t\000r\000i\000e\000p\000r\000o\000d\000u\000k\000t\000\040\000z\000u\000m\000\040\000K\000o\000n\000s\000u\000m\000g\000u\000t}{section.6}% 64
\BOOKMARK [2][-]{section*.59}{\376\377\000T\000a\000y\000l\000o\000r\000i\000s\000m\000u\000s\000\040\000u\000n\000d\000\040\000w\000i\000s\000s\000e\000n\000s\000c\000h\000a\000f\000t\000l\000i\000c\000h\000e\000\040\000A\000r\000b\000e\000i\000t\000s\000o\000r\000g\000a\000n\000i\000s\000a\000t\000i\000o\000n}{section.6}% 65
\BOOKMARK [2][-]{section*.60}{\376\377\000D\000i\000e\000\040\000B\000e\000w\000e\000g\000u\000n\000g\000s\000s\000t\000u\000d\000i\000e\000n\000\040\000d\000e\000r\000\040\000G\000i\000l\000b\000r\000e\000t\000h\000s}{section.6}% 66
\BOOKMARK [2][-]{section*.61}{\376\377\000F\000o\000r\000d\000i\000s\000m\000u\000s\000\040\000u\000n\000d\000\040\000F\000l\000i\000e\000s\000s\000b\000a\000n\000d\000p\000r\000o\000d\000u\000k\000t\000i\000o\000n}{section.6}% 67
\BOOKMARK [2][-]{section*.62}{\376\377\000G\000l\000o\000b\000a\000l\000e\000\040\000R\000o\000h\000s\000t\000o\000f\000f\000e\000\040\000u\000n\000d\000\040\000F\000o\000r\000d\000l\000\342\000n\000d\000i\000a}{section.6}% 68
\BOOKMARK [2][-]{section*.63}{\376\377\000P\000r\000o\000d\000u\000z\000e\000n\000t\000e\000n\000\040\000u\000n\000d\000\040\000K\000o\000n\000s\000u\000m\000e\000n\000t\000e\000n}{section.6}% 69
\BOOKMARK [2][-]{section*.64}{\376\377\000B\000e\000w\000e\000g\000u\000n\000g\000\040\000u\000n\000d\000\040\000K\000o\000n\000t\000r\000o\000l\000l\000e}{section.6}% 70
\BOOKMARK [2][-]{section*.65}{\376\377\000Z\000e\000n\000t\000r\000a\000l\000e\000\040\000E\000r\000k\000e\000n\000n\000t\000n\000i\000s\000s\000e}{section.6}% 71
\BOOKMARK [1][-]{section.7}{\376\377\000D\000e\000r\000\040\040\036\000n\000e\000u\000e\000\040\000M\000e\000n\000s\000c\000h\040\034\000\040\000u\000n\000d\000\040\000d\000i\000e\000\040\000T\000e\000c\000h\000n\000i\000s\000i\000e\000r\000u\000n\000g\000\040\000d\000e\000s\000\040\000H\000a\000u\000s\000h\000a\000l\000t\000s}{}% 72
\BOOKMARK [2][-]{section*.66}{\376\377\000E\000i\000n\000f\000\374\000h\000r\000u\000n\000g\000:\000\040\000R\000a\000t\000i\000o\000n\000a\000l\000i\000s\000i\000e\000r\000u\000n\000g\000\040\000a\000l\000s\000\040\000g\000e\000s\000e\000l\000l\000s\000c\000h\000a\000f\000t\000l\000i\000c\000h\000e\000s\000\040\000L\000e\000i\000t\000b\000i\000l\000d}{section.7}% 73
\BOOKMARK [2][-]{section*.67}{\376\377\000I\000n\000d\000u\000s\000t\000r\000i\000a\000l\000i\000s\000i\000e\000r\000u\000n\000g\000s\000e\000r\000f\000a\000h\000r\000u\000n\000g\000e\000n\000\040\000u\000n\000d\000\040\000d\000i\000e\000\040\000I\000d\000e\000e\000\040\000d\000e\000r\000\040\000g\000e\000s\000e\000l\000l\000s\000c\000h\000a\000f\000t\000l\000i\000c\000h\000e\000n\000\040\000O\000p\000t\000i\000m\000i\000e\000r\000u\000n\000g}{section.7}% 74
\BOOKMARK [2][-]{section*.68}{\376\377\000E\000u\000g\000e\000n\000i\000k\000\040\000u\000n\000d\000\040\000d\000i\000e\000\040\000w\000i\000s\000s\000e\000n\000s\000c\000h\000a\000f\000t\000l\000i\000c\000h\000e\000\040\000S\000t\000e\000u\000e\000r\000u\000n\000g\000\040\000d\000e\000s\000\040\000M\000e\000n\000s\000c\000h\000e\000n}{section.7}% 75
\BOOKMARK [2][-]{section*.69}{\376\377\000L\000e\000b\000e\000n\000s\000r\000e\000f\000o\000r\000m\000\040\000u\000n\000d\000\040\000d\000i\000e\000\040\000S\000u\000c\000h\000e\000\040\000n\000a\000c\000h\000\040\000d\000e\000m\000\040\000n\000a\000t\000\374\000r\000l\000i\000c\000h\000e\000n\000\040\000L\000e\000b\000e\000n}{section.7}% 76
\BOOKMARK [2][-]{section*.70}{\376\377\000D\000e\000r\000\040\040\036\000n\000e\000u\000e\000\040\000M\000e\000n\000s\000c\000h\040\034\000\040\000a\000l\000s\000\040\000g\000e\000s\000e\000l\000l\000s\000c\000h\000a\000f\000t\000l\000i\000c\000h\000e\000s\000\040\000I\000d\000e\000a\000l}{section.7}% 77
\BOOKMARK [2][-]{section*.71}{\376\377\000T\000e\000c\000h\000n\000i\000k\000,\000\040\000W\000i\000s\000s\000e\000n\000s\000c\000h\000a\000f\000t\000\040\000u\000n\000d\000\040\000s\000o\000z\000i\000a\000l\000e\000\040\000K\000o\000n\000t\000r\000o\000l\000l\000e}{section.7}% 78
\BOOKMARK [2][-]{section*.72}{\376\377\000R\000a\000t\000i\000o\000n\000a\000l\000i\000s\000i\000e\000r\000u\000n\000g\000\040\000d\000e\000s\000\040\000W\000o\000h\000n\000e\000n\000s}{section.7}% 79
\BOOKMARK [2][-]{section*.73}{\376\377\000D\000i\000e\000\040\000F\000r\000a\000n\000k\000f\000u\000r\000t\000e\000r\000\040\000K\000\374\000c\000h\000e}{section.7}% 80
\BOOKMARK [2][-]{section*.74}{\376\377\000E\000m\000a\000n\000z\000i\000p\000a\000t\000i\000o\000n\000\040\000u\000n\000d\000\040\000K\000o\000n\000t\000r\000o\000l\000l\000e}{section.7}% 81
\BOOKMARK [2][-]{section*.75}{\376\377\000Z\000e\000n\000t\000r\000a\000l\000e\000\040\000E\000r\000k\000e\000n\000n\000t\000n\000i\000s\000s\000e}{section.7}% 82
