\BOOKMARK [0][-]{part.1}{\376\377\000I\000\040\000R\000e\000g\000e\000l\000u\000n\000g\000s\000t\000e\000c\000h\000n\000i\000k\000\040\0004}{}% 1
\BOOKMARK [1][-]{section.1}{\376\377\000Z\000u\000s\000t\000a\000n\000d\000s\000r\000a\000u\000m\000d\000a\000r\000s\000t\000e\000l\000l\000u\000n\000g\000\040\000\050\000Z\000R\000D\000\051}{part.1}% 2
\BOOKMARK [2][-]{section*.1}{\376\377\000Z\000u\000s\000t\000r\000a\000n\000d\000s\000r\000a\000u\000m\000d\000a\000r\000s\000t\000e\000l\000l\000u\000n\000g\000\040\000v\000o\000n\000\040\000M\000I\000M\000O\000-\000S\000y\000s\000t\000e\000m\000e\000n\000\040\000\050\000S\000.\000\040\0001\0005\0003\000-\0001\0005\0004\000\051}{section.1}% 3
\BOOKMARK [2][-]{section*.3}{\376\377\000Z\000u\000s\000t\000r\000a\000n\000d\000s\000r\000a\000u\000m\000d\000a\000r\000s\000t\000e\000l\000l\000u\000n\000g\000\040\000v\000o\000n\000\040\000S\000I\000S\000O\000-\000S\000y\000s\000t\000e\000m\000e\000n\000\040\000\050\000S\000.\000\040\0001\0005\0004\000\051}{section.1}% 4
\BOOKMARK [2][-]{section*.4}{\376\377\000V\000e\000r\000f\000a\000h\000r\000e\000n\000\040\000m\000i\000t\000\040\000Z\000R\000D\000\040\040\023\000\040\000\334\000b\000e\000r\000s\000i\000c\000h\000t}{section.1}% 5
\BOOKMARK [2][-]{section*.5}{\376\377\000Z\000R\000D\000\040\000v\000i\000a\000\040\000p\000h\000y\000s\000i\000k\000a\000l\000i\000s\000c\000h\000e\000r\000\040\000M\000o\000d\000e\000l\000l\000b\000i\000l\000d\000u\000n\000g}{section.1}% 6
\BOOKMARK [2][-]{section*.8}{\376\377\000L\000i\000n\000e\000a\000r\000i\000s\000i\000e\000r\000u\000n\000g\000\040\000e\000i\000n\000e\000r\000\040\000Z\000R\000D\000\040\000\050\000S\000.\000\040\0001\0006\0008\000\051}{section.1}% 7
\BOOKMARK [2][-]{section*.11}{\376\377\000Z\000u\000s\000t\000a\000n\000d\000s\000r\000a\000u\000m\000d\000a\000r\000s\000t\000e\000l\000l\000u\000n\000g\000\040\000a\000u\000s\000\040\000U\000T\000F\000\040\000o\000d\000e\000r\000\040\000D\000G\000L\000\040\000\050\000S\000.\000\040\0001\0006\0009\000-\0001\0007\0000\000\051}{section.1}% 8
\BOOKMARK [2][-]{section*.13}{\376\377\000Z\000R\000D\000\040\000i\000m\000\040\000B\000i\000l\000d\000b\000e\000r\000e\000i\000c\000h}{section.1}% 9
\BOOKMARK [2][-]{section*.15}{\376\377\000Z\000u\000s\000t\000a\000n\000d\000s\000r\000a\000u\000m\000d\000a\000r\000s\000t\000e\000l\000l\000u\000n\000g\000\040\000a\000u\000s\000\040\000B\000l\000o\000c\000k\000d\000i\000a\000g\000r\000a\000m\000m\000\040\000\050\000S\000.\000\040\0001\0007\0001\000\051}{section.1}% 10
\BOOKMARK [2][-]{section*.17}{\376\377\000B\000l\000o\000c\000k\000d\000i\000a\000g\000r\000a\000m\000m\000\040\000a\000u\000s\000\040\000Z\000R\000D\000\040\000/\000\040\000G\000l\000e\000i\000c\000h\000u\000n\000g}{section.1}% 11
\BOOKMARK [2][-]{section*.18}{\376\377\000A\000g\000g\000r\000e\000g\000a\000t\000i\000o\000n\000\040\000v\000o\000n\000\040\000T\000e\000i\000l\000s\000y\000s\000t\000e\000m\000e\000n\000\040\000\050\000S\000.\000\040\0001\0007\0002\000-\0001\0007\0004\000\051}{section.1}% 12
\BOOKMARK [2][-]{section*.22}{\376\377\000\304\000h\000n\000l\000i\000c\000h\000k\000e\000i\000t\000s\000t\000r\000a\000n\000s\000f\000o\000r\000m\000a\000t\000i\000o\000n\000\040\000\050\000S\000.\000\040\0001\0007\0005\000\051}{section.1}% 13
\BOOKMARK [1][-]{section.2}{\376\377\000A\000n\000w\000e\000n\000d\000u\000n\000g\000e\000n\000\040\000d\000e\000r\000\040\000Z\000R\000D}{part.1}% 14
\BOOKMARK [2][-]{section*.25}{\376\377\000L\000\366\000s\000u\000n\000g\000\040\000d\000e\000r\000\040\000Z\000R\000D\000\040\000i\000m\000\040\000Z\000e\000i\000t\000b\000e\000r\000e\000i\000c\000h\000\040\000\050\000S\000.\000\040\0001\0007\0006\000-\0001\0008\0000\000\051}{section.2}% 15
\BOOKMARK [2][-]{section*.27}{\376\377\000T\000r\000a\000n\000s\000i\000t\000i\000o\000n\000s\000m\000a\000t\000r\000i\000x}{section.2}% 16
\BOOKMARK [2][-]{section*.28}{\376\377\000E\000n\000t\000k\000o\000p\000p\000l\000u\000n\000g\000\040\000m\000i\000t\000t\000e\000l\000s\000\040\000D\000i\000a\000g\000o\000n\000a\000l\000f\000o\000r\000m\000\040\000\050\000S\000.\000\040\0001\0008\0000\000-\0001\0008\0005\000\051}{section.2}% 17
\BOOKMARK [2][-]{section*.29}{\376\377\000D\000i\000a\000g\000o\000n\000a\000l\000i\000s\000i\000e\000r\000u\000n\000g\000\040\000\050\000S\000.\000\040\0001\0008\0002\000-\0001\0008\0005\000\051}{section.2}% 18
\BOOKMARK [2][-]{section*.33}{\376\377\000S\000t\000a\000b\000i\000l\000i\000t\000\344\000t}{section.2}% 19
\BOOKMARK [2][-]{section*.34}{\376\377\000S\000t\000e\000u\000e\000r\000b\000a\000r\000k\000e\000i\000t\000\040\000\050\000S\000.\000\040\0001\0008\0005\000-\0001\0008\0007\000\051}{section.2}% 20
\BOOKMARK [2][-]{section*.39}{\376\377\000B\000e\000o\000b\000a\000c\000h\000t\000b\000a\000r\000k\000e\000i\000t\000\040\000\050\000S\000.\000\040\0001\0008\0009\000\051}{section.2}% 21
\BOOKMARK [2][-]{section*.43}{\376\377\000M\000i\000n\000i\000m\000a\000l\000i\000t\000\344\000t}{section.2}% 22
\BOOKMARK [2][-]{section*.45}{\376\377\000N\000o\000r\000m\000a\000l\000f\000o\000r\000m\000e\000n}{section.2}% 23
\BOOKMARK [2][-]{section*.48}{\376\377\000E\000i\000g\000e\000n\000s\000c\000h\000a\000f\000t\000e\000n\000\040\000v\000o\000n\000\040\000Z\000u\000s\000t\000a\000n\000d\000s\000r\000a\000u\000m\000m\000o\000d\000e\000l\000l\000e\000n\000\040\000\050\000S\000.\000\040\0001\0009\0000\000-\0001\0009\0003\000\051}{section.2}% 24
\BOOKMARK [1][-]{section.3}{\376\377\000Z\000u\000s\000t\000a\000n\000d\000s\000r\000\374\000c\000k\000f\000\374\000h\000r\000u\000n\000g\000e\000n}{part.1}% 25
\BOOKMARK [2][-]{section*.49}{\376\377\000E\000i\000g\000e\000n\000s\000c\000h\000a\000f\000t\000e\000n\000\040\000v\000o\000n\000\040\000Z\000u\000s\000t\000a\000n\000d\000s\000r\000\374\000c\000k\000f\000\374\000h\000r\000u\000n\000g\000e\000n}{section.3}% 26
\BOOKMARK [2][-]{section*.50}{\376\377\000R\000e\000g\000l\000e\000r\000e\000n\000t\000w\000u\000r\000f\000\040\000m\000i\000t\000t\000e\000l\000s\000\040\000P\000o\000l\000v\000o\000r\000g\000a\000b\000e\000\040\000\050\000S\000.\000\040\0001\0009\0004\000-\0001\0009\0006\000\051}{section.3}% 27
\BOOKMARK [2][-]{section*.54}{\376\377\000L\000Q\000R\000-\000V\000e\000r\000f\000a\000h\000r\000e\000n\000\040\000\050\000L\000i\000n\000e\000a\000r\000\040\000Q\000u\000a\000d\000r\000a\000t\000i\000c\000\040\000R\000e\000g\000u\000l\000a\000t\000o\000r\000\051\000\040\000\050\000S\000.\000\040\0001\0009\0006\000-\0001\0009\0009\000\051}{section.3}% 28
\BOOKMARK [2][-]{section*.61}{\376\377\000S\000t\000a\000t\000i\000s\000c\000h\000e\000\040\000E\000r\000w\000e\000i\000t\000e\000r\000u\000n\000g\000e\000n\000\040\000d\000e\000r\000\040\000Z\000u\000s\000t\000a\000n\000d\000s\000r\000\374\000c\000k\000f\000\374\000h\000r\000u\000n\000g}{section.3}% 29
\BOOKMARK [1][-]{section.4}{\376\377\000B\000e\000o\000b\000a\000c\000h\000t\000e\000r}{part.1}% 30
\BOOKMARK [2][-]{section*.64}{\376\377\000D\000u\000a\000l\000i\000t\000\344\000t\000:\000\040\000S\000t\000e\000u\000e\000r\000b\000a\000r\000k\000e\000i\000t\000\040\040\023\000\040\000B\000e\000o\000b\000a\000c\000h\000t\000b\000a\000r\000k\000e\000i\000t\000\040\000\050\000S\000.\000\040\0002\0000\0005\000\051}{section.4}% 31
\BOOKMARK [2][-]{section*.65}{\376\377\000E\000n\000t\000w\000u\000r\000f\000\040\000e\000i\000n\000e\000s\000\040\000B\000e\000o\000b\000a\000c\000h\000t\000e\000r\000s\000\040\000m\000i\000t\000t\000e\000l\000s\000\040\000P\000o\000l\000v\000o\000r\000g\000a\000b\000e\000\040\000\050\000S\000.\000\040\0002\0000\0005\000-\0002\0000\0007\000\051}{section.4}% 32
\BOOKMARK [2][-]{section*.68}{\376\377\000L\000Q\000G\000-\000V\000e\000r\000f\000a\000h\000r\000e\000n\000\040\000\050\000L\000i\000n\000e\000a\000r\000\040\000Q\000u\000a\000d\000r\000a\000t\000i\000c\000\040\000G\000a\000u\000s\000s\000i\000a\000n\000\040\000E\000s\000t\000i\000m\000a\000t\000i\000o\000n\000\051}{section.4}% 33
\BOOKMARK [2][-]{section*.71}{\376\377\000V\000a\000r\000i\000a\000n\000t\000e\000n\000\040\000v\000o\000n\000\040\000B\000e\000o\000b\000a\000c\000h\000t\000e\000r\000n\000\040\000\050\000S\000.\000\040\0002\0000\0009\000-\0002\0001\0001\000\051}{section.4}% 34
\BOOKMARK [2][-]{section*.75}{\376\377\000I\000m\000p\000l\000e\000m\000e\000n\000t\000i\000e\000r\000u\000n\000g\000\040\000e\000i\000n\000e\000s\000\040\000Z\000u\000s\000t\000a\000n\000d\000s\000r\000e\000g\000l\000e\000r\000s\000\040\000m\000i\000t\000\040\000B\000e\000o\000b\000a\000c\000h\000t\000e\000r}{section.4}% 35
\BOOKMARK [1][-]{section.5}{\376\377\000D\000i\000g\000i\000t\000a\000l\000e\000\040\000R\000e\000g\000e\000l\000u\000n\000g}{part.1}% 36
\BOOKMARK [2][-]{section*.78}{\376\377\000R\000e\000g\000e\000l\000k\000r\000e\000i\000s\000\040\000m\000i\000t\000\040\000d\000i\000g\000i\000t\000a\000l\000e\000m\000\040\000R\000e\000g\000l\000e\000r\000\040\000\050\000S\000.\000\040\0002\0001\0004\000\051}{section.5}% 37
\BOOKMARK [2][-]{section*.80}{\376\377\000S\000i\000g\000n\000a\000l\000e\000\040\000i\000m\000\040\000d\000i\000g\000i\000t\000a\000l\000e\000n\000\040\000R\000e\000g\000e\000l\000k\000r\000e\000i\000s\000\040\000\050\000S\000.\000\040\0001\0008\0004\000\051}{section.5}% 38
\BOOKMARK [2][-]{section*.84}{\376\377\000R\000e\000g\000l\000e\000r\000e\000n\000t\000w\000u\000r\000f\000\040\040\023\000\040\000d\000i\000r\000e\000k\000t\000\040\000v\000s\000.\000\040\000i\000n\000d\000i\000r\000e\000k\000t\000\040\000\050\000S\000.\000\040\0002\0002\0004\000-\0002\0002\0005\000\051}{section.5}% 39
\BOOKMARK [1][-]{section.6}{\376\377\000I\000n\000d\000i\000r\000e\000k\000t\000e\000r\000\040\000d\000i\000g\000i\000t\000a\000l\000e\000r\000\040\000R\000e\000g\000l\000e\000r\000e\000n\000t\000w\000u\000r\000f}{part.1}% 40
\BOOKMARK [2][-]{section*.85}{\376\377\000A\000p\000p\000r\000o\000x\000i\000m\000a\000t\000i\000o\000n\000e\000n\000\040\000f\000\374\000r\000\040\000D\000i\000s\000k\000r\000e\000t\000i\000s\000i\000e\000r\000u\000n\000g\000\040\000\050\000S\000.\000\040\0002\0002\0006\000\051}{section.6}% 41
\BOOKMARK [2][-]{section*.87}{\376\377\000V\000o\000r\000g\000e\000h\000e\000n\000:\000\040\000D\000i\000s\000k\000r\000e\000t\000i\000s\000i\000e\000r\000u\000n\000g\000\040\000e\000i\000n\000e\000s\000\040\000R\000e\000g\000l\000e\000r\000s\000\040\000\050\000S\000.\000\040\0002\0002\0006\000-\0002\0002\0008\000\051}{section.6}% 42
\BOOKMARK [2][-]{section*.90}{\376\377\000E\000m\000p\000i\000r\000i\000s\000c\000h\000e\000\040\000E\000i\000n\000s\000t\000e\000l\000l\000r\000e\000g\000e\000l\000n\000\040\000f\000\374\000r\000\040\000d\000i\000g\000i\000t\000a\000l\000e\000\040\000P\000I\000D\000-\000R\000e\000g\000l\000e\000r}{section.6}% 43
\BOOKMARK [1][-]{section.7}{\376\377\000z\000-\000T\000r\000a\000n\000s\000f\000o\000r\000m\000a\000t\000i\000o\000n\000\040\000/\000\040\000Z\000e\000i\000t\000d\000i\000s\000k\000r\000e\000t\000e\000\040\000\334\000b\000e\000r\000t\000r\000a\000g\000u\000n\000g\000s\000f\000u\000n\000k\000t\000i\000o\000n}{part.1}% 44
\BOOKMARK [2][-]{section*.92}{\376\377\000F\000o\000l\000g\000e\000n\000\040\000\050\000u\000n\000d\000\040\000d\000e\000r\000e\000n\000\040\000z\000-\000T\000r\000a\000n\000s\000f\000o\000r\000m\000a\000t\000i\000o\000n\000\051\000\040\000\050\000S\000.\000\040\0002\0003\0000\000\051}{section.7}% 45
\BOOKMARK [2][-]{section*.95}{\376\377\000z\000-\000T\000r\000a\000n\000s\000f\000o\000r\000m\000a\000t\000i\000o\000n\000\040\040\023\000\040\000D\000e\000f\000i\000n\000i\000t\000i\000o\000n\000\040\000\050\000S\000.\000\040\0002\0003\0002\000\051}{section.7}% 46
\BOOKMARK [2][-]{section*.96}{\376\377\000z\000-\000T\000r\000a\000n\000s\000f\000o\000r\000m\000i\000e\000r\000t\000e\000\040\000e\000i\000n\000i\000g\000e\000r\000\040\000F\000u\000n\000k\000t\000i\000o\000n\000e\000n\000\040\000\050\000S\000.\000\040\0002\0003\0002\000\051}{section.7}% 47
\BOOKMARK [2][-]{section*.97}{\376\377\000E\000i\000g\000e\000n\000s\000c\000h\000a\000f\000t\000e\000n\000\040\000d\000e\000r\000\040\000z\000-\000T\000r\000a\000n\000s\000f\000o\000r\000m\000a\000t\000i\000o\000n\000\040\000\050\000S\000.\000\040\0002\0003\0005\000\051}{section.7}% 48
\BOOKMARK [2][-]{section*.99}{\376\377\000R\000\374\000c\000k\000t\000r\000a\000n\000s\000f\000o\000r\000m\000a\000t\000i\000o\000n}{section.7}% 49
\BOOKMARK [2][-]{section*.100}{\376\377\000B\000e\000i\000s\000p\000i\000e\000l\000e\000\040\000z\000u\000r\000\040\000z\000-\000T\000r\000a\000n\000s\000f\000o\000r\000m\000a\000t\000i\000o\000n}{section.7}% 50
\BOOKMARK [2][-]{section*.105}{\376\377\000Z\000e\000i\000t\000d\000i\000s\000k\000r\000e\000t\000e\000\040\000\334\000b\000e\000r\000t\000r\000a\000g\000u\000n\000g\000s\000f\000u\000n\000k\000t\000i\000o\000n\000\040\000\050\000S\000.\000\040\0002\0003\0008\000-\0002\0003\0009\000\051}{section.7}% 51
\BOOKMARK [2][-]{section*.107}{\376\377\000S\000t\000a\000b\000i\000l\000i\000t\000\344\000t\000\040\000e\000i\000n\000e\000r\000\040\000z\000e\000i\000t\000d\000i\000s\000k\000r\000e\000t\000e\000n\000\040\000\334\000b\000e\000r\000t\000r\000a\000g\000u\000n\000g\000s\000f\000u\000n\000k\000t\000i\000o\000n\000\040\000\050\000S\000.\000\040\0002\0004\0000\000-\0002\0004\0001\000\051}{section.7}% 52
\BOOKMARK [2][-]{section*.109}{\376\377\000F\000r\000e\000q\000u\000e\000n\000z\000g\000a\000n\000g\000\040\000/\000\040\000B\000o\000d\000e\000d\000i\000a\000g\000r\000a\000m\000m\000\040\000/\000\040\000N\000y\000q\000u\000i\000s\000t\000d\000i\000a\000g\000r\000a\000m\000m\000\040\000\050\000S\000.\000\040\0002\0004\0001\000-\0002\0004\0003\000\051}{section.7}% 53
\BOOKMARK [1][-]{section.8}{\376\377\000Z\000e\000i\000t\000d\000i\000s\000k\000r\000e\000t\000e\000\040\000Z\000u\000s\000t\000a\000n\000d\000s\000r\000a\000u\000m\000d\000a\000r\000s\000t\000e\000l\000l\000u\000n\000g}{part.1}% 54
\BOOKMARK [2][-]{section*.111}{\376\377\000Z\000e\000i\000t\000d\000i\000s\000k\000r\000e\000t\000e\000\040\000Z\000R\000D\000\040\000\050\000S\000.\000\040\0002\0004\0003\000-\0002\0004\0004\000\051}{section.8}% 55
\BOOKMARK [2][-]{section*.113}{\376\377\000S\000t\000a\000b\000i\000l\000i\000t\000\344\000t\000\040\000\050\000S\000.\000\040\0002\0004\0005\000\051}{section.8}% 56
\BOOKMARK [2][-]{section*.114}{\376\377\000S\000t\000e\000u\000e\000r\000b\000a\000r\000k\000e\000i\000t\000\040\000\050\000S\000.\000\040\0002\0004\0005\000\051}{section.8}% 57
\BOOKMARK [2][-]{section*.116}{\376\377\000B\000e\000o\000b\000a\000c\000h\000t\000b\000a\000r\000k\000e\000i\000t\000\040\000\050\000S\000.\000\040\0002\0004\0005\000\051}{section.8}% 58
\BOOKMARK [1][-]{section.9}{\376\377\000D\000i\000r\000e\000k\000t\000e\000r\000\040\000d\000i\000g\000i\000t\000a\000l\000e\000r\000\040\000R\000e\000g\000l\000e\000r\000e\000n\000t\000w\000u\000r\000f}{part.1}% 59
\BOOKMARK [2][-]{section*.118}{\376\377\000D\000i\000r\000e\000k\000t\000e\000r\000\040\000d\000i\000g\000i\000t\000a\000l\000e\000r\000\040\000R\000e\000g\000l\000e\000r\000e\000n\000t\000w\000u\000r\000f\000\040\040\023\000\040\000V\000o\000r\000g\000e\000h\000e\000n}{section.9}% 60
\BOOKMARK [2][-]{section*.120}{\376\377\000Z\000O\000H\000-\000D\000i\000s\000k\000r\000e\000t\000i\000s\000i\000e\000r\000u\000n\000g\000\040\040\023\000\040\000\334\000b\000e\000r\000b\000l\000i\000c\000k}{section.9}% 61
\BOOKMARK [2][-]{section*.124}{\376\377\000Z\000O\000H\000-\000D\000i\000s\000k\000r\000e\000t\000i\000s\000i\000e\000r\000u\000n\000g\000\040\000m\000i\000t\000\040\000U\000T\000F\000\040\000\050\000S\000.\000\040\0002\0004\0008\000-\0002\0004\0009\000\051}{section.9}% 62
\BOOKMARK [2][-]{section*.127}{\376\377\000Z\000O\000H\000-\000D\000i\000s\000k\000r\000e\000t\000i\000s\000i\000e\000r\000u\000n\000g\000\040\000i\000m\000\040\000Z\000u\000s\000t\000a\000n\000d\000s\000r\000a\000u\000m\000\040\000\050\000S\000.\000\040\0002\0005\0000\000-\0002\0005\0001\000\051}{section.9}% 63
\BOOKMARK [2][-]{section*.129}{\376\377\000R\000e\000g\000l\000e\000r\000e\000n\000t\000w\000u\000r\000f\000\040\040\023\000\040\000W\000O\000K\000\040\000\050\000S\000.\000\040\0002\0005\0004\000\051}{section.9}% 64
\BOOKMARK [2][-]{section*.131}{\376\377\000R\000e\000g\000l\000e\000r\000e\000n\000t\000w\000u\000r\000f\000\040\040\023\000\040\000V\000o\000r\000g\000a\000b\000e\000\040\000d\000e\000s\000\040\000g\000e\000s\000c\000h\000l\000.\000\040\000R\000e\000g\000e\000l\000k\000r\000e\000i\000s\000e\000s\000\040\000\050\000S\000.\000\040\0002\0005\0006\000-\0002\0005\0007\000\051}{section.9}% 65
\BOOKMARK [2][-]{section*.132}{\376\377\000R\000e\000g\000l\000e\000r\000e\000n\000t\000w\000u\000r\000f\000\040\040\023\000\040\000D\000e\000a\000d\000b\000e\000a\000t\000-\000R\000e\000g\000l\000e\000r\000\040\000\050\000S\000.\000\040\0002\0005\0006\000-\0002\0005\0007\000\051}{section.9}% 66
\BOOKMARK [2][-]{section*.134}{\376\377\000R\000e\000g\000l\000e\000r\000e\000n\000t\000w\000u\000r\000f\000\040\040\023\000\040\000Z\000u\000s\000t\000a\000n\000d\000s\000r\000a\000u\000m\000\040\000\050\000S\000.\000\040\0002\0005\0007\000-\0002\0005\0008\000\051}{section.9}% 67
\BOOKMARK [0][-]{part.2}{\376\377\000I\000I\000\040\000A\000n\000h\000a\000n\000g}{}% 68
\BOOKMARK [1][-]{section.10}{\376\377\000M\000a\000t\000h\000e\000m\000a\000t\000h\000i\000k\000-\000H\000i\000l\000f\000e\000n}{part.2}% 69
\BOOKMARK [2][-]{section*.137}{\376\377\000T\000r\000i\000g\000o\000n\000o\000m\000e\000t\000r\000i\000e}{section.10}% 70
\BOOKMARK [2][-]{section*.138}{\376\377\000L\000i\000n\000e\000a\000r\000e\000\040\000A\000l\000g\000e\000b\000r\000a\000\040\040\023\000\040\000R\000e\000p\000e\000t\000i\000t\000i\000o\000n}{section.10}% 71
\BOOKMARK [2][-]{section*.151}{\376\377\000D\000e\000z\000i\000b\000e\000l\000\040\000d\000B}{section.10}% 72
\BOOKMARK [2][-]{section*.154}{\376\377\000S\000p\000e\000z\000i\000e\000l\000l\000e\000\040\000A\000n\000s\000\344\000t\000z\000e\000\040\000P\000B\000Z}{section.10}% 73
\BOOKMARK [2][-]{section*.155}{\376\377\000L\000a\000p\000l\000a\000c\000e\000-\000T\000r\000a\000n\000s\000f\000o\000r\000m\000a\000t\000i\000o\000n}{section.10}% 74
\BOOKMARK [1][-]{section.11}{\376\377\000W\000u\000r\000z\000e\000l\000o\000r\000t\000s\000k\000u\000r\000v\000e\000n\000\040\000\050\000W\000O\000K\000\051}{part.2}% 75
\BOOKMARK [2][-]{section*.159}{\376\377\000G\000r\000u\000n\000d\000s\000\344\000t\000z\000l\000i\000c\000h\000e\000s\000\040\000A\000u\000s\000s\000e\000h\000e\000n\000\040\000d\000e\000r\000\040\000W\000O\000K}{section.11}% 76
\BOOKMARK [2][-]{section*.160}{\376\377\000Z\000e\000i\000c\000h\000n\000e\000n\000\040\000v\000o\000n\000\040\000W\000u\000r\000z\000e\000l\000o\000r\000t\000s\000k\000u\000r\000v\000e\000n\000\040\000\050\000S\000.\000\040\0009\0006\000-\0009\0008\000\051}{section.11}% 77
\BOOKMARK [2][-]{section*.161}{\376\377\000W\000O\000K\000\040\000z\000u\000\040\000e\000i\000n\000i\000g\000e\000n\000\040\000g\000e\000l\000\344\000u\000f\000i\000g\000e\000n\000\040\000P\000o\000l\000-\000\040\000/\000\040\000N\000S\000-\000V\000e\000r\000t\000e\000i\000l\000u\000n\000g\000e\000n\000\040\000\050\000S\000.\000\040\0009\0009\000\051}{section.11}% 78
\BOOKMARK [2][-]{section*.162}{\376\377\000A\000u\000s\000l\000e\000g\000e\000n\000\040\000e\000i\000n\000e\000s\000\040\000s\000t\000a\000i\000s\000c\000h\000e\000n\000\040\000P\000-\000R\000e\000g\000l\000e\000r\000s\000\040\000m\000i\000t\000t\000e\000l\000s\000\040\000W\000O\000K\000\040\000\050\000S\000.\000\040\0001\0000\0001\000-\0001\0000\0002\000\051}{section.11}% 79
\BOOKMARK [1][-]{section.12}{\376\377\000M\000a\000t\000l\000a\000b}{part.2}% 80
\BOOKMARK [2][-]{section*.166}{\376\377\000Z\000u\000s\000t\000a\000n\000d\000s\000r\000a\000u\000m\000d\000a\000r\000s\000t\000e\000l\000l\000u\000n\000g\000\040\000\050\000Z\000R\000D\000\051}{section.12}% 81
\BOOKMARK [2][-]{section*.169}{\376\377\000B\000o\000d\000e\000-\000\040\000u\000n\000d\000\040\000N\000y\000q\000u\000i\000s\000t}{section.12}% 82
\BOOKMARK [2][-]{section*.170}{\376\377\000z\000-\000T\000r\000a\000n\000s\000f\000o\000r\000m\000a\000t\000i\000o\000n}{section.12}% 83
\BOOKMARK [2][-]{section*.171}{\376\377\000I\000m\000p\000l\000e\000m\000e\000n\000t\000a\000t\000i\000o\000n\000\040\000e\000i\000n\000e\000s\000\040\000d\000i\000s\000k\000r\000e\000t\000e\000n\000\040\000R\000e\000g\000l\000e\000r\000s}{section.12}% 84
\BOOKMARK [2][-]{section*.172}{\376\377\000W\000u\000r\000z\000e\000l\000o\000r\000t\000s\000k\000u\000r\000v\000e\000n}{section.12}% 85
\BOOKMARK [2][-]{section*.173}{\376\377\000Z\000u\000s\000t\000a\000n\000d\000s\000r\000\374\000c\000k\000f\000\374\000h\000r\000u\000n\000g\000e\000n\000\040\000/\000\040\000B\000e\000o\000b\000a\000c\000h\000t\000e\000r}{section.12}% 86
\BOOKMARK [1][-]{section.13}{\376\377\000S\000t\000a\000t\000i\000s\000c\000h\000e\000\040\000G\000r\000u\000n\000d\000g\000l\000i\000e\000d\000e\000r\000\040\000\050\000o\000h\000n\000e\000\040\000G\000e\000d\000\344\000c\000h\000t\000n\000i\000s\000\051}{part.2}% 87
\BOOKMARK [2][-]{section*.174}{\376\377\000P\000-\000G\000l\000i\000e\000d\000\040\000\050\000P\000r\000o\000p\000o\000r\000t\000i\000o\000n\000a\000l\000\051}{section.13}% 88
\BOOKMARK [1][-]{section.14}{\376\377\000D\000y\000n\000a\000m\000i\000s\000c\000h\000e\000\040\000G\000r\000u\000n\000d\000g\000l\000i\000e\000d\000e\000r\000\040\000\050\000m\000i\000t\000\040\000G\000e\000d\000\344\000c\000h\000t\000n\000i\000s\000\051}{part.2}% 89
\BOOKMARK [2][-]{section*.176}{\376\377\000T\000o\000t\000z\000e\000i\000t\000-\000G\000l\000i\000e\000d}{section.14}% 90
\BOOKMARK [2][-]{section*.177}{\376\377\000I\000-\000G\000l\000i\000e\000d\000\040\000\050\000I\000n\000t\000e\000g\000r\000i\000e\000r\000e\000r\000\051}{section.14}% 91
\BOOKMARK [2][-]{section*.178}{\376\377\000P\000T\0001\000-\000G\000l\000i\000e\000d}{section.14}% 92
\BOOKMARK [2][-]{section*.181}{\376\377\000P\000T\0002\000-\000G\000l\000i\000e\000d}{section.14}% 93
\BOOKMARK [2][-]{section*.182}{\376\377\000D\000-\000G\000l\000i\000e\000d\000\040\000\050\000I\000d\000e\000a\000l\000e\000r\000\040\000D\000i\000f\000f\000e\000r\000e\000n\000z\000i\000e\000r\000e\000r\000\051}{section.14}% 94
\BOOKMARK [2][-]{section*.183}{\376\377\000D\000T\0001\000-\000G\000l\000i\000e\000d\000\040\000\050\000R\000e\000a\000l\000i\000s\000i\000e\000r\000b\000a\000r\000e\000r\000\040\000D\000i\000f\000f\000e\000r\000e\000n\000z\000i\000e\000r\000e\000r\000\051}{section.14}% 95
\BOOKMARK [2][-]{section*.185}{\376\377\000L\000e\000a\000d\000-\000G\000l\000i\000e\000d\000\040\000/\000\040\000L\000a\000g\000-\000G\000l\000i\000e\000d\000\040\000/\000\040\000L\000e\000a\000d\000-\000L\000a\000g\000-\000G\000l\000i\000e\000d}{section.14}% 96
\BOOKMARK [1][-]{section.15}{\376\377\000G\000r\000u\000n\000d\000g\000l\000i\000e\000d\000e\000r\000\040\040\023\000\040\000F\000r\000e\000q\000u\000e\000n\000z\000b\000e\000r\000e\000i\000c\000h}{part.2}% 97
\BOOKMARK [1][-]{section.16}{\376\377\000A\000n\000a\000l\000o\000g\000r\000e\000c\000h\000n\000e\000r}{part.2}% 98
