\BOOKMARK [1][-]{section.1}{\376\377\000W\000o\000h\000l\000s\000t\000a\000n\000d}{}% 1
\BOOKMARK [2][-]{section*.1}{\376\377\000E\000i\000n\000o\000r\000d\000n\000u\000n\000g\000\040\000u\000n\000d\000\040\000Z\000i\000e\000l\000s\000e\000t\000z\000u\000n\000g\000\040\000d\000e\000r\000\040\000V\000o\000l\000k\000s\000w\000i\000r\000t\000s\000c\000h\000a\000f\000t\000s\000l\000e\000h\000r\000e}{section.1}% 2
\BOOKMARK [2][-]{section*.2}{\376\377\000Z\000i\000e\000l\000e\000\040\000d\000e\000r\000\040\000W\000i\000r\000t\000s\000c\000h\000a\000f\000t\000s\000p\000o\000l\000i\000t\000i\000k}{section.1}% 3
\BOOKMARK [2][-]{section*.3}{\376\377\000A\000k\000t\000e\000u\000r\000e\000\040\000d\000e\000r\000\040\000V\000o\000l\000k\000s\000w\000i\000r\000t\000s\000c\000h\000a\000f\000t\000\040\000u\000n\000d\000\040\000W\000i\000r\000t\000s\000c\000h\000a\000f\000t\000s\000k\000r\000e\000i\000s\000l\000a\000u\000f}{section.1}% 4
\BOOKMARK [2][-]{section*.4}{\376\377\000D\000e\000f\000i\000n\000i\000t\000i\000o\000n\000\040\000v\000o\000n\000\040\000W\000o\000h\000l\000s\000t\000a\000n\000d}{section.1}% 5
\BOOKMARK [2][-]{section*.5}{\376\377\000M\000e\000s\000s\000u\000n\000g\000\040\000d\000e\000s\000\040\000W\000o\000h\000l\000s\000t\000a\000n\000d\000s\000:\000\040\000D\000a\000s\000\040\000B\000r\000u\000t\000t\000o\000i\000n\000l\000a\000n\000d\000p\000r\000o\000d\000u\000k\000t\000\040\000\050\000B\000I\000P\000\051}{section.1}% 6
\BOOKMARK [2][-]{section*.6}{\376\377\000N\000o\000m\000i\000n\000a\000l\000e\000s\000\040\000u\000n\000d\000\040\000r\000e\000a\000l\000e\000s\000\040\000B\000I\000P}{section.1}% 7
\BOOKMARK [2][-]{section*.7}{\376\377\000D\000i\000e\000\040\000d\000r\000e\000i\000\040\000P\000e\000r\000s\000p\000e\000k\000t\000i\000v\000e\000n\000\040\000d\000e\000r\000\040\000V\000o\000l\000k\000s\000w\000i\000r\000t\000s\000c\000h\000a\000f\000t\000l\000i\000c\000h\000e\000n\000\040\000G\000e\000s\000a\000m\000t\000r\000e\000c\000h\000n\000u\000n\000g\000\040\000\050\000V\000G\000R\000\051}{section.1}% 8
\BOOKMARK [2][-]{section*.8}{\376\377\000S\000t\000r\000u\000k\000t\000u\000r\000\040\000d\000e\000r\000\040\000S\000c\000h\000w\000e\000i\000z\000e\000r\000\040\000W\000e\000r\000t\000s\000c\000h\000\366\000p\000f\000u\000n\000g}{section.1}% 9
\BOOKMARK [2][-]{section*.9}{\376\377\000I\000n\000t\000e\000r\000n\000a\000t\000i\000o\000n\000a\000l\000e\000\040\000W\000o\000h\000l\000s\000t\000a\000n\000d\000s\000v\000e\000r\000g\000l\000e\000i\000c\000h\000e}{section.1}% 10
\BOOKMARK [2][-]{section*.10}{\376\377\000G\000r\000e\000n\000z\000e\000n\000\040\000d\000e\000r\000\040\000V\000o\000l\000k\000s\000w\000i\000r\000t\000s\000c\000h\000a\000f\000t\000l\000i\000c\000h\000e\000n\000\040\000G\000e\000s\000a\000m\000t\000r\000e\000c\000h\000n\000u\000n\000g}{section.1}% 11
\BOOKMARK [2][-]{section*.11}{\376\377\000W\000o\000h\000l\000s\000t\000a\000n\000d\000\040\000u\000n\000d\000\040\000L\000e\000b\000e\000n\000s\000q\000u\000a\000l\000i\000t\000\344\000t}{section.1}% 12
\BOOKMARK [2][-]{section*.12}{\376\377\000Z\000u\000s\000a\000m\000m\000e\000n\000f\000a\000s\000s\000u\000n\000g}{section.1}% 13
\BOOKMARK [1][-]{section.2}{\376\377\000\040\000W\000i\000r\000t\000s\000c\000h\000a\000f\000t\000s\000w\000a\000c\000h\000s\000t\000u\000m}{}% 14
\BOOKMARK [2][-]{section*.13}{\376\377\000P\000r\000o\000b\000l\000e\000m\000s\000t\000e\000l\000l\000u\000n\000g\000:\000\040\000W\000a\000r\000u\000m\000\040\000W\000a\000c\000h\000s\000t\000u\000m\000?}{section.2}% 15
\BOOKMARK [2][-]{section*.14}{\376\377\000B\000e\000d\000e\000u\000t\000u\000n\000g\000\040\000d\000e\000s\000\040\000l\000a\000n\000g\000f\000r\000i\000s\000t\000i\000g\000e\000n\000\040\000W\000a\000c\000h\000s\000t\000u\000m\000s}{section.2}% 16
\BOOKMARK [2][-]{section*.15}{\376\377\000W\000a\000c\000h\000s\000t\000u\000m\000\040\000v\000s\000.\000\040\000K\000o\000n\000j\000u\000n\000k\000t\000u\000r}{section.2}% 17
\BOOKMARK [2][-]{section*.16}{\376\377\000Q\000u\000e\000l\000l\000e\000n\000\040\000d\000e\000s\000\040\000W\000a\000c\000h\000s\000t\000u\000m\000s}{section.2}% 18
\BOOKMARK [2][-]{section*.17}{\376\377\000W\000a\000c\000h\000s\000t\000u\000m\000s\000e\000n\000t\000w\000i\000c\000k\000l\000u\000n\000g\000\040\000S\000c\000h\000w\000e\000i\000z}{section.2}% 19
\BOOKMARK [2][-]{section*.18}{\376\377\000D\000i\000a\000g\000n\000o\000s\000e\000\040\000W\000a\000c\000h\000s\000t\000u\000m\000s\000f\000l\000a\000u\000t\000e}{section.2}% 20
\BOOKMARK [2][-]{section*.19}{\376\377\000I\000n\000t\000e\000r\000n\000a\000t\000i\000o\000n\000a\000l\000e\000\040\000P\000r\000o\000d\000u\000k\000t\000i\000v\000i\000t\000\344\000t\000s\000v\000e\000r\000g\000l\000e\000i\000c\000h\000e}{section.2}% 21
\BOOKMARK [2][-]{section*.20}{\376\377\000M\000\366\000g\000l\000i\000c\000h\000e\000\040\000U\000r\000s\000a\000c\000h\000e\000n\000\040\000d\000e\000r\000\040\000P\000r\000o\000d\000u\000k\000t\000i\000v\000i\000t\000\344\000t\000s\000s\000c\000h\000w\000\344\000c\000h\000e}{section.2}% 22
\BOOKMARK [2][-]{section*.21}{\376\377\000R\000o\000l\000l\000e\000\040\000d\000e\000r\000\040\000S\000t\000a\000a\000t\000s\000q\000u\000o\000t\000e}{section.2}% 23
\BOOKMARK [2][-]{section*.22}{\376\377\000S\000c\000h\000w\000e\000i\000z\000e\000r\000\040\000W\000a\000c\000h\000s\000t\000u\000m\000s\000p\000o\000l\000i\000t\000i\000k\000\040\000a\000b\000\040\0002\0000\0000\0004}{section.2}% 24
\BOOKMARK [2][-]{section*.23}{\376\377\000W\000a\000c\000h\000s\000t\000u\000m\000s\000p\000o\000l\000i\000t\000i\000k\000\040\000I\000\040\000\050\0002\0000\0000\0004\040\023\0002\0000\0000\0007\000\051}{section.2}% 25
\BOOKMARK [2][-]{section*.24}{\376\377\000W\000a\000c\000h\000s\000t\000u\000m\000s\000p\000o\000l\000i\000t\000i\000k\000\040\000I\000I\000\040\000\050\0002\0000\0000\0008\040\023\0002\0000\0001\0001\000\051}{section.2}% 26
\BOOKMARK [2][-]{section*.25}{\376\377\000W\000a\000c\000h\000s\000t\000u\000m\000s\000p\000o\000l\000i\000t\000i\000k\000\040\000I\000I\000I\000\040\000\050\0002\0000\0001\0002\040\023\0002\0000\0001\0005\000\051}{section.2}% 27
\BOOKMARK [2][-]{section*.26}{\376\377\000W\000a\000c\000h\000s\000t\000u\000m\000s\000p\000o\000l\000i\000t\000i\000k\000\040\000I\000V\000\040\000\050\0002\0000\0001\0006\040\023\0002\0000\0001\0009\000\051}{section.2}% 28
\BOOKMARK [2][-]{section*.27}{\376\377\000G\000e\000s\000a\000m\000t\000f\000a\000z\000i\000t\000\040\000d\000e\000r\000\040\000L\000e\000r\000n\000e\000i\000n\000h\000e\000i\000t}{section.2}% 29
\BOOKMARK [1][-]{section.3}{\376\377\000W\000o\000h\000l\000s\000t\000a\000n\000d\000s\000v\000e\000r\000t\000e\000i\000l\000u\000n\000g\000\040\000u\000n\000d\000\040\000U\000m\000v\000e\000r\000t\000e\000i\000l\000u\000n\000g}{}% 30
\BOOKMARK [2][-]{section*.28}{\376\377\000G\000r\000u\000n\000d\000p\000r\000o\000b\000l\000e\000m\000\040\000d\000e\000r\000\040\000V\000e\000r\000t\000e\000i\000l\000u\000n\000g}{section.3}% 31
\BOOKMARK [2][-]{section*.29}{\376\377\000E\000f\000f\000i\000z\000i\000e\000n\000z\000\040\000u\000n\000d\000\040\000V\000e\000r\000t\000e\000i\000l\000u\000n\000g}{section.3}% 32
\BOOKMARK [2][-]{section*.30}{\376\377\000Z\000i\000e\000l\000k\000o\000n\000f\000l\000i\000k\000t\000\040\000z\000w\000i\000s\000c\000h\000e\000n\000\040\000E\000f\000f\000i\000z\000i\000e\000n\000z\000\040\000u\000n\000d\000\040\000U\000m\000v\000e\000r\000t\000e\000i\000l\000u\000n\000g}{section.3}% 33
\BOOKMARK [2][-]{section*.31}{\376\377\000M\000e\000s\000s\000u\000n\000g\000\040\000d\000e\000r\000\040\000U\000n\000g\000l\000e\000i\000c\000h\000h\000e\000i\000t}{section.3}% 34
\BOOKMARK [2][-]{section*.34}{\376\377\000E\000i\000n\000k\000o\000m\000m\000e\000n\000s\000v\000e\000r\000t\000e\000i\000l\000u\000n\000g\000\040\000w\000e\000l\000t\000w\000e\000i\000t}{section.3}% 35
\BOOKMARK [2][-]{section*.35}{\376\377\000V\000e\000r\000m\000\366\000g\000e\000n\000s\000v\000e\000r\000t\000e\000i\000l\000u\000n\000g\000\040\000w\000e\000l\000t\000w\000e\000i\000t}{section.3}% 36
\BOOKMARK [2][-]{section*.36}{\376\377\000V\000e\000r\000m\000\366\000g\000e\000n\000s\000v\000e\000r\000t\000e\000i\000l\000u\000n\000g\000\040\000i\000n\000\040\000d\000e\000r\000\040\000S\000c\000h\000w\000e\000i\000z}{section.3}% 37
\BOOKMARK [2][-]{section*.37}{\376\377\000E\000i\000n\000k\000o\000m\000m\000e\000n\000s\000q\000u\000e\000l\000l\000e\000n}{section.3}% 38
\BOOKMARK [2][-]{section*.38}{\376\377\000I\000n\000s\000t\000r\000u\000m\000e\000n\000t\000e\000\040\000d\000e\000r\000\040\000U\000m\000v\000e\000r\000t\000e\000i\000l\000u\000n\000g}{section.3}% 39
\BOOKMARK [2][-]{section*.41}{\376\377\000U\000m\000v\000e\000r\000t\000e\000i\000l\000u\000n\000g\000\040\000i\000n\000\040\000d\000e\000r\000\040\000S\000c\000h\000w\000e\000i\000z}{section.3}% 40
\BOOKMARK [2][-]{section*.42}{\376\377\000D\000i\000e\000\040\000S\000o\000z\000i\000a\000l\000w\000e\000r\000k\000e\000\040\000d\000e\000r\000\040\000S\000c\000h\000w\000e\000i\000z}{section.3}% 41
\BOOKMARK [2][-]{section*.43}{\376\377\000D\000a\000s\000\040\000D\000r\000e\000i\000-\000S\000\344\000u\000l\000e\000n\000-\000S\000y\000s\000t\000e\000m\000\040\000d\000e\000r\000\040\000A\000l\000t\000e\000r\000s\000v\000o\000r\000s\000o\000r\000g\000e}{section.3}% 42
\BOOKMARK [2][-]{section*.44}{\376\377\000D\000e\000m\000o\000g\000r\000a\000f\000i\000s\000c\000h\000e\000\040\000E\000n\000t\000w\000i\000c\000k\000l\000u\000n\000g}{section.3}% 43
\BOOKMARK [2][-]{section*.45}{\376\377\000P\000o\000l\000i\000t\000i\000s\000c\000h\000e\000\040\000S\000t\000e\000l\000l\000s\000c\000h\000r\000a\000u\000b\000e\000n}{section.3}% 44
\BOOKMARK [2][-]{section*.46}{\376\377\000B\000e\000d\000i\000n\000g\000u\000n\000g\000s\000l\000o\000s\000e\000s\000\040\000G\000r\000u\000n\000d\000e\000i\000n\000k\000o\000m\000m\000e\000n}{section.3}% 45
\BOOKMARK [2][-]{section*.47}{\376\377\000G\000e\000s\000a\000m\000t\000f\000a\000z\000i\000t}{section.3}% 46
\BOOKMARK [1][-]{section.4}{\376\377\000K\000o\000n\000j\000u\000n\000k\000t\000u\000r}{}% 47
\BOOKMARK [2][-]{section*.48}{\376\377\000K\000o\000n\000j\000u\000n\000k\000t\000u\000r\000\040\000v\000s\000.\000\040\000W\000a\000c\000h\000s\000t\000u\000m}{section.4}% 48
\BOOKMARK [2][-]{section*.49}{\376\377\000K\000o\000n\000j\000u\000n\000k\000t\000u\000r\000i\000n\000d\000i\000k\000a\000t\000o\000r\000e\000n}{section.4}% 49
\BOOKMARK [2][-]{section*.50}{\376\377\000M\000a\000k\000r\000o\000\366\000k\000o\000n\000o\000m\000i\000s\000c\000h\000e\000s\000\040\000G\000r\000u\000n\000d\000m\000o\000d\000e\000l\000l}{section.4}% 50
\BOOKMARK [2][-]{section*.51}{\376\377\000N\000a\000c\000h\000f\000r\000a\000g\000e\000s\000c\000h\000o\000c\000k\000s}{section.4}% 51
\BOOKMARK [2][-]{section*.52}{\376\377\000A\000n\000g\000e\000b\000o\000t\000s\000s\000c\000h\000o\000c\000k\000s}{section.4}% 52
\BOOKMARK [2][-]{section*.53}{\376\377\000K\000o\000n\000j\000u\000n\000k\000t\000u\000r\000z\000y\000k\000l\000e\000n}{section.4}% 53
\BOOKMARK [2][-]{section*.54}{\376\377\000K\000o\000n\000j\000u\000n\000k\000t\000u\000r\000e\000l\000l\000e\000\040\000A\000r\000b\000e\000i\000t\000s\000l\000o\000s\000i\000g\000k\000e\000i\000t}{section.4}% 54
\BOOKMARK [2][-]{section*.55}{\376\377\000K\000o\000n\000j\000u\000n\000k\000t\000u\000r\000p\000o\000l\000i\000t\000i\000k}{section.4}% 55
\BOOKMARK [2][-]{section*.56}{\376\377\000A\000u\000t\000o\000m\000a\000t\000i\000s\000c\000h\000e\000\040\000S\000t\000a\000b\000i\000l\000i\000s\000a\000t\000o\000r\000e\000n}{section.4}% 56
\BOOKMARK [2][-]{section*.57}{\376\377\000S\000c\000h\000w\000e\000i\000z\000e\000r\000\040\000K\000o\000n\000j\000u\000n\000k\000t\000u\000r\000p\000o\000l\000i\000t\000i\000k}{section.4}% 57
\BOOKMARK [2][-]{section*.58}{\376\377\000K\000o\000n\000j\000u\000n\000k\000t\000u\000r\000p\000r\000o\000g\000r\000a\000m\000m\000\040\0002\0000\0000\0008\040\023\0002\0000\0001\0000}{section.4}% 58
\BOOKMARK [2][-]{section*.59}{\376\377\000C\000o\000r\000o\000n\000a\000-\000K\000r\000i\000s\000e\000\040\0002\0000\0002\0000}{section.4}% 59
\BOOKMARK [2][-]{section*.60}{\376\377\000Z\000y\000k\000l\000i\000s\000c\000h\000e\000\040\000W\000i\000r\000t\000s\000c\000h\000a\000f\000t\000s\000k\000r\000i\000s\000e\000n}{section.4}% 60
\BOOKMARK [1][-]{section.5}{\376\377\000M\000a\000k\000r\000o\000\366\000k\000o\000n\000o\000m\000i\000s\000c\000h\000e\000s\000\040\000M\000o\000d\000e\000l\000l}{}% 61
\BOOKMARK [2][-]{section*.61}{\376\377\000G\000r\000u\000n\000d\000i\000d\000e\000e}{section.5}% 62
\BOOKMARK [2][-]{section*.62}{\376\377\000A\000c\000h\000s\000e\000n\000\040\000d\000e\000s\000\040\000M\000o\000d\000e\000l\000l\000s}{section.5}% 63
\BOOKMARK [2][-]{section*.63}{\376\377\000A\000g\000g\000r\000e\000g\000i\000e\000r\000t\000e\000\040\000N\000a\000c\000h\000f\000r\000a\000g\000e\000\040\000\050\000A\000N\000\051}{section.5}% 64
\BOOKMARK [2][-]{section*.64}{\376\377\000K\000u\000r\000z\000f\000r\000i\000s\000t\000i\000g\000e\000\040\000a\000g\000g\000r\000e\000g\000i\000e\000r\000t\000e\000\040\000A\000n\000g\000e\000b\000o\000t\000s\000k\000u\000r\000v\000e\000\040\000\050\000A\000A\000K\000\051}{section.5}% 65
\BOOKMARK [2][-]{section*.65}{\376\377\000L\000a\000n\000g\000f\000r\000i\000s\000t\000i\000g\000e\000\040\000A\000n\000g\000e\000b\000o\000t\000s\000k\000u\000r\000v\000e\000\040\000\050\000A\000A\000L\000\051}{section.5}% 66
\BOOKMARK [2][-]{section*.66}{\376\377\000M\000a\000k\000r\000o\000\366\000k\000o\000n\000o\000m\000i\000s\000c\000h\000e\000s\000\040\000G\000l\000e\000i\000c\000h\000g\000e\000w\000i\000c\000h\000t}{section.5}% 67
\BOOKMARK [2][-]{section*.67}{\376\377\000\334\000b\000e\000r\000-\000\040\000u\000n\000d\000\040\000U\000n\000t\000e\000r\000a\000u\000s\000l\000a\000s\000t\000u\000n\000g}{section.5}% 68
