\BOOKMARK [1][-]{section.1}{\376\377\000W\000o\000z\000u\000\040\000T\000e\000c\000h\000n\000i\000k\000g\000e\000s\000c\000h\000i\000c\000h\000t\000e\000?}{}% 1
\BOOKMARK [2][-]{section*.1}{\376\377\000L\000e\000b\000e\000n\000\040\000i\000n\000\040\000e\000i\000n\000e\000r\000\040\000t\000e\000c\000h\000n\000i\000s\000c\000h\000e\000n\000\040\000K\000u\000l\000t\000u\000r}{section.1}% 2
\BOOKMARK [2][-]{section*.2}{\376\377\000W\000a\000s\000\040\000i\000s\000t\000\040\000G\000e\000g\000e\000n\000s\000t\000a\000n\000d\000\040\000d\000e\000r\000\040\000T\000e\000c\000h\000n\000i\000k\000g\000e\000s\000c\000h\000i\000c\000h\000t\000e\000?}{section.1}% 3
\BOOKMARK [2][-]{section*.3}{\376\377\000W\000e\000c\000h\000s\000e\000l\000w\000i\000r\000k\000u\000n\000g\000e\000n\000\040\000z\000w\000i\000s\000c\000h\000e\000n\000\040\000T\000e\000c\000h\000n\000i\000k\000\040\000u\000n\000d\000\040\000G\000e\000s\000e\000l\000l\000s\000c\000h\000a\000f\000t}{section.1}% 4
\BOOKMARK [2][-]{section*.4}{\376\377\000F\000a\000l\000l\000b\000e\000i\000s\000p\000i\000e\000l\000:\000\040\000B\000a\000u\000\040\000d\000e\000r\000\040\000F\000\374\000r\000s\000t\000e\000n\000l\000a\000n\000d\000b\000r\000\374\000c\000k\000e\000\040\000\050\0001\0009\0003\0007\040\023\0001\0009\0004\0001\000\051}{section.1}% 5
\BOOKMARK [2][-]{section*.5}{\376\377\000T\000e\000c\000h\000n\000i\000k\000g\000e\000s\000c\000h\000i\000c\000h\000t\000e\000\040\000a\000l\000s\000\040\000G\000e\000s\000e\000l\000l\000s\000c\000h\000a\000f\000t\000s\000g\000e\000s\000c\000h\000i\000c\000h\000t\000e}{section.1}% 6
\BOOKMARK [2][-]{section*.6}{\376\377\000M\000e\000t\000h\000o\000d\000i\000s\000c\000h\000e\000s\000\040\000V\000o\000r\000g\000e\000h\000e\000n\000\040\000d\000e\000r\000\040\000G\000e\000s\000c\000h\000i\000c\000h\000t\000s\000w\000i\000s\000s\000e\000n\000s\000c\000h\000a\000f\000t}{section.1}% 7
\BOOKMARK [2][-]{section*.7}{\376\377\000Z\000i\000e\000l\000\040\000d\000e\000s\000\040\000K\000u\000r\000s\000e\000s}{section.1}% 8
\BOOKMARK [2][-]{section*.8}{\376\377\000Z\000u\000s\000a\000m\000m\000e\000n\000f\000a\000s\000s\000u\000n\000g}{section.1}% 9
\BOOKMARK [1][-]{section.2}{\376\377\000W\000i\000e\000\040\000d\000i\000e\000\040\000W\000e\000l\000t\000\040\000i\000n\000\040\000d\000e\000n\000\040\000C\000o\000m\000p\000u\000t\000e\000r\000\040\000k\000a\000m\000\040\040\023\000\040\000N\000a\000r\000r\000a\000t\000i\000v\000e\000\040\000d\000e\000r\000\040\000T\000e\000c\000h\000n\000i\000k\000g\000e\000s\000c\000h\000i\000c\000h\000t\000e}{}% 10
\BOOKMARK [2][-]{section*.9}{\376\377\000E\000i\000n\000f\000\374\000h\000r\000u\000n\000g\000:\000\040\000C\000o\000m\000p\000u\000t\000e\000r\000g\000e\000s\000c\000h\000i\000c\000h\000t\000e\000\040\000a\000l\000s\000\040\000E\000r\000z\000\344\000h\000l\000u\000n\000g}{section.2}% 11
\BOOKMARK [2][-]{section*.10}{\376\377\000E\000t\000a\000p\000p\000e\000n\000\040\000d\000e\000r\000\040\000C\000o\000m\000p\000u\000t\000e\000r\000g\000e\000s\000c\000h\000i\000c\000h\000t\000e}{section.2}% 12
\BOOKMARK [2][-]{section*.11}{\376\377\0001\000.\000\040\000V\000o\000r\000l\000\344\000u\000f\000e\000r\000\040\000b\000i\000s\000\040\0001\0009\0000\0000}{section.2}% 13
\BOOKMARK [2][-]{section*.12}{\376\377\0002\000.\000\040\0001\0009\0003\0000\000e\000r\000\040\000u\000n\000d\000\040\0001\0009\0004\0000\000e\000r\000:\000\040\000M\000i\000l\000i\000t\000\344\000r\000\040\000u\000n\000d\000\040\000W\000i\000s\000s\000e\000n\000s\000c\000h\000a\000f\000t}{section.2}% 14
\BOOKMARK [2][-]{section*.13}{\376\377\0003\000.\000\040\0001\0009\0005\0000\000e\000r\000/\0001\0009\0006\0000\000e\000r\000:\000\040\000K\000o\000m\000m\000e\000r\000z\000i\000e\000l\000l\000e\000\040\000V\000e\000r\000w\000a\000l\000t\000u\000n\000g\000s\000m\000a\000s\000c\000h\000i\000n\000e\000n}{section.2}% 15
\BOOKMARK [2][-]{section*.14}{\376\377\0004\000.\000\040\0001\0009\0007\0000\000e\000r\000/\0001\0009\0008\0000\000e\000r\000:\000\040\000C\000o\000m\000p\000u\000t\000e\000r\000\040\000f\000\374\000r\000\040\000a\000l\000l\000e}{section.2}% 16
\BOOKMARK [2][-]{section*.15}{\376\377\0005\000.\000\040\000A\000b\000\040\0001\0009\0009\0000\000:\000\040\000C\000o\000m\000p\000u\000t\000e\000r\000\040\000a\000l\000s\000\040\000I\000n\000f\000r\000a\000s\000t\000r\000u\000k\000t\000u\000r\000\040\000u\000n\000d\000\040\000U\000m\000w\000e\000l\000t}{section.2}% 17
\BOOKMARK [2][-]{section*.16}{\376\377\000Z\000e\000n\000t\000r\000a\000l\000e\000\040\000E\000r\000k\000e\000n\000n\000t\000n\000i\000s\000s\000e}{section.2}% 18
\BOOKMARK [1][-]{section.3}{\376\377\000T\000e\000c\000h\000n\000i\000k\000\040\000a\000l\000s\000\040\000D\000e\000u\000t\000u\000n\000g\000s\000a\000n\000g\000e\000b\000o\000t\000\040\040\023\000\040\000R\000a\000k\000e\000t\000e\000n\000t\000e\000c\000h\000n\000i\000k\000\040\000u\000n\000d\000\040\000R\000a\000u\000m\000f\000a\000h\000r\000t}{}% 19
\BOOKMARK [2][-]{section*.17}{\376\377\000E\000i\000n\000f\000\374\000h\000r\000u\000n\000g\000:\000\040\000T\000e\000c\000h\000n\000i\000k\000\040\000a\000l\000s\000\040\000h\000i\000s\000t\000o\000r\000i\000s\000c\000h\000e\000s\000\040\000D\000e\000u\000t\000u\000n\000g\000s\000a\000n\000g\000e\000b\000o\000t}{section.3}% 20
\BOOKMARK [2][-]{section*.18}{\376\377\000H\000i\000s\000t\000o\000r\000i\000s\000c\000h\000e\000\040\000P\000e\000r\000s\000p\000e\000k\000t\000i\000v\000e\000\040\000u\000n\000d\000\040\000A\000n\000a\000c\000h\000r\000o\000n\000i\000s\000m\000u\000s}{section.3}% 21
\BOOKMARK [2][-]{section*.19}{\376\377\000G\000r\000u\000n\000d\000l\000a\000g\000e\000n\000\040\000d\000e\000r\000\040\000R\000a\000k\000e\000t\000e\000n\000t\000e\000c\000h\000n\000i\000k}{section.3}% 22
\BOOKMARK [2][-]{section*.20}{\376\377\000T\000e\000c\000h\000n\000i\000k\000\040\000u\000n\000d\000\040\000K\000r\000i\000e\000g\000:\000\040\000D\000i\000e\000\040\000A\0004\000\040\000b\000z\000w\000.\000\040\000V\0002\000-\000R\000a\000k\000e\000t\000e}{section.3}% 23
\BOOKMARK [2][-]{section*.21}{\376\377\000K\000r\000i\000e\000g\000\040\000a\000l\000s\000\040\000M\000o\000t\000o\000r\000\040\000t\000e\000c\000h\000n\000i\000s\000c\000h\000e\000r\000\040\000E\000n\000t\000w\000i\000c\000k\000l\000u\000n\000g\000?}{section.3}% 24
\BOOKMARK [2][-]{section*.22}{\376\377\000T\000e\000c\000h\000n\000i\000k\000e\000r\000\040\000n\000a\000c\000h\000\040\000d\000e\000m\000\040\000Z\000w\000e\000i\000t\000e\000n\000\040\000W\000e\000l\000t\000k\000r\000i\000e\000g}{section.3}% 25
\BOOKMARK [2][-]{section*.23}{\376\377\000R\000a\000u\000m\000f\000a\000h\000r\000t\000\040\000i\000m\000\040\000K\000a\000l\000t\000e\000n\000\040\000K\000r\000i\000e\000g}{section.3}% 26
\BOOKMARK [2][-]{section*.24}{\376\377\000D\000i\000e\000\040\000N\000e\000u\000o\000r\000i\000e\000n\000t\000i\000e\000r\000u\000n\000g\000\040\000d\000e\000r\000\040\000N\000A\000S\000A}{section.3}% 27
\BOOKMARK [2][-]{section*.25}{\376\377\000R\000a\000u\000m\000f\000a\000h\000r\000t\000\040\000s\000e\000i\000t\000\040\000d\000e\000n\000\040\0001\0009\0007\0000\000e\000r\000\040\000J\000a\000h\000r\000e\000n}{section.3}% 28
\BOOKMARK [2][-]{section*.26}{\376\377\000N\000e\000u\000e\000\040\000R\000a\000u\000m\000f\000a\000h\000r\000t\000\040\000i\000m\000\040\0002\0001\000.\000\040\000J\000a\000h\000r\000h\000u\000n\000d\000e\000r\000t}{section.3}% 29
\BOOKMARK [2][-]{section*.27}{\376\377\000S\000a\000t\000e\000l\000l\000i\000t\000e\000n\000\040\000a\000l\000s\000\040\000u\000n\000s\000i\000c\000h\000t\000b\000a\000r\000e\000\040\000I\000n\000f\000r\000a\000s\000t\000r\000u\000k\000t\000u\000r}{section.3}% 30
\BOOKMARK [2][-]{section*.28}{\376\377\000Z\000e\000n\000t\000r\000a\000l\000e\000\040\000E\000r\000k\000e\000n\000n\000t\000n\000i\000s\000s\000e}{section.3}% 31
\BOOKMARK [1][-]{section.4}{\376\377\000I\000n\000d\000u\000s\000t\000r\000i\000a\000l\000i\000s\000i\000e\000r\000u\000n\000g\000\040\000u\000n\000d\000\040\000A\000u\000f\000b\000r\000u\000c\000h\000\040\000i\000n\000\040\000d\000i\000e\000\040\000M\000o\000d\000e\000r\000n\000e}{}% 32
\BOOKMARK [2][-]{section*.29}{\376\377\000E\000i\000n\000f\000\374\000h\000r\000u\000n\000g\000:\000\040\000I\000n\000d\000u\000s\000t\000r\000i\000a\000l\000i\000s\000i\000e\000r\000u\000n\000g\000\040\000a\000l\000s\000\040\000g\000e\000s\000e\000l\000l\000s\000c\000h\000a\000f\000t\000l\000i\000c\000h\000e\000r\000\040\000T\000r\000a\000n\000s\000f\000o\000r\000m\000a\000t\000i\000o\000n\000s\000p\000r\000o\000z\000e\000s\000s}{section.4}% 33
\BOOKMARK [2][-]{section*.30}{\376\377\000D\000a\000s\000\040\000h\000i\000s\000t\000o\000r\000i\000o\000g\000r\000a\000p\000h\000i\000s\000c\000h\000e\000\040\000P\000r\000o\000b\000l\000e\000m\000\040\000d\000e\000r\000\040\000I\000n\000d\000u\000s\000t\000r\000i\000a\000l\000i\000s\000i\000e\000r\000u\000n\000g}{section.4}% 34
\BOOKMARK [2][-]{section*.31}{\376\377\000P\000r\000o\000t\000o\000i\000n\000d\000u\000s\000t\000r\000i\000e\000\040\000i\000m\000\040\000o\000s\000t\000s\000c\000h\000w\000e\000i\000z\000e\000r\000i\000s\000c\000h\000e\000n\000\040\000T\000e\000x\000t\000i\000l\000g\000e\000w\000e\000r\000b\000e}{section.4}% 35
\BOOKMARK [2][-]{section*.32}{\376\377\000P\000r\000o\000d\000u\000k\000t\000i\000o\000n\000\040\000i\000m\000\040\000V\000e\000r\000l\000a\000g\000s\000s\000y\000s\000t\000e\000m}{section.4}% 36
\BOOKMARK [2][-]{section*.33}{\376\377\000D\000e\000r\000\040\000E\000n\000g\000p\000a\000s\000s\000\040\000d\000e\000r\000\040\000G\000a\000r\000n\000s\000p\000i\000n\000n\000e\000r\000e\000i}{section.4}% 37
\BOOKMARK [2][-]{section*.34}{\376\377\000W\000a\000r\000u\000m\000\040\000b\000e\000g\000a\000n\000n\000\040\000d\000i\000e\000\040\000I\000n\000d\000u\000s\000t\000r\000i\000a\000l\000i\000s\000i\000e\000r\000u\000n\000g\000\040\000i\000n\000\040\000G\000r\000o\000s\000s\000b\000r\000i\000t\000a\000n\000n\000i\000e\000n\000?}{section.4}% 38
\BOOKMARK [2][-]{section*.35}{\376\377\000N\000a\000c\000h\000h\000o\000l\000e\000n\000d\000e\000\040\000I\000n\000d\000u\000s\000t\000r\000i\000a\000l\000i\000s\000i\000e\000r\000u\000n\000g\000\040\000i\000n\000\040\000d\000e\000r\000\040\000S\000c\000h\000w\000e\000i\000z}{section.4}% 39
\BOOKMARK [2][-]{section*.36}{\376\377\000D\000a\000s\000\040\000F\000a\000b\000r\000i\000k\000s\000y\000s\000t\000e\000m\000\040\000u\000n\000d\000\040\000d\000i\000e\000\040\000s\000o\000z\000i\000a\000l\000e\000\040\000F\000r\000a\000g\000e}{section.4}% 40
\BOOKMARK [2][-]{section*.37}{\376\377\000D\000a\000s\000\040\000F\000a\000b\000r\000i\000k\000g\000e\000s\000e\000t\000z\000\040\000v\000o\000n\000\040\0001\0008\0007\0007}{section.4}% 41
\BOOKMARK [2][-]{section*.38}{\376\377\000D\000i\000e\000\040\000o\000s\000t\000s\000c\000h\000w\000e\000i\000z\000e\000r\000i\000s\000c\000h\000e\000\040\000S\000t\000i\000c\000k\000e\000r\000e\000i\000i\000n\000d\000u\000s\000t\000r\000i\000e}{section.4}% 42
\BOOKMARK [2][-]{section*.39}{\376\377\000M\000e\000c\000h\000a\000n\000i\000s\000i\000e\000r\000u\000n\000g\000\040\000d\000e\000r\000\040\000S\000t\000i\000c\000k\000e\000r\000e\000i}{section.4}% 43
\BOOKMARK [2][-]{section*.40}{\376\377\000H\000e\000i\000m\000a\000r\000b\000e\000i\000t\000\040\000u\000n\000d\000\040\000d\000a\000s\000\040\000D\000i\000l\000e\000m\000m\000a\000\040\000d\000e\000r\000\040\000M\000o\000d\000e\000r\000n\000e}{section.4}% 44
\BOOKMARK [2][-]{section*.41}{\376\377\000A\000r\000b\000e\000i\000t\000s\000t\000e\000i\000l\000u\000n\000g\000\040\000u\000n\000d\000\040\000G\000e\000s\000c\000h\000l\000e\000c\000h\000t\000e\000r\000r\000o\000l\000l\000e\000n}{section.4}% 45
\BOOKMARK [2][-]{section*.42}{\376\377\000D\000a\000s\000\040\000E\000n\000d\000e\000\040\000d\000e\000r\000\040\000S\000t\000i\000c\000k\000e\000r\000e\000i\000b\000l\000\374\000t\000e}{section.4}% 46
\BOOKMARK [2][-]{section*.43}{\376\377\000Z\000e\000n\000t\000r\000a\000l\000e\000\040\000E\000r\000k\000e\000n\000n\000t\000n\000i\000s\000s\000e}{section.4}% 47
\BOOKMARK [1][-]{section.5}{\376\377\000D\000i\000e\000\040\000E\000i\000s\000e\000n\000b\000a\000h\000n\000\040\000u\000n\000d\000\040\000d\000e\000r\000\040\000T\000a\000k\000t\000f\000a\000h\000r\000p\000l\000a\000n}{}% 48
\BOOKMARK [2][-]{section*.44}{\376\377\000E\000i\000n\000f\000\374\000h\000r\000u\000n\000g\000:\000\040\000V\000e\000r\000k\000e\000h\000r\000\040\000a\000l\000s\000\040\000G\000r\000u\000n\000d\000l\000a\000g\000e\000\040\000d\000e\000r\000\040\000M\000o\000d\000e\000r\000n\000e}{section.5}% 49
\BOOKMARK [2][-]{section*.45}{\376\377\000D\000i\000e\000\040\000E\000i\000s\000e\000n\000b\000a\000h\000n\000\040\000a\000l\000s\000\040\000S\000y\000m\000b\000o\000l\000\040\000d\000e\000s\000\040\000F\000o\000r\000t\000s\000c\000h\000r\000i\000t\000t\000s}{section.5}% 50
\BOOKMARK [2][-]{section*.46}{\376\377\000D\000i\000e\000\040\000E\000n\000t\000w\000i\000c\000k\000l\000u\000n\000g\000\040\000d\000e\000r\000\040\000E\000i\000s\000e\000n\000b\000a\000h\000n\000\040\000i\000n\000\040\000d\000e\000r\000\040\000S\000c\000h\000w\000e\000i\000z}{section.5}% 51
\BOOKMARK [2][-]{section*.47}{\376\377\000V\000e\000r\000k\000e\000h\000r\000,\000\040\000K\000o\000m\000m\000u\000n\000i\000k\000a\000t\000i\000o\000n\000\040\000u\000n\000d\000\040\000g\000e\000s\000e\000l\000l\000s\000c\000h\000a\000f\000t\000l\000i\000c\000h\000e\000r\000\040\000W\000a\000n\000d\000e\000l}{section.5}% 52
\BOOKMARK [2][-]{section*.48}{\376\377\000Q\000u\000e\000l\000l\000e\000n\000k\000r\000i\000t\000i\000k\000:\000\040\000D\000a\000s\000\040\000S\000i\000g\000n\000a\000l\000i\000s\000a\000t\000i\000o\000n\000s\000s\000y\000s\000t\000e\000m\000\040\000d\000e\000r\000\040\000S\000B\000B}{section.5}% 53
\BOOKMARK [2][-]{section*.49}{\376\377\000D\000e\000r\000\040\000T\000a\000k\000t\000f\000a\000h\000r\000p\000l\000a\000n\000\040\000a\000l\000s\000\040\000o\000r\000g\000a\000n\000i\000s\000a\000t\000o\000r\000i\000s\000c\000h\000e\000\040\000I\000n\000n\000o\000v\000a\000t\000i\000o\000n}{section.5}% 54
\BOOKMARK [2][-]{section*.50}{\376\377\000D\000e\000r\000\040\040\036\000S\000p\000i\000n\000n\000e\000r\000\040\000C\000l\000u\000b\040\034\000\040\000u\000n\000d\000\040\000n\000e\000u\000e\000\040\000D\000e\000n\000k\000w\000e\000i\000s\000e\000n}{section.5}% 55
\BOOKMARK [2][-]{section*.51}{\376\377\000V\000o\000m\000\040\000V\000e\000r\000k\000e\000h\000r\000s\000m\000i\000t\000t\000e\000l\000\040\000z\000u\000m\000\040\000M\000o\000b\000i\000l\000i\000t\000\344\000t\000s\000a\000n\000g\000e\000b\000o\000t}{section.5}% 56
\BOOKMARK [2][-]{section*.52}{\376\377\000Z\000e\000n\000t\000r\000a\000l\000e\000\040\000E\000r\000k\000e\000n\000n\000t\000n\000i\000s\000s\000e}{section.5}% 57
\BOOKMARK [1][-]{section.6}{\376\377\000\050\000A\000u\000t\000o\000-\000\051\000M\000o\000b\000i\000l\000e\000\040\000S\000o\000c\000i\000e\000t\000y}{}% 58
\BOOKMARK [2][-]{section*.53}{\376\377\000E\000i\000n\000f\000\374\000h\000r\000u\000n\000g\000:\000\040\000V\000o\000m\000\040\000I\000n\000d\000u\000s\000t\000r\000i\000e\000-\000\040\000z\000u\000m\000\040\000K\000o\000n\000s\000u\000m\000z\000e\000i\000t\000a\000l\000t\000e\000r}{section.6}% 59
\BOOKMARK [2][-]{section*.54}{\376\377\000M\000a\000s\000s\000e\000n\000m\000o\000t\000o\000r\000i\000s\000i\000e\000r\000u\000n\000g\000\040\000u\000n\000d\000\040\000i\000n\000d\000i\000v\000i\000d\000u\000e\000l\000l\000e\000\040\000F\000r\000e\000i\000h\000e\000i\000t}{section.6}% 60
\BOOKMARK [2][-]{section*.55}{\376\377\000A\000u\000t\000o\000m\000o\000b\000i\000l\000i\000s\000i\000e\000r\000u\000n\000g\000\040\000u\000n\000d\000\040\000n\000e\000u\000e\000\040\000L\000e\000b\000e\000n\000s\000f\000o\000r\000m\000e\000n}{section.6}% 61
\BOOKMARK [2][-]{section*.56}{\376\377\000D\000i\000e\000\040\000f\000r\000\374\000h\000e\000n\000\040\000K\000o\000n\000f\000l\000i\000k\000t\000e\000\040\000d\000e\000s\000\040\000A\000u\000t\000o\000m\000o\000b\000i\000l\000s}{section.6}% 62
\BOOKMARK [2][-]{section*.57}{\376\377\000D\000a\000s\000\040\000A\000u\000t\000o\000\040\000a\000l\000s\000\040\000S\000y\000m\000b\000o\000l\000\040\000v\000o\000n\000\040\000G\000e\000s\000c\000h\000w\000i\000n\000d\000i\000g\000k\000e\000i\000t\000\040\000u\000n\000d\000\040\000I\000n\000d\000i\000v\000i\000d\000u\000a\000l\000i\000s\000m\000u\000s}{section.6}% 63
\BOOKMARK [2][-]{section*.58}{\376\377\000V\000o\000m\000\040\000I\000n\000d\000u\000s\000t\000r\000i\000e\000p\000r\000o\000d\000u\000k\000t\000\040\000z\000u\000m\000\040\000K\000o\000n\000s\000u\000m\000g\000u\000t}{section.6}% 64
\BOOKMARK [2][-]{section*.59}{\376\377\000T\000a\000y\000l\000o\000r\000i\000s\000m\000u\000s\000\040\000u\000n\000d\000\040\000w\000i\000s\000s\000e\000n\000s\000c\000h\000a\000f\000t\000l\000i\000c\000h\000e\000\040\000A\000r\000b\000e\000i\000t\000s\000o\000r\000g\000a\000n\000i\000s\000a\000t\000i\000o\000n}{section.6}% 65
\BOOKMARK [2][-]{section*.60}{\376\377\000D\000i\000e\000\040\000B\000e\000w\000e\000g\000u\000n\000g\000s\000s\000t\000u\000d\000i\000e\000n\000\040\000d\000e\000r\000\040\000G\000i\000l\000b\000r\000e\000t\000h\000s}{section.6}% 66
\BOOKMARK [2][-]{section*.61}{\376\377\000F\000o\000r\000d\000i\000s\000m\000u\000s\000\040\000u\000n\000d\000\040\000F\000l\000i\000e\000s\000s\000b\000a\000n\000d\000p\000r\000o\000d\000u\000k\000t\000i\000o\000n}{section.6}% 67
\BOOKMARK [2][-]{section*.62}{\376\377\000G\000l\000o\000b\000a\000l\000e\000\040\000R\000o\000h\000s\000t\000o\000f\000f\000e\000\040\000u\000n\000d\000\040\000F\000o\000r\000d\000l\000\342\000n\000d\000i\000a}{section.6}% 68
\BOOKMARK [2][-]{section*.63}{\376\377\000P\000r\000o\000d\000u\000z\000e\000n\000t\000e\000n\000\040\000u\000n\000d\000\040\000K\000o\000n\000s\000u\000m\000e\000n\000t\000e\000n}{section.6}% 69
\BOOKMARK [2][-]{section*.64}{\376\377\000B\000e\000w\000e\000g\000u\000n\000g\000\040\000u\000n\000d\000\040\000K\000o\000n\000t\000r\000o\000l\000l\000e}{section.6}% 70
\BOOKMARK [2][-]{section*.65}{\376\377\000Z\000e\000n\000t\000r\000a\000l\000e\000\040\000E\000r\000k\000e\000n\000n\000t\000n\000i\000s\000s\000e}{section.6}% 71
\BOOKMARK [1][-]{section.7}{\376\377\000D\000e\000r\000\040\040\036\000n\000e\000u\000e\000\040\000M\000e\000n\000s\000c\000h\040\034\000\040\000u\000n\000d\000\040\000d\000i\000e\000\040\000T\000e\000c\000h\000n\000i\000s\000i\000e\000r\000u\000n\000g\000\040\000d\000e\000s\000\040\000H\000a\000u\000s\000h\000a\000l\000t\000s}{}% 72
\BOOKMARK [2][-]{section*.66}{\376\377\000E\000i\000n\000f\000\374\000h\000r\000u\000n\000g\000:\000\040\000R\000a\000t\000i\000o\000n\000a\000l\000i\000s\000i\000e\000r\000u\000n\000g\000\040\000a\000l\000s\000\040\000g\000e\000s\000e\000l\000l\000s\000c\000h\000a\000f\000t\000l\000i\000c\000h\000e\000s\000\040\000L\000e\000i\000t\000b\000i\000l\000d}{section.7}% 73
\BOOKMARK [2][-]{section*.67}{\376\377\000I\000n\000d\000u\000s\000t\000r\000i\000a\000l\000i\000s\000i\000e\000r\000u\000n\000g\000s\000e\000r\000f\000a\000h\000r\000u\000n\000g\000e\000n\000\040\000u\000n\000d\000\040\000d\000i\000e\000\040\000I\000d\000e\000e\000\040\000d\000e\000r\000\040\000g\000e\000s\000e\000l\000l\000s\000c\000h\000a\000f\000t\000l\000i\000c\000h\000e\000n\000\040\000O\000p\000t\000i\000m\000i\000e\000r\000u\000n\000g}{section.7}% 74
\BOOKMARK [2][-]{section*.68}{\376\377\000E\000u\000g\000e\000n\000i\000k\000\040\000u\000n\000d\000\040\000d\000i\000e\000\040\000w\000i\000s\000s\000e\000n\000s\000c\000h\000a\000f\000t\000l\000i\000c\000h\000e\000\040\000S\000t\000e\000u\000e\000r\000u\000n\000g\000\040\000d\000e\000s\000\040\000M\000e\000n\000s\000c\000h\000e\000n}{section.7}% 75
\BOOKMARK [2][-]{section*.69}{\376\377\000L\000e\000b\000e\000n\000s\000r\000e\000f\000o\000r\000m\000\040\000u\000n\000d\000\040\000d\000i\000e\000\040\000S\000u\000c\000h\000e\000\040\000n\000a\000c\000h\000\040\000d\000e\000m\000\040\000n\000a\000t\000\374\000r\000l\000i\000c\000h\000e\000n\000\040\000L\000e\000b\000e\000n}{section.7}% 76
\BOOKMARK [2][-]{section*.70}{\376\377\000D\000e\000r\000\040\040\036\000n\000e\000u\000e\000\040\000M\000e\000n\000s\000c\000h\040\034\000\040\000a\000l\000s\000\040\000g\000e\000s\000e\000l\000l\000s\000c\000h\000a\000f\000t\000l\000i\000c\000h\000e\000s\000\040\000I\000d\000e\000a\000l}{section.7}% 77
\BOOKMARK [2][-]{section*.71}{\376\377\000T\000e\000c\000h\000n\000i\000k\000,\000\040\000W\000i\000s\000s\000e\000n\000s\000c\000h\000a\000f\000t\000\040\000u\000n\000d\000\040\000s\000o\000z\000i\000a\000l\000e\000\040\000K\000o\000n\000t\000r\000o\000l\000l\000e}{section.7}% 78
\BOOKMARK [2][-]{section*.72}{\376\377\000R\000a\000t\000i\000o\000n\000a\000l\000i\000s\000i\000e\000r\000u\000n\000g\000\040\000d\000e\000s\000\040\000W\000o\000h\000n\000e\000n\000s}{section.7}% 79
\BOOKMARK [2][-]{section*.73}{\376\377\000D\000i\000e\000\040\000F\000r\000a\000n\000k\000f\000u\000r\000t\000e\000r\000\040\000K\000\374\000c\000h\000e}{section.7}% 80
\BOOKMARK [2][-]{section*.74}{\376\377\000E\000m\000a\000n\000z\000i\000p\000a\000t\000i\000o\000n\000\040\000u\000n\000d\000\040\000K\000o\000n\000t\000r\000o\000l\000l\000e}{section.7}% 81
\BOOKMARK [2][-]{section*.75}{\376\377\000Z\000e\000n\000t\000r\000a\000l\000e\000\040\000E\000r\000k\000e\000n\000n\000t\000n\000i\000s\000s\000e}{section.7}% 82
\BOOKMARK [1][-]{section.8}{\376\377\000L\000e\000s\000e\000n\000d\000e\000\040\000u\000n\000d\000\040\000r\000e\000c\000h\000n\000e\000n\000d\000e\000\040\000K\000a\000s\000s\000e\000n\000:\000\040\000V\000o\000n\000\040\000d\000e\000r\000\040\000I\000n\000d\000u\000s\000t\000r\000i\000e\000-\000\040\000z\000u\000r\000\040\000K\000o\000n\000s\000u\000m\000g\000e\000s\000e\000l\000l\000s\000c\000h\000a\000f\000t}{}% 83
\BOOKMARK [2][-]{section*.76}{\376\377\000E\000i\000n\000f\000\374\000h\000r\000u\000n\000g\000:\000\040\000T\000e\000c\000h\000n\000i\000k\000\040\000i\000m\000\040\000\334\000b\000e\000r\000g\000a\000n\000g\000\040\000z\000u\000r\000\040\000K\000o\000n\000s\000u\000m\000g\000e\000s\000e\000l\000l\000s\000c\000h\000a\000f\000t}{section.8}% 84
\BOOKMARK [2][-]{section*.77}{\376\377\000D\000i\000e\000\040\000F\000r\000a\000n\000k\000f\000u\000r\000t\000e\000r\000\040\000K\000\374\000c\000h\000e\000\040\000a\000l\000s\000\040\000r\000a\000t\000i\000o\000n\000a\000l\000i\000s\000i\000e\000r\000t\000e\000r\000\040\000P\000r\000i\000v\000a\000t\000r\000a\000u\000m}{section.8}% 85
\BOOKMARK [2][-]{section*.78}{\376\377\000D\000i\000e\000\040\000K\000\374\000c\000h\000e\000,\000\040\000d\000a\000s\000\040\000H\000e\000i\000m\000\040\000u\000n\000d\000\040\000d\000i\000e\000\040\000H\000a\000u\000s\000f\000r\000a\000u}{section.8}% 86
\BOOKMARK [2][-]{section*.79}{\376\377\000D\000e\000r\000\040\040\036\000O\000i\000k\000o\000s\040\034\000\040\000a\000l\000s\000\040\000v\000o\000r\000m\000o\000d\000e\000r\000n\000e\000r\000\040\000H\000a\000u\000s\000h\000a\000l\000t}{section.8}% 87
\BOOKMARK [2][-]{section*.80}{\376\377\000D\000i\000e\000\040\000H\000a\000u\000s\000f\000r\000a\000u\000\040\000a\000l\000s\000\040\000E\000r\000f\000i\000n\000d\000u\000n\000g\000\040\000d\000e\000s\000\040\0001\0009\000.\000\040\000J\000a\000h\000r\000h\000u\000n\000d\000e\000r\000t\000s}{section.8}% 88
\BOOKMARK [2][-]{section*.81}{\376\377\000T\000e\000c\000h\000n\000i\000s\000i\000e\000r\000u\000n\000g\000\040\000d\000e\000s\000\040\000H\000a\000u\000s\000h\000a\000l\000t\000s\000\040\000a\000b\000\040\000d\000e\000n\000\040\0001\0009\0002\0000\000e\000r\000\040\000J\000a\000h\000r\000e\000n}{section.8}% 89
\BOOKMARK [2][-]{section*.82}{\376\377\000E\000n\000t\000l\000a\000s\000t\000u\000n\000g\000,\000\040\000I\000s\000o\000l\000a\000t\000i\000o\000n\000\040\000u\000n\000d\000\040\000G\000e\000s\000c\000h\000l\000e\000c\000h\000t\000e\000r\000r\000o\000l\000l\000e\000n}{section.8}% 90
\BOOKMARK [2][-]{section*.83}{\376\377\000T\000e\000c\000h\000n\000i\000k\000\040\000u\000n\000d\000\040\000G\000e\000s\000c\000h\000l\000e\000c\000h\000t}{section.8}% 91
\BOOKMARK [2][-]{section*.84}{\376\377\000T\000e\000c\000h\000n\000i\000s\000i\000e\000r\000u\000n\000g\000\040\000d\000e\000s\000\040\000H\000a\000u\000s\000h\000a\000l\000t\000s\000\040\000a\000b\000\040\000d\000e\000n\000\040\0001\0009\0005\0000\000e\000r\000\040\000J\000a\000h\000r\000e\000n}{section.8}% 92
\BOOKMARK [2][-]{section*.85}{\376\377\000D\000e\000r\000\040\000S\000t\000r\000i\000c\000h\000c\000o\000d\000e\000\040\000u\000n\000d\000\040\000d\000i\000e\000\040\000R\000a\000t\000i\000o\000n\000a\000l\000i\000s\000i\000e\000r\000u\000n\000g\000\040\000d\000e\000s\000\040\000K\000o\000n\000s\000u\000m\000s}{section.8}% 93
\BOOKMARK [2][-]{section*.86}{\376\377\000V\000o\000n\000\040\000d\000e\000r\000\040\000I\000n\000d\000u\000s\000t\000r\000i\000e\000-\000\040\000z\000u\000r\000\040\000K\000o\000n\000s\000u\000m\000g\000e\000s\000e\000l\000l\000s\000c\000h\000a\000f\000t}{section.8}% 94
\BOOKMARK [2][-]{section*.87}{\376\377\000Z\000e\000n\000t\000r\000a\000l\000e\000\040\000E\000r\000k\000e\000n\000n\000t\000n\000i\000s\000s\000e}{section.8}% 95
\BOOKMARK [1][-]{section.9}{\376\377\000Z\000u\000m\000\040\000M\000e\000n\000s\000c\000h\000-\000M\000a\000s\000c\000h\000i\000n\000e\000n\000-\000V\000e\000r\000h\000\344\000l\000t\000n\000i\000s\000:\000\040\000K\000l\000e\000i\000n\000e\000\040\000G\000e\000s\000c\000h\000i\000c\000h\000t\000e\000\040\000d\000e\000r\000\040\000K\000I}{}% 96
\BOOKMARK [2][-]{section*.88}{\376\377\000E\000i\000n\000f\000\374\000h\000r\000u\000n\000g\000:\000\040\000T\000e\000c\000h\000n\000i\000k\000e\000n\000t\000w\000i\000c\000k\000l\000u\000n\000g\000\040\000u\000n\000d\000\040\000M\000e\000n\000s\000c\000h\000-\000M\000a\000s\000c\000h\000i\000n\000e\000n\000-\000V\000e\000r\000h\000\344\000l\000t\000n\000i\000s}{section.9}% 97
\BOOKMARK [2][-]{section*.89}{\376\377\000E\000f\000f\000e\000k\000t\000e\000\040\000d\000e\000r\000\040\000T\000e\000c\000h\000n\000i\000k\000e\000n\000t\000w\000i\000c\000k\000l\000u\000n\000g\000\040\000s\000e\000i\000t\000\040\0001\0008\0000\0000}{section.9}% 98
\BOOKMARK [2][-]{section*.90}{\376\377\000T\000e\000c\000h\000n\000i\000k\000,\000\040\000G\000e\000s\000e\000l\000l\000s\000c\000h\000a\000f\000t\000\040\000u\000n\000d\000\040\000n\000e\000u\000e\000\040\000O\000r\000g\000a\000n\000i\000s\000a\000t\000i\000o\000n\000s\000f\000o\000r\000m\000e\000n}{section.9}% 99
\BOOKMARK [2][-]{section*.91}{\376\377\000M\000a\000c\000h\000b\000a\000r\000k\000e\000i\000t\000s\000f\000a\000n\000t\000a\000s\000i\000e\000n\000\040\000u\000n\000d\000\040\000g\000e\000s\000e\000l\000l\000s\000c\000h\000a\000f\000t\000l\000i\000c\000h\000e\000\040\000G\000e\000s\000t\000a\000l\000t\000u\000n\000g}{section.9}% 100
\BOOKMARK [2][-]{section*.92}{\376\377\000T\000e\000c\000h\000n\000i\000k\000\040\000a\000l\000s\000\040\000P\000r\000o\000b\000l\000e\000m\000l\000\366\000s\000u\000n\000g}{section.9}% 101
\BOOKMARK [2][-]{section*.93}{\376\377\000T\000e\000c\000h\000n\000i\000k\000\040\000a\000l\000s\000\040\000W\000a\000c\000h\000s\000t\000u\000m\000s\000m\000o\000t\000o\000r}{section.9}% 102
\BOOKMARK [2][-]{section*.94}{\376\377\000W\000i\000s\000s\000e\000n\000s\000c\000h\000a\000f\000t\000,\000\040\000F\000o\000r\000t\000s\000c\000h\000r\000i\000t\000t\000s\000g\000l\000a\000u\000b\000e\000\040\000u\000n\000d\000\040\000t\000e\000c\000h\000n\000i\000s\000c\000h\000e\000\040\000D\000y\000n\000a\000m\000i\000k}{section.9}% 103
\BOOKMARK [2][-]{section*.95}{\376\377\000S\000t\000a\000a\000t\000,\000\040\000M\000i\000l\000i\000t\000\344\000r\000\040\000u\000n\000d\000\040\000K\000r\000i\000e\000g}{section.9}% 104
\BOOKMARK [2][-]{section*.96}{\376\377\000S\000o\000z\000i\000a\000l\000e\000\040\000K\000o\000n\000s\000t\000r\000u\000k\000t\000i\000o\000n\000\040\000v\000o\000n\000\040\000T\000e\000c\000h\000n\000i\000k}{section.9}% 105
\BOOKMARK [2][-]{section*.97}{\376\377\000F\000e\000h\000l\000e\000r\000,\000\040\000G\000r\000e\000n\000z\000e\000n\000\040\000u\000n\000d\000\040\000E\000n\000t\000l\000a\000s\000t\000u\000n\000g}{section.9}% 106
\BOOKMARK [2][-]{section*.98}{\376\377\000D\000e\000r\000\040\000M\000e\000n\000s\000c\000h\000\040\000a\000l\000s\000\040\000M\000\344\000n\000g\000e\000l\000w\000e\000s\000e\000n}{section.9}% 107
\BOOKMARK [2][-]{section*.99}{\376\377\000M\000a\000s\000c\000h\000i\000n\000e\000l\000l\000e\000\040\000\334\000b\000e\000r\000l\000e\000g\000e\000n\000h\000e\000i\000t\000?}{section.9}% 108
\BOOKMARK [2][-]{section*.100}{\376\377\000D\000e\000r\000\040\000M\000e\000n\000s\000c\000h\000\040\000a\000l\000s\000\040\040\036\000B\000u\000g\040\034\000\040\000d\000e\000s\000\040\000S\000y\000s\000t\000e\000m\000s}{section.9}% 109
\BOOKMARK [2][-]{section*.101}{\376\377\000Z\000u\000r\000\040\000G\000e\000s\000c\000h\000i\000c\000h\000t\000e\000\040\000d\000e\000r\000\040\000K\000\374\000n\000s\000t\000l\000i\000c\000h\000e\000n\000\040\000I\000n\000t\000e\000l\000l\000i\000g\000e\000n\000z}{section.9}% 110
\BOOKMARK [2][-]{section*.102}{\376\377\000K\000I\000\040\000u\000n\000d\000\040\000d\000i\000e\000\040\000F\000r\000a\000g\000e\000\040\000n\000a\000c\000h\000\040\000I\000n\000t\000e\000l\000l\000i\000g\000e\000n\000z}{section.9}% 111
\BOOKMARK [2][-]{section*.103}{\376\377\000S\000c\000h\000a\000c\000h\000\040\000a\000l\000s\000\040\000L\000e\000i\000t\000m\000e\000d\000i\000u\000m\000\040\000d\000e\000r\000\040\000K\000I\000-\000F\000o\000r\000s\000c\000h\000u\000n\000g}{section.9}% 112
\BOOKMARK [2][-]{section*.104}{\376\377\000F\000e\000h\000l\000b\000a\000r\000k\000e\000i\000t\000\040\000v\000o\000n\000\040\000M\000e\000n\000s\000c\000h\000\040\000u\000n\000d\000\040\000M\000a\000s\000c\000h\000i\000n\000e}{section.9}% 113
\BOOKMARK [2][-]{section*.105}{\376\377\000D\000i\000g\000i\000t\000a\000l\000e\000\040\000T\000e\000c\000h\000n\000i\000k\000\040\000u\000n\000d\000\040\000W\000a\000r\000t\000u\000n\000g}{section.9}% 114
\BOOKMARK [2][-]{section*.106}{\376\377\000K\000I\000\040\000u\000n\000d\000\040\000d\000i\000e\000\040\000N\000e\000u\000o\000r\000d\000n\000u\000n\000g\000\040\000d\000e\000s\000\040\000M\000e\000n\000s\000c\000h\000-\000M\000a\000s\000c\000h\000i\000n\000e\000n\000-\000V\000e\000r\000h\000\344\000l\000t\000n\000i\000s\000s\000e\000s}{section.9}% 115
\BOOKMARK [2][-]{section*.107}{\376\377\000Z\000e\000n\000t\000r\000a\000l\000e\000\040\000E\000r\000k\000e\000n\000n\000t\000n\000i\000s\000s\000e}{section.9}% 116
\BOOKMARK [1][-]{section.10}{\376\377\000O\000b\000j\000e\000k\000t\000i\000v\000i\000t\000\344\000t\000\040\000u\000n\000d\000\040\000t\000e\000c\000h\000n\000i\000s\000c\000h\000e\000\040\000V\000e\000r\000m\000i\000t\000t\000l\000u\000n\000g\000:\000\040\000T\000e\000c\000h\000n\000i\000s\000i\000e\000r\000u\000n\000g\000\040\000d\000e\000r\000\040\000W\000i\000s\000s\000e\000n\000s\000c\000h\000a\000f\000t\000e\000n}{}% 117
\BOOKMARK [2][-]{section*.108}{\376\377\000E\000i\000n\000f\000\374\000h\000r\000u\000n\000g\000:\000\040\000W\000i\000s\000s\000e\000n\000s\000c\000h\000a\000f\000t\000,\000\040\000T\000e\000c\000h\000n\000i\000k\000\040\000u\000n\000d\000\040\000O\000b\000j\000e\000k\000t\000i\000v\000i\000t\000\344\000t}{section.10}% 118
\BOOKMARK [2][-]{section*.109}{\376\377\000Q\000u\000e\000l\000l\000e\000n\000k\000r\000i\000t\000i\000k\000\040\000u\000n\000d\000\040\000h\000i\000s\000t\000o\000r\000i\000s\000c\000h\000e\000s\000\040\000A\000r\000g\000u\000m\000e\000n\000t\000i\000e\000r\000e\000n}{section.10}% 119
\BOOKMARK [2][-]{section*.110}{\376\377\000K\000a\000s\000p\000a\000r\000o\000v\000\040\000v\000s\000.\000\040\000D\000e\000e\000p\000\040\000B\000l\000u\000e\000\040\000a\000l\000s\000\040\000B\000e\000i\000s\000p\000i\000e\000l\000\040\000d\000e\000r\000\040\000Q\000u\000e\000l\000l\000e\000n\000k\000r\000i\000t\000i\000k}{section.10}% 120
\BOOKMARK [2][-]{section*.111}{\376\377\040\036\000A\000\040\000F\000r\000a\000n\000k\000\040\000S\000t\000a\000t\000e\000m\000e\000n\000t\000\040\000t\000o\000\040\000C\000i\000g\000a\000r\000e\000t\000t\000e\000\040\000S\000m\000o\000k\000e\000r\000s\040\034\000,\000\040\0001\0009\0005\0004}{section.10}% 121
\BOOKMARK [2][-]{section*.112}{\376\377\000S\000t\000r\000a\000t\000e\000g\000i\000s\000c\000h\000e\000\040\000U\000n\000s\000i\000c\000h\000e\000r\000h\000e\000i\000t\000\040\000u\000n\000d\000\040\000d\000i\000e\000\040\000T\000a\000b\000a\000k\000i\000n\000d\000u\000s\000t\000r\000i\000e}{section.10}% 122
\BOOKMARK [2][-]{section*.113}{\376\377\000M\000e\000r\000c\000h\000a\000n\000t\000s\000\040\000o\000f\000\040\000D\000o\000u\000b\000t}{section.10}% 123
\BOOKMARK [2][-]{section*.114}{\376\377\000D\000i\000e\000\040\000E\000n\000t\000d\000e\000c\000k\000u\000n\000g\000\040\000d\000e\000s\000\040\000O\000z\000o\000n\000l\000o\000c\000h\000s}{section.10}% 124
\BOOKMARK [2][-]{section*.115}{\376\377\000O\000b\000j\000e\000k\000t\000i\000v\000i\000t\000\344\000t\000\040\000u\000n\000d\000\040\000t\000e\000c\000h\000n\000i\000s\000c\000h\000e\000\040\000V\000e\000r\000m\000i\000t\000t\000l\000u\000n\000g}{section.10}% 125
\BOOKMARK [2][-]{section*.116}{\376\377\000D\000a\000t\000e\000n\000,\000\040\000M\000o\000d\000e\000l\000l\000e\000\040\000u\000n\000d\000\040\000I\000n\000t\000e\000r\000p\000r\000e\000t\000a\000t\000i\000o\000n}{section.10}% 126
\BOOKMARK [2][-]{section*.117}{\376\377\000D\000i\000e\000\040\000G\000e\000s\000c\000h\000i\000c\000h\000t\000e\000\040\000d\000e\000s\000\040\000O\000b\000j\000e\000k\000t\000i\000v\000i\000t\000\344\000t\000s\000a\000n\000s\000p\000r\000u\000c\000h\000s}{section.10}% 127
\BOOKMARK [2][-]{section*.118}{\376\377\000M\000i\000t\000\040\000g\000e\000s\000c\000h\000u\000l\000t\000e\000m\000\040\000U\000r\000t\000e\000i\000l\000\040\000z\000u\000r\000\040\000N\000a\000t\000u\000r\000w\000a\000h\000r\000h\000e\000i\000t}{section.10}% 128
\BOOKMARK [2][-]{section*.119}{\376\377\000M\000e\000c\000h\000a\000n\000i\000s\000c\000h\000e\000\040\000O\000b\000j\000e\000k\000t\000i\000v\000i\000t\000\344\000t}{section.10}% 129
\BOOKMARK [2][-]{section*.120}{\376\377\000T\000e\000c\000h\000n\000i\000s\000c\000h\000e\000\040\000A\000u\000f\000z\000e\000i\000c\000h\000n\000u\000n\000g\000\040\000u\000n\000d\000\040\000O\000b\000j\000e\000k\000t\000i\000v\000i\000e\000r\000u\000n\000g}{section.10}% 130
\BOOKMARK [2][-]{section*.121}{\376\377\000S\000t\000r\000u\000k\000t\000u\000r\000e\000l\000l\000e\000\040\000O\000b\000j\000e\000k\000t\000i\000v\000i\000t\000\344\000t}{section.10}% 131
\BOOKMARK [2][-]{section*.122}{\376\377\000M\000o\000d\000e\000l\000l\000e\000,\000\040\000S\000i\000m\000u\000l\000a\000t\000i\000o\000n\000e\000n\000\040\000u\000n\000d\000\040\000w\000i\000s\000s\000e\000n\000s\000c\000h\000a\000f\000t\000l\000i\000c\000h\000e\000\040\000P\000r\000a\000x\000i\000s}{section.10}% 132
\BOOKMARK [2][-]{section*.123}{\376\377\000G\000l\000a\000u\000b\000w\000\374\000r\000d\000i\000g\000k\000e\000i\000t\000\040\000u\000n\000d\000\040\000T\000e\000c\000h\000n\000i\000k}{section.10}% 133
\BOOKMARK [2][-]{section*.124}{\376\377\000A\000n\000g\000r\000e\000i\000f\000b\000a\000r\000k\000e\000i\000t\000\040\000w\000i\000s\000s\000e\000n\000s\000c\000h\000a\000f\000t\000l\000i\000c\000h\000e\000r\000\040\000O\000b\000j\000e\000k\000t\000i\000v\000i\000t\000\344\000t}{section.10}% 134
\BOOKMARK [2][-]{section*.125}{\376\377\000P\000o\000l\000i\000t\000i\000s\000c\000h\000e\000\040\000D\000i\000m\000e\000n\000s\000i\000o\000n\000\040\000m\000o\000d\000e\000r\000n\000e\000r\000\040\000W\000i\000s\000s\000e\000n\000s\000p\000r\000o\000d\000u\000k\000t\000i\000o\000n}{section.10}% 135
\BOOKMARK [2][-]{section*.126}{\376\377\000Z\000e\000n\000t\000r\000a\000l\000e\000\040\000E\000r\000k\000e\000n\000n\000t\000n\000i\000s\000s\000e}{section.10}% 136
\BOOKMARK [1][-]{section.11}{\376\377\000U\000m\000w\000e\000l\000t\000k\000a\000t\000a\000s\000t\000r\000o\000p\000h\000e\000\040\000u\000n\000d\000\040\000U\000m\000w\000e\000l\000t\000b\000e\000w\000u\000s\000s\000t\000s\000e\000i\000n}{}% 137
\BOOKMARK [2][-]{section*.127}{\376\377\000E\000i\000n\000f\000\374\000h\000r\000u\000n\000g\000:\000\040\000U\000m\000w\000e\000l\000t\000\040\000a\000l\000s\000\040\000t\000e\000c\000h\000n\000i\000k\000g\000e\000s\000c\000h\000i\000c\000h\000t\000l\000i\000c\000h\000e\000s\000\040\000P\000r\000o\000b\000l\000e\000m}{section.11}% 138
\BOOKMARK [2][-]{section*.128}{\376\377\000B\000r\000a\000n\000d\000k\000a\000t\000a\000s\000t\000r\000o\000p\000h\000e\000\040\000i\000n\000\040\000S\000c\000h\000w\000e\000i\000z\000e\000r\000h\000a\000l\000l\000e\000\040\0001\0009\0008\0006}{section.11}% 139
\BOOKMARK [2][-]{section*.129}{\376\377\000Q\000u\000e\000l\000l\000e\000n\000k\000r\000i\000t\000i\000k\000\040\000z\000u\000r\000\040\000B\000e\000r\000i\000c\000h\000t\000e\000r\000s\000t\000a\000t\000t\000u\000n\000g}{section.11}% 140
\BOOKMARK [2][-]{section*.130}{\376\377\000U\000r\000s\000a\000c\000h\000e\000n\000\040\000u\000n\000d\000\040\000V\000e\000r\000a\000n\000t\000w\000o\000r\000t\000u\000n\000g}{section.11}% 141
\BOOKMARK [2][-]{section*.131}{\376\377\040\036\000N\000o\000r\000m\000a\000l\000e\040\034\000\040\000U\000m\000w\000e\000l\000t\000k\000a\000t\000a\000s\000t\000r\000o\000p\000h\000e\000n}{section.11}% 142
\BOOKMARK [2][-]{section*.132}{\376\377\000C\000h\000a\000r\000l\000e\000s\000\040\000P\000e\000r\000r\000o\000w\000\040\000u\000n\000d\000\040\000n\000o\000r\000m\000a\000l\000e\000\040\000K\000a\000t\000a\000s\000t\000r\000o\000p\000h\000e\000n}{section.11}% 143
\BOOKMARK [2][-]{section*.133}{\376\377\000K\000a\000t\000a\000s\000t\000r\000o\000p\000h\000e\000n\000\040\000a\000l\000s\000\040\000g\000e\000k\000o\000p\000p\000e\000l\000t\000e\000\040\000E\000r\000e\000i\000g\000n\000i\000s\000s\000e}{section.11}% 144
\BOOKMARK [2][-]{section*.134}{\376\377\000U\000n\000s\000i\000c\000h\000t\000b\000a\000r\000e\000\040\000u\000n\000d\000\040\000s\000c\000h\000l\000e\000i\000c\000h\000e\000n\000d\000e\000\040\000K\000a\000t\000a\000s\000t\000r\000o\000p\000h\000e\000n}{section.11}% 145
\BOOKMARK [2][-]{section*.135}{\376\377\000K\000a\000t\000a\000s\000t\000r\000o\000p\000h\000e\000n\000e\000r\000e\000i\000g\000n\000i\000s\000\040\000u\000n\000d\000\040\000s\000c\000h\000l\000e\000i\000c\000h\000e\000n\000d\000e\000\040\000K\000r\000i\000s\000e}{section.11}% 146
\BOOKMARK [2][-]{section*.136}{\376\377\000D\000i\000e\000\040\000E\000n\000t\000s\000t\000e\000h\000u\000n\000g\000\040\000d\000e\000r\000\040\000U\000m\000w\000e\000l\000t\000\040\000a\000l\000s\000\040\000g\000e\000s\000e\000l\000l\000s\000c\000h\000a\000f\000t\000s\000p\000o\000l\000i\000t\000i\000s\000c\000h\000e\000s\000\040\000P\000r\000o\000b\000l\000e\000m}{section.11}% 147
\BOOKMARK [2][-]{section*.137}{\376\377\000W\000i\000s\000s\000e\000n\000s\000c\000h\000a\000f\000t\000l\000i\000c\000h\000e\000\040\000W\000a\000r\000n\000u\000n\000g\000e\000n\000\040\000u\000n\000d\000\040\000R\000i\000s\000i\000k\000o\000m\000o\000d\000e\000l\000l\000e}{section.11}% 148
\BOOKMARK [2][-]{section*.138}{\376\377\000K\000a\000t\000a\000s\000t\000r\000o\000p\000h\000e\000n\000\040\000a\000l\000s\000\040\000V\000e\000r\000d\000i\000c\000h\000t\000u\000n\000g\000\040\000k\000o\000m\000p\000l\000e\000x\000e\000r\000\040\000P\000r\000o\000b\000l\000e\000m\000e}{section.11}% 149
\BOOKMARK [2][-]{section*.139}{\376\377\000P\000r\000o\000t\000e\000s\000t\000b\000e\000w\000e\000g\000u\000n\000g\000e\000n\000\040\000u\000n\000d\000\040\000z\000i\000v\000i\000l\000e\000\040\000P\000a\000r\000t\000i\000z\000i\000p\000a\000t\000i\000o\000n}{section.11}% 150
\BOOKMARK [2][-]{section*.140}{\376\377\000P\000o\000l\000i\000t\000i\000s\000c\000h\000e\000\040\000V\000e\000r\000h\000a\000n\000d\000l\000u\000n\000g\000e\000n}{section.11}% 151
\BOOKMARK [2][-]{section*.141}{\376\377\000U\000m\000w\000e\000l\000t\000\040\000m\000a\000c\000h\000e\000n}{section.11}% 152
\BOOKMARK [2][-]{section*.142}{\376\377\000V\000o\000n\000\040\000N\000a\000t\000u\000r\000\040\000z\000u\000\040\000U\000m\000w\000e\000l\000t}{section.11}% 153
\BOOKMARK [2][-]{section*.143}{\376\377\000H\000i\000s\000t\000o\000r\000i\000s\000c\000h\000e\000\040\000A\000n\000t\000w\000o\000r\000t\000e\000n\000\040\000a\000u\000f\000\040\000U\000m\000w\000e\000l\000t\000p\000r\000o\000b\000l\000e\000m\000e}{section.11}% 154
\BOOKMARK [2][-]{section*.144}{\376\377\000Z\000e\000n\000t\000r\000a\000l\000e\000\040\000E\000r\000k\000e\000n\000n\000t\000n\000i\000s\000s\000e}{section.11}% 155
\BOOKMARK [1][-]{section.12}{\376\377\000T\000e\000c\000h\000n\000i\000k\000\040\000u\000n\000d\000\040\000T\000e\000r\000r\000i\000t\000o\000r\000i\000u\000m\000:\000\040\000W\000a\000s\000\040\000I\000n\000f\000r\000a\000s\000t\000r\000u\000k\000t\000u\000r\000e\000n\000\040\000l\000e\000i\000s\000t\000e\000n}{}% 156
\BOOKMARK [2][-]{section*.145}{\376\377\000E\000i\000n\000f\000\374\000h\000r\000u\000n\000g\000:\000\040\000I\000n\000f\000r\000a\000s\000t\000r\000u\000k\000t\000u\000r\000\040\000a\000l\000s\000\040\000t\000e\000c\000h\000n\000i\000k\000g\000e\000s\000c\000h\000i\000c\000h\000t\000l\000i\000c\000h\000e\000s\000\040\000P\000r\000o\000b\000l\000e\000m}{section.12}% 157
\BOOKMARK [2][-]{section*.146}{\376\377\000N\000a\000c\000h\000t\000r\000a\000g\000:\000\040\000U\000m\000w\000e\000l\000t\000\040\000a\000l\000s\000\040\000g\000e\000s\000e\000l\000l\000s\000c\000h\000a\000f\000t\000s\000p\000o\000l\000i\000t\000i\000s\000c\000h\000e\000s\000\040\000T\000h\000e\000m\000a}{section.12}% 158
\BOOKMARK [2][-]{section*.147}{\376\377\000U\000m\000w\000e\000l\000t\000\040\000m\000a\000c\000h\000e\000n}{section.12}% 159
\BOOKMARK [2][-]{section*.148}{\376\377\000A\000n\000t\000w\000o\000r\000t\000e\000n\000\040\000a\000u\000f\000\040\000U\000m\000w\000e\000l\000t\000p\000r\000o\000b\000l\000e\000m\000e}{section.12}% 160
\BOOKMARK [2][-]{section*.149}{\376\377\000I\000n\000f\000r\000a\000s\000t\000r\000u\000k\000t\000u\000r\000g\000e\000s\000c\000h\000i\000c\000h\000t\000e}{section.12}% 161
\BOOKMARK [2][-]{section*.150}{\376\377\000W\000a\000s\000\040\000b\000r\000a\000u\000c\000h\000t\000\040\000e\000s\000\040\000f\000\374\000r\000\040\000f\000u\000n\000k\000t\000i\000o\000n\000i\000e\000r\000e\000n\000d\000e\000n\000\040\000F\000l\000u\000g\000v\000e\000r\000k\000e\000h\000r\000?}{section.12}% 162
\BOOKMARK [2][-]{section*.151}{\376\377\000S\000t\000r\000u\000k\000t\000u\000r\000e\000l\000l\000e\000\040\000B\000e\000d\000i\000n\000g\000u\000n\000g\000e\000n\000\040\000v\000o\000n\000\040\000I\000n\000f\000r\000a\000s\000t\000r\000u\000k\000t\000u\000r}{section.12}% 163
\BOOKMARK [2][-]{section*.152}{\376\377\000I\000n\000f\000r\000a\000s\000t\000r\000u\000k\000t\000u\000r\000\040\000a\000l\000s\000\040\000T\000e\000i\000l\000\040\040\036\000m\000o\000d\000e\000r\000n\000e\000r\040\034\000\040\000K\000u\000l\000t\000u\000r\000e\000n}{section.12}% 164
\BOOKMARK [2][-]{section*.153}{\376\377\000I\000n\000f\000r\000a\000s\000t\000r\000u\000k\000t\000u\000r\000\040\000u\000n\000d\000\040\000M\000o\000d\000e\000r\000n\000i\000t\000\344\000t}{section.12}% 165
\BOOKMARK [2][-]{section*.154}{\376\377\000I\000n\000f\000r\000a\000s\000t\000r\000u\000k\000t\000u\000r\000\040\000u\000n\000d\000\040\000M\000a\000c\000h\000t}{section.12}% 166
\BOOKMARK [2][-]{section*.155}{\376\377\000K\000a\000f\000k\000a\000\040\000u\000n\000d\000\040\000d\000i\000e\000\040\000C\000h\000i\000n\000e\000s\000i\000s\000c\000h\000e\000\040\000M\000a\000u\000e\000r}{section.12}% 167
\BOOKMARK [2][-]{section*.156}{\376\377\000I\000n\000f\000r\000a\000s\000t\000r\000u\000k\000t\000u\000r\000\040\000u\000n\000d\000\040\000T\000e\000r\000r\000i\000t\000o\000r\000i\000u\000m}{section.12}% 168
\BOOKMARK [2][-]{section*.157}{\376\377\000K\000o\000n\000g\000o\000k\000o\000n\000f\000e\000r\000e\000n\000z\000\040\000i\000n\000\040\000B\000e\000r\000l\000i\000n\000\040\0001\0008\0008\0004}{section.12}% 169
\BOOKMARK [2][-]{section*.158}{\376\377\000I\000n\000f\000r\000a\000s\000t\000r\000u\000k\000t\000u\000r\000\040\000a\000l\000s\000\040\000i\000m\000p\000e\000r\000i\000a\000l\000e\000\040\000S\000t\000r\000a\000t\000e\000g\000i\000e}{section.12}% 170
\BOOKMARK [2][-]{section*.159}{\376\377\000P\000o\000s\000t\000k\000o\000l\000o\000n\000i\000a\000l\000e\000\040\000I\000n\000f\000r\000a\000s\000t\000r\000u\000k\000t\000u\000r}{section.12}% 171
\BOOKMARK [2][-]{section*.160}{\376\377\000N\000o\000r\000m\000a\000t\000i\000v\000i\000t\000\344\000t\000\040\000u\000n\000d\000\040\000A\000l\000l\000t\000a\000g}{section.12}% 172
\BOOKMARK [2][-]{section*.161}{\376\377\000I\000n\000f\000r\000a\000s\000t\000r\000u\000k\000t\000u\000r\000\040\000a\000l\000s\000\040\000m\000a\000t\000e\000r\000i\000a\000l\000i\000s\000i\000e\000r\000t\000e\000\040\000g\000e\000s\000e\000l\000l\000s\000c\000h\000a\000f\000t\000l\000i\000c\000h\000e\000\040\000O\000r\000d\000n\000u\000n\000g}{section.12}% 173
\BOOKMARK [2][-]{section*.162}{\376\377\000W\000o\000r\000a\000u\000f\000\040\000b\000a\000u\000t\000\040\000u\000n\000s\000e\000r\000e\000\040\000d\000i\000g\000i\000t\000a\000l\000e\000\040\000W\000e\000l\000t\000?}{section.12}% 174
\BOOKMARK [2][-]{section*.163}{\376\377\000V\000i\000r\000t\000u\000a\000l\000i\000t\000\344\000t\000\040\000u\000n\000d\000\040\000T\000e\000r\000r\000i\000t\000o\000r\000i\000u\000m}{section.12}% 175
\BOOKMARK [2][-]{section*.164}{\376\377\000Z\000e\000n\000t\000r\000a\000l\000e\000\040\000E\000r\000k\000e\000n\000n\000t\000n\000i\000s\000s\000e}{section.12}% 176
\BOOKMARK [1][-]{section.13}{\376\377\000L\000a\000n\000g\000z\000e\000i\000t\000w\000i\000r\000k\000u\000n\000g\000:\000\040\000D\000i\000e\000\040\000E\000r\000z\000\344\000h\000l\000u\000n\000g\000\040\000d\000e\000r\000\040\000D\000e\000-\000I\000n\000d\000u\000s\000t\000r\000i\000a\000l\000i\000s\000i\000e\000r\000u\000n\000g\000\040\000u\000n\000d\000\040\000d\000a\000s\000\040\000L\000e\000b\000e\000n\000\040\000i\000m\000\040\000A\000n\000t\000h\000r\000o\000p\000o\000z\000\344\000n}{}% 177
\BOOKMARK [2][-]{section*.165}{\376\377\000E\000i\000n\000f\000\374\000h\000r\000u\000n\000g\000:\000\040\000D\000e\000-\000I\000n\000d\000u\000s\000t\000r\000i\000a\000l\000i\000s\000i\000e\000r\000u\000n\000g\000\040\000u\000n\000d\000\040\000L\000a\000n\000g\000z\000e\000i\000t\000w\000i\000r\000k\000u\000n\000g\000e\000n}{section.13}% 178
\BOOKMARK [2][-]{section*.166}{\376\377\000\326\000l\000s\000c\000h\000i\000e\000f\000e\000r\000-\000A\000b\000b\000a\000u\000\040\000i\000m\000\040\000N\000o\000r\000d\000o\000s\000t\000e\000n\000\040\000E\000s\000t\000l\000a\000n\000d\000s}{section.13}% 179
\BOOKMARK [2][-]{section*.167}{\376\377\000I\000n\000d\000u\000s\000t\000r\000i\000a\000l\000i\000s\000i\000e\000r\000u\000n\000g\000,\000\040\000S\000o\000w\000j\000e\000t\000z\000e\000i\000t\000\040\000u\000n\000d\000\040\000s\000o\000z\000i\000a\000l\000e\000r\000\040\000U\000m\000b\000r\000u\000c\000h}{section.13}% 180
\BOOKMARK [2][-]{section*.168}{\376\377\000I\000n\000d\000u\000s\000t\000r\000i\000e\000\040\000a\000l\000s\000\040\000N\000a\000c\000h\000l\000e\000b\000e\000n}{section.13}% 181
\BOOKMARK [2][-]{section*.169}{\376\377\000D\000a\000s\000\040\000E\000n\000d\000e\000\040\000d\000e\000r\000\040\000I\000n\000d\000u\000s\000t\000r\000i\000e\000g\000e\000s\000e\000l\000l\000s\000c\000h\000a\000f\000t\000?}{section.13}% 182
\BOOKMARK [2][-]{section*.170}{\376\377\000D\000e\000-\000I\000n\000d\000u\000s\000t\000r\000i\000a\000l\000i\000s\000i\000e\000r\000u\000n\000g\000\040\000a\000l\000s\000\040\000E\000r\000z\000\344\000h\000l\000u\000n\000g}{section.13}% 183
\BOOKMARK [2][-]{section*.171}{\376\377\000D\000i\000e\000\040\000A\000n\000g\000e\000s\000t\000e\000l\000l\000t\000e\000n\000\040\000a\000l\000s\000\040\000P\000r\000o\000d\000u\000k\000t\000\040\000d\000e\000r\000\040\000I\000n\000d\000u\000s\000t\000r\000i\000a\000l\000i\000s\000i\000e\000r\000u\000n\000g}{section.13}% 184
\BOOKMARK [2][-]{section*.172}{\376\377\000T\000e\000c\000h\000n\000i\000s\000i\000e\000r\000u\000n\000g\000\040\000d\000e\000s\000\040\000B\000\374\000r\000o\000s}{section.13}% 185
\BOOKMARK [2][-]{section*.173}{\376\377\000I\000d\000e\000n\000t\000i\000t\000\344\000t\000\040\000u\000n\000d\000\040\000Z\000u\000g\000e\000h\000\366\000r\000i\000g\000k\000e\000i\000t\000\040\000d\000e\000r\000\040\000A\000n\000g\000e\000s\000t\000e\000l\000l\000t\000e\000n}{section.13}% 186
\BOOKMARK [2][-]{section*.174}{\376\377\000A\000n\000g\000e\000s\000t\000e\000l\000l\000t\000e\000\040\000u\000n\000d\000\040\000D\000e\000-\000I\000n\000d\000u\000s\000t\000r\000i\000a\000l\000i\000s\000i\000e\000r\000u\000n\000g}{section.13}% 187
\BOOKMARK [2][-]{section*.175}{\376\377\000A\000u\000t\000o\000m\000a\000t\000i\000s\000i\000e\000r\000u\000n\000g\000\040\000u\000n\000d\000\040\000C\000o\000m\000p\000u\000t\000e\000r\000i\000s\000i\000e\000r\000u\000n\000g}{section.13}% 188
\BOOKMARK [2][-]{section*.176}{\376\377\000G\000l\000o\000b\000a\000l\000i\000s\000i\000e\000r\000u\000n\000g\000\040\000u\000n\000d\000\040\000r\000\344\000u\000m\000l\000i\000c\000h\000e\000\040\000E\000n\000t\000k\000o\000p\000p\000l\000u\000n\000g}{section.13}% 189
\BOOKMARK [2][-]{section*.177}{\376\377\000D\000i\000e\000\040\000n\000e\000o\000l\000i\000b\000e\000r\000a\000l\000e\000\040\000W\000e\000n\000d\000e}{section.13}% 190
\BOOKMARK [2][-]{section*.178}{\376\377\000A\000u\000f\000l\000\366\000s\000u\000n\000g\000\040\000d\000e\000s\000\040\000N\000a\000c\000h\000k\000r\000i\000e\000g\000s\000a\000r\000r\000a\000n\000g\000e\000m\000e\000n\000t\000s}{section.13}% 191
\BOOKMARK [2][-]{section*.179}{\376\377\000B\000r\000i\000t\000i\000s\000c\000h\000e\000\040\000B\000e\000r\000g\000a\000r\000b\000e\000i\000t\000e\000r\000s\000t\000r\000e\000i\000k\000s\000\040\0001\0009\0008\0004\000/\0008\0005}{section.13}% 192
\BOOKMARK [2][-]{section*.180}{\376\377\000D\000e\000r\000\040\000B\000e\000r\000g\000a\000r\000b\000e\000i\000t\000e\000r\000s\000t\000r\000e\000i\000k\000\040\000a\000l\000s\000\040\000K\000a\000m\000p\000f\000\040\000u\000m\000\040\000L\000e\000b\000e\000n\000s\000f\000o\000r\000m\000e\000n}{section.13}% 193
\BOOKMARK [2][-]{section*.181}{\376\377\000L\000a\000n\000g\000z\000e\000i\000t\000f\000o\000l\000g\000e\000n\000\040\000d\000e\000r\000\040\000D\000e\000-\000I\000n\000d\000u\000s\000t\000r\000i\000a\000l\000i\000s\000i\000e\000r\000u\000n\000g}{section.13}% 194
\BOOKMARK [2][-]{section*.182}{\376\377\000M\000e\000h\000r\000\040\000a\000l\000s\000\040\000D\000e\000-\000I\000n\000d\000u\000s\000t\000r\000i\000a\000l\000i\000s\000i\000e\000r\000u\000n\000g}{section.13}% 195
\BOOKMARK [2][-]{section*.183}{\376\377\000W\000e\000n\000i\000g\000e\000r\000\040\000a\000l\000s\000\040\000D\000e\000-\000I\000n\000d\000u\000s\000t\000r\000i\000a\000l\000i\000s\000i\000e\000r\000u\000n\000g}{section.13}% 196
\BOOKMARK [2][-]{section*.184}{\376\377\000L\000e\000b\000e\000n\000\040\000i\000m\000\040\000A\000n\000t\000h\000r\000o\000p\000o\000z\000\344\000n}{section.13}% 197
\BOOKMARK [2][-]{section*.185}{\376\377\000L\000a\000n\000g\000z\000e\000i\000t\000w\000i\000r\000k\000u\000n\000g\000\040\000t\000e\000c\000h\000n\000i\000s\000c\000h\000e\000r\000\040\000S\000y\000s\000t\000e\000m\000e}{section.13}% 198
\BOOKMARK [2][-]{section*.186}{\376\377\000Z\000e\000n\000t\000r\000a\000l\000e\000\040\000E\000r\000k\000e\000n\000n\000t\000n\000i\000s\000s\000e}{section.13}% 199
\BOOKMARK [1][-]{section.14}{\376\377\000P\000r\000\374\000f\000u\000n\000g\000s\000v\000o\000r\000b\000e\000r\000e\000i\000t\000u\000n\000g\000:\000\040\000M\000u\000s\000t\000e\000r\000f\000r\000a\000g\000e\000n}{}% 200
\BOOKMARK [2][-]{section*.187}{\376\377\000F\000r\000a\000g\000e\000\040\0001\000:\000\040\000W\000a\000s\000\040\000s\000i\000n\000d\000\040\000Z\000\374\000n\000f\000t\000e\000?}{section.14}% 201
\BOOKMARK [2][-]{section*.188}{\376\377\000F\000r\000a\000g\000e\000\040\0002\000:\000\040\000W\000e\000s\000h\000a\000l\000b\000\040\000s\000c\000h\000e\000i\000t\000e\000r\000t\000e\000\040\000F\000o\000r\000d\000s\000\040\000K\000a\000u\000t\000s\000c\000h\000u\000k\000p\000r\000o\000j\000e\000k\000t\000\040\000i\000m\000\040\000A\000m\000a\000z\000o\000n\000a\000s\000?}{section.14}% 202
\BOOKMARK [2][-]{section*.189}{\376\377\000F\000r\000a\000g\000e\000\040\0003\000:\000\040\000W\000a\000r\000u\000m\000\040\000w\000u\000r\000d\000e\000\040\000U\000m\000w\000e\000l\000t\000\040\000i\000n\000\040\000d\000e\000n\000\040\0001\0009\0007\0000\000e\000r\000\040\000J\000a\000h\000r\000e\000n\000\040\000z\000u\000m\000\040\000P\000o\000l\000i\000t\000i\000k\000u\000m\000?}{section.14}% 203
\BOOKMARK [2][-]{section*.190}{\376\377\000F\000r\000a\000g\000e\000\040\0004\000:\000\040\000Q\000u\000e\000l\000l\000e\000n\000k\000r\000i\000t\000i\000k\000\040\000z\000u\000r\000\040\000F\000r\000a\000n\000k\000f\000u\000r\000t\000e\000r\000\040\000K\000\374\000c\000h\000e}{section.14}% 204
\BOOKMARK [2][-]{section*.191}{\376\377\000Z\000e\000n\000t\000r\000a\000l\000e\000\040\000E\000r\000k\000e\000n\000n\000t\000n\000i\000s\000s\000e}{section.14}% 205
