\BOOKMARK [1][-]{section.1}{\376\377\000D\000i\000g\000i\000t\000a\000l\000\040\000F\000i\000l\000t\000e\000r\000\040\000R\000e\000a\000l\000i\000z\000a\000t\000i\000o\000n\000s\000\040\000\050\000C\000h\000a\000p\000t\000e\000r\000\040\0007\000\051}{}% 1
\BOOKMARK [2][-]{section*.1}{\376\377\000E\000q\000u\000i\000v\000a\000l\000e\000n\000t\000\040\000D\000e\000s\000c\000r\000i\000p\000t\000i\000o\000n\000s\000\040\000o\000f\000\040\000D\000i\000g\000i\000t\000a\000l\000\040\000F\000i\000l\000t\000e\000r\000s}{section.1}% 2
\BOOKMARK [2][-]{section*.2}{\376\377\000T\000r\000a\000n\000s\000f\000e\000r\000\040\000F\000u\000n\000c\000t\000i\000o\000n}{section.1}% 3
\BOOKMARK [2][-]{section*.3}{\376\377\000H\000e\000r\000l\000e\000i\000t\000u\000n\000g\000\040\000d\000e\000r\000\040\000I\000/\000O\000-\000D\000i\000f\000f\000e\000r\000e\000n\000z\000g\000l\000e\000i\000c\000h\000u\000n\000g}{section.1}% 4
\BOOKMARK [2][-]{section*.4}{\376\377\000I\000m\000p\000u\000l\000s\000a\000n\000t\000w\000o\000r\000t}{section.1}% 5
\BOOKMARK [2][-]{section*.6}{\376\377\000D\000i\000r\000e\000c\000t\000\040\000F\000o\000r\000m\000\040\000I}{section.1}% 6
\BOOKMARK [2][-]{section*.7}{\376\377\000D\000i\000r\000e\000c\000t\000\040\000F\000o\000r\000m\000\040\000I\000I\000\040\000\050\000C\000a\000n\000o\000n\000i\000c\000a\000l\000\040\000F\000o\000r\000m\000\051}{section.1}% 7
\BOOKMARK [2][-]{section*.8}{\376\377\000T\000r\000a\000n\000s\000p\000o\000s\000e\000d\000\040\000F\000o\000r\000m}{section.1}% 8
\BOOKMARK [2][-]{section*.9}{\376\377\000P\000a\000r\000a\000l\000l\000e\000l\000\040\000F\000o\000r\000m}{section.1}% 9
\BOOKMARK [2][-]{section*.10}{\376\377\000C\000a\000s\000c\000a\000d\000e\000\040\000F\000o\000r\000m\000\040\000\050\000S\000e\000c\000o\000n\000d\000\040\000O\000r\000d\000e\000r\000\040\000S\000e\000c\000t\000i\000o\000n\000s\000\051}{section.1}% 10
\BOOKMARK [2][-]{section*.11}{\376\377\000D\000C\000-\000G\000a\000i\000n}{section.1}% 11
\BOOKMARK [2][-]{section*.12}{\376\377\000H\000a\000r\000d\000w\000a\000r\000e\000\040\000R\000e\000a\000l\000i\000z\000a\000t\000i\000o\000n\000\040\000a\000n\000d\000\040\000C\000i\000r\000c\000u\000l\000a\000r\000\040\000B\000u\000f\000f\000e\000r\000s}{section.1}% 12
\BOOKMARK [2][-]{section*.13}{\376\377\000Q\000u\000a\000n\000t\000i\000z\000a\000t\000i\000o\000n\000\040\000E\000f\000f\000e\000c\000t\000s}{section.1}% 13
\BOOKMARK [1][-]{section.2}{\376\377\000D\000i\000g\000i\000t\000a\000l\000\040\000W\000a\000v\000e\000f\000o\000r\000m\000\040\000G\000e\000n\000e\000r\000a\000t\000o\000r\000s\000\040\000\050\000C\000h\000a\000p\000t\000e\000r\000\040\0008\000.\0001\000\051}{}% 14
\BOOKMARK [2][-]{section*.14}{\376\377\000G\000r\000u\000n\000d\000i\000d\000e\000e\000\040\000d\000i\000g\000i\000t\000a\000l\000e\000r\000\040\000W\000e\000l\000l\000e\000n\000f\000o\000r\000m\000g\000e\000n\000e\000r\000a\000t\000o\000r\000e\000n}{section.2}% 15
\BOOKMARK [2][-]{section*.15}{\376\377\000S\000i\000n\000u\000s\000g\000e\000n\000e\000r\000a\000t\000o\000r\000\040\000m\000i\000t\000t\000e\000l\000s\000\040\000P\000o\000l\000s\000t\000e\000l\000l\000e\000n\000\040\000a\000u\000f\000\040\000d\000e\000m\000\040\000E\000i\000n\000h\000e\000i\000t\000s\000k\000r\000e\000i\000s}{section.2}% 16
\BOOKMARK [2][-]{section*.16}{\376\377\000K\000o\000s\000i\000n\000u\000s\000g\000e\000n\000e\000r\000a\000t\000o\000r}{section.2}% 17
\BOOKMARK [2][-]{section*.17}{\376\377\000G\000e\000k\000o\000p\000p\000e\000l\000t\000e\000\040\000R\000e\000a\000l\000i\000s\000i\000e\000r\000u\000n\000g\000\040\000\050\000C\000o\000u\000p\000l\000e\000d\000\040\000F\000o\000r\000m\000\051}{section.2}% 18
\BOOKMARK [2][-]{section*.18}{\376\377\000P\000o\000l\000s\000t\000e\000l\000l\000e\000n\000b\000e\000t\000r\000a\000c\000h\000t\000u\000n\000g}{section.2}% 19
\BOOKMARK [2][-]{section*.19}{\376\377\000P\000e\000r\000i\000o\000d\000i\000s\000c\000h\000e\000\040\000W\000e\000l\000l\000e\000n\000f\000o\000r\000m\000g\000e\000n\000e\000r\000a\000t\000o\000r\000e\000n}{section.2}% 20
\BOOKMARK [2][-]{section*.20}{\376\377\000F\000i\000l\000t\000e\000r\000b\000a\000s\000i\000e\000r\000t\000e\000\040\000P\000e\000r\000i\000o\000d\000e\000n\000e\000r\000z\000e\000u\000g\000u\000n\000g}{section.2}% 21
\BOOKMARK [2][-]{section*.21}{\376\377\000D\000i\000r\000e\000c\000t\000\040\000v\000s\000\040\000C\000a\000n\000o\000n\000i\000c\000a\000l\000\040\000F\000o\000r\000m}{section.2}% 22
\BOOKMARK [2][-]{section*.22}{\376\377\000P\000o\000l\000s\000t\000e\000l\000l\000e\000n\000\040\000p\000e\000r\000i\000o\000d\000i\000s\000c\000h\000e\000r\000\040\000G\000e\000n\000e\000r\000a\000t\000o\000r\000e\000n}{section.2}% 23
\BOOKMARK [2][-]{section*.23}{\376\377\000W\000a\000v\000e\000t\000a\000b\000l\000e\000\040\000G\000e\000n\000e\000r\000a\000t\000o\000r}{section.2}% 24
\BOOKMARK [2][-]{section*.25}{\376\377\000N\000y\000q\000u\000i\000s\000t\000-\000B\000e\000d\000i\000n\000g\000u\000n\000g}{section.2}% 25
\BOOKMARK [2][-]{section*.26}{\376\377\000V\000e\000r\000g\000l\000e\000i\000c\000h\000\040\000F\000i\000l\000t\000e\000r\000\040\000v\000s\000\040\000W\000a\000v\000e\000t\000a\000b\000l\000e}{section.2}% 26
\BOOKMARK [2][-]{section*.27}{\376\377\000D\000T\000M\000F\000\040\000a\000l\000s\000\040\000A\000n\000w\000e\000n\000d\000u\000n\000g}{section.2}% 27
\BOOKMARK [2][-]{section*.28}{\376\377\000Z\000e\000n\000t\000r\000a\000l\000e\000\040\000E\000r\000k\000e\000n\000n\000t\000n\000i\000s\000s\000e}{section.2}% 28
